Archive member included because of file (symbol)

/opt/Freescale/KDS_v3/toolchain/bin/../lib/gcc/arm-none-eabi/4.8.4/armv6-m/libgcc.a(_udivsi3.o)
                              ./SDK/platform/utilities/src/print_scan.o (__aeabi_uidiv)
/opt/Freescale/KDS_v3/toolchain/bin/../lib/gcc/arm-none-eabi/4.8.4/armv6-m/libgcc.a(_divsi3.o)
                              ./SDK/platform/utilities/src/print_scan.o (__aeabi_idiv)
/opt/Freescale/KDS_v3/toolchain/bin/../lib/gcc/arm-none-eabi/4.8.4/armv6-m/libgcc.a(_dvmd_tls.o)
                              /opt/Freescale/KDS_v3/toolchain/bin/../lib/gcc/arm-none-eabi/4.8.4/armv6-m/libgcc.a(_udivsi3.o) (__aeabi_idiv0)
/opt/Freescale/KDS_v3/toolchain/bin/../lib/gcc/arm-none-eabi/4.8.4/armv6-m/libgcc.a(_aeabi_uldivmod.o)
                              ./Generated_Code/osa1.o (__aeabi_uldivmod)
/opt/Freescale/KDS_v3/toolchain/bin/../lib/gcc/arm-none-eabi/4.8.4/armv6-m/libgcc.a(_muldi3.o)
                              ./Generated_Code/osa1.o (__aeabi_lmul)
/opt/Freescale/KDS_v3/toolchain/bin/../lib/gcc/arm-none-eabi/4.8.4/armv6-m/libgcc.a(bpabi.o)
                              /opt/Freescale/KDS_v3/toolchain/bin/../lib/gcc/arm-none-eabi/4.8.4/armv6-m/libgcc.a(_aeabi_uldivmod.o) (__gnu_uldivmod_helper)
/opt/Freescale/KDS_v3/toolchain/bin/../lib/gcc/arm-none-eabi/4.8.4/armv6-m/libgcc.a(_divdi3.o)
                              /opt/Freescale/KDS_v3/toolchain/bin/../lib/gcc/arm-none-eabi/4.8.4/armv6-m/libgcc.a(bpabi.o) (__divdi3)
/opt/Freescale/KDS_v3/toolchain/bin/../lib/gcc/arm-none-eabi/4.8.4/armv6-m/libgcc.a(_udivdi3.o)
                              /opt/Freescale/KDS_v3/toolchain/bin/../lib/gcc/arm-none-eabi/4.8.4/armv6-m/libgcc.a(bpabi.o) (__udivdi3)
/opt/Freescale/KDS_v3/toolchain/bin/../lib/gcc/arm-none-eabi/4.8.4/armv6-m/libgcc.a(_clzsi2.o)
                              /opt/Freescale/KDS_v3/toolchain/bin/../lib/gcc/arm-none-eabi/4.8.4/armv6-m/libgcc.a(_divdi3.o) (__clzsi2)
/opt/Freescale/KDS_v3/toolchain/bin/../lib/gcc/arm-none-eabi/4.8.4/../../../../arm-none-eabi/lib/armv6-m/libg_s.a(lib_a-assert.o)
                              ./SDK/platform/system/src/interrupt/fsl_interrupt_manager.o (__assert_func)
/opt/Freescale/KDS_v3/toolchain/bin/../lib/gcc/arm-none-eabi/4.8.4/../../../../arm-none-eabi/lib/armv6-m/libg_s.a(lib_a-calloc.o)
                              ./SDK/platform/osa/src/fsl_os_abstraction_bm.o (calloc)
/opt/Freescale/KDS_v3/toolchain/bin/../lib/gcc/arm-none-eabi/4.8.4/../../../../arm-none-eabi/lib/armv6-m/libg_s.a(lib_a-errno.o)
                              ./SDK/platform/utilities/src/fsl_misc_utilities.o (__errno)
/opt/Freescale/KDS_v3/toolchain/bin/../lib/gcc/arm-none-eabi/4.8.4/../../../../arm-none-eabi/lib/armv6-m/libg_s.a(lib_a-exit.o)
                              /opt/Freescale/KDS_v3/toolchain/bin/../lib/gcc/arm-none-eabi/4.8.4/../../../../arm-none-eabi/lib/armv6-m/crt0.o (exit)
/opt/Freescale/KDS_v3/toolchain/bin/../lib/gcc/arm-none-eabi/4.8.4/../../../../arm-none-eabi/lib/armv6-m/libg_s.a(lib_a-fprintf.o)
                              /opt/Freescale/KDS_v3/toolchain/bin/../lib/gcc/arm-none-eabi/4.8.4/../../../../arm-none-eabi/lib/armv6-m/libg_s.a(lib_a-assert.o) (fiprintf)
/opt/Freescale/KDS_v3/toolchain/bin/../lib/gcc/arm-none-eabi/4.8.4/../../../../arm-none-eabi/lib/armv6-m/libg_s.a(lib_a-impure.o)
                              /opt/Freescale/KDS_v3/toolchain/bin/../lib/gcc/arm-none-eabi/4.8.4/../../../../arm-none-eabi/lib/armv6-m/libg_s.a(lib_a-exit.o) (_global_impure_ptr)
/opt/Freescale/KDS_v3/toolchain/bin/../lib/gcc/arm-none-eabi/4.8.4/../../../../arm-none-eabi/lib/armv6-m/libg_s.a(lib_a-init.o)
                              /opt/Freescale/KDS_v3/toolchain/bin/../lib/gcc/arm-none-eabi/4.8.4/../../../../arm-none-eabi/lib/armv6-m/crt0.o (__libc_init_array)
/opt/Freescale/KDS_v3/toolchain/bin/../lib/gcc/arm-none-eabi/4.8.4/../../../../arm-none-eabi/lib/armv6-m/libg_s.a(lib_a-malloc.o)
                              ./SDK/platform/osa/src/fsl_os_abstraction_bm.o (malloc)
/opt/Freescale/KDS_v3/toolchain/bin/../lib/gcc/arm-none-eabi/4.8.4/../../../../arm-none-eabi/lib/armv6-m/libg_s.a(lib_a-memset.o)
                              /opt/Freescale/KDS_v3/toolchain/bin/../lib/gcc/arm-none-eabi/4.8.4/../../../../arm-none-eabi/lib/armv6-m/crt0.o (memset)
/opt/Freescale/KDS_v3/toolchain/bin/../lib/gcc/arm-none-eabi/4.8.4/../../../../arm-none-eabi/lib/armv6-m/libg_s.a(lib_a-nano-callocr.o)
                              /opt/Freescale/KDS_v3/toolchain/bin/../lib/gcc/arm-none-eabi/4.8.4/../../../../arm-none-eabi/lib/armv6-m/libg_s.a(lib_a-calloc.o) (_calloc_r)
/opt/Freescale/KDS_v3/toolchain/bin/../lib/gcc/arm-none-eabi/4.8.4/../../../../arm-none-eabi/lib/armv6-m/libg_s.a(lib_a-nano-freer.o)
                              /opt/Freescale/KDS_v3/toolchain/bin/../lib/gcc/arm-none-eabi/4.8.4/../../../../arm-none-eabi/lib/armv6-m/libg_s.a(lib_a-malloc.o) (_free_r)
[...]
Memory Configuration

Name             Origin             Length             Attributes
m_interrupts     0x00000000         0x00000200         xr
m_flash_config   0x00000400         0x00000010         xr
m_interrupts_ram 0x1fffe000         0x00000200         rw
m_text           0x00000410         0x0003fbf0         xr
m_data           0x1fffe200         0x00007e00         rw
*default*        0x00000000         0xffffffff

Linker script and memory map

LOAD /opt/Freescale/KDS_v3/toolchain/bin/../lib/gcc/arm-none-eabi/4.8.4/armv6-m/crti.o
LOAD /opt/Freescale/KDS_v3/toolchain/bin/../lib/gcc/arm-none-eabi/4.8.4/armv6-m/crtbegin.o
LOAD /opt/Freescale/KDS_v3/toolchain/bin/../lib/gcc/arm-none-eabi/4.8.4/../../../../arm-none-eabi/lib/armv6-m/crt0.o
LOAD ./Static_Code/System/PE_low_level_init.o
LOAD ./Sources/Events.o
LOAD ./Sources/main.o
LOAD ./SDK/platform/utilities/src/fsl_debug_console.o
LOAD ./SDK/platform/utilities/src/fsl_misc_utilities.o
LOAD ./SDK/platform/utilities/src/print_scan.o
LOAD ./SDK/platform/system/src/interrupt/fsl_interrupt_manager.o
LOAD ./SDK/platform/system/src/clock/MKL43Z4/fsl_clock_MKL43Z4.o
LOAD ./SDK/platform/system/src/clock/fsl_clock_manager.o
LOAD ./SDK/platform/system/src/clock/fsl_clock_manager_common.o
LOAD ./SDK/platform/osa/src/fsl_os_abstraction_bm.o
LOAD ./SDK/platform/hal/src/uart/fsl_uart_hal.o
LOAD ./SDK/platform/hal/src/sim/MKL43Z4/fsl_sim_hal_MKL43Z4.o
LOAD ./SDK/platform/hal/src/rtc/fsl_rtc_hal.o
LOAD ./SDK/platform/hal/src/port/fsl_port_hal.o
LOAD ./SDK/platform/hal/src/osc/fsl_osc_hal.o
LOAD ./SDK/platform/hal/src/mcglite/fsl_mcglite_hal.o
LOAD ./SDK/platform/hal/src/mcglite/fsl_mcglite_hal_modes.o
LOAD ./SDK/platform/hal/src/lpuart/fsl_lpuart_hal.o
LOAD ./SDK/platform/drivers/src/uart/fsl_uart_common.o
LOAD ./SDK/platform/drivers/src/uart/fsl_uart_driver.o
LOAD ./SDK/platform/drivers/src/rtc/fsl_rtc_common.o
LOAD ./SDK/platform/devices/MKL43Z4/startup/gcc/startup_MKL43Z4.o
LOAD ./SDK/platform/devices/MKL43Z4/startup/system_MKL43Z4.o
LOAD ./SDK/platform/devices/startup.o
LOAD ./Generated_Code/Cpu.o
LOAD ./Generated_Code/clockMan1.o
LOAD ./Generated_Code/hardware_init.o
LOAD ./Generated_Code/osa1.o
LOAD ./Generated_Code/pin_init.o
LOAD ./Generated_Code/uartCom1.o
LOAD /opt/Freescale/KDS_v3/toolchain/bin/../lib/gcc/arm-none-eabi/4.8.4/../../../../arm-none-eabi/lib/armv6-m/libstdc++_s.a
LOAD /opt/Freescale/KDS_v3/toolchain/bin/../lib/gcc/arm-none-eabi/4.8.4/../../../../arm-none-eabi/lib/armv6-m/libm.a
START GROUP
LOAD /opt/Freescale/KDS_v3/toolchain/bin/../lib/gcc/arm-none-eabi/4.8.4/armv6-m/libgcc.a
LOAD /opt/Freescale/KDS_v3/toolchain/bin/../lib/gcc/arm-none-eabi/4.8.4/../../../../arm-none-eabi/lib/armv6-m/libg_s.a
LOAD /opt/Freescale/KDS_v3/toolchain/bin/../lib/gcc/arm-none-eabi/4.8.4/../../../../arm-none-eabi/lib/armv6-m/libc_s.a
END GROUP
START GROUP
LOAD /opt/Freescale/KDS_v3/toolchain/bin/../lib/gcc/arm-none-eabi/4.8.4/armv6-m/libgcc.a
LOAD /opt/Freescale/KDS_v3/toolchain/bin/../lib/gcc/arm-none-eabi/4.8.4/../../../../arm-none-eabi/lib/armv6-m/libc_s.a
LOAD /opt/Freescale/KDS_v3/toolchain/bin/../lib/gcc/arm-none-eabi/4.8.4/../../../../arm-none-eabi/lib/armv6-m/libnosys.a
END GROUP
START GROUP
LOAD /opt/Freescale/KDS_v3/toolchain/bin/../lib/gcc/arm-none-eabi/4.8.4/armv6-m/libgcc.a
LOAD /opt/Freescale/KDS_v3/toolchain/bin/../lib/gcc/arm-none-eabi/4.8.4/../../../../arm-none-eabi/lib/armv6-m/libc_s.a
LOAD /opt/Freescale/KDS_v3/toolchain/bin/../lib/gcc/arm-none-eabi/4.8.4/../../../../arm-none-eabi/lib/armv6-m/libnosys.a
END GROUP
LOAD /opt/Freescale/KDS_v3/toolchain/bin/../lib/gcc/arm-none-eabi/4.8.4/armv6-m/crtend.o
LOAD /opt/Freescale/KDS_v3/toolchain/bin/../lib/gcc/arm-none-eabi/4.8.4/armv6-m/crtn.o
                0x00000000                HEAP_SIZE = DEFINED (__heap_size__)?__heap_size__:0x0
                0x00000400                STACK_SIZE = DEFINED (__stack_size__)?__stack_size__:0x400

.interrupts     0x00000000       0xc0
                0x00000000                __VECTOR_TABLE = .
                0x00000000                . = ALIGN (0x4)
 *(.isr_vector)
 .isr_vector    0x00000000       0xc0 ./SDK/platform/devices/MKL43Z4/startup/gcc/startup_MKL43Z4.o
                0x00000000                __isr_vector
                0x000000c0                . = ALIGN (0x4)
                0x1fffe000                __VECTOR_RAM = ORIGIN (m_interrupts_ram)

.flash_config   0x00000400       0x10
                0x00000400                . = ALIGN (0x4)
 *(.FlashConfig)
 .FlashConfig   0x00000400       0x10 ./SDK/platform/devices/MKL43Z4/startup/gcc/startup_MKL43Z4.o
                0x00000410                . = ALIGN (0x4)

.text           0x00000410     0x36dc
                0x00000410                . = ALIGN (0x4)
 *(.text)
 .text          0x00000410       0x60 /opt/Freescale/KDS_v3/toolchain/bin/../lib/gcc/arm-none-eabi/4.8.4/armv6-m/crtbegin.o
 .text          0x00000470       0x78 /opt/Freescale/KDS_v3/toolchain/bin/../lib/gcc/arm-none-eabi/4.8.4/../../../../arm-none-eabi/lib/armv6-m/crt0.o
                0x00000470                _mainCRTStartup
                0x00000470                _start
 .text          0x000004e8       0x18 ./SDK/platform/devices/MKL43Z4/startup/gcc/startup_MKL43Z4.o
                0x000004e8                Reset_Handler
                0x000004f8                I2C0_IRQHandler
                0x000004f8                HardFault_Handler
                0x000004f8                PendSV_Handler
                0x000004f8                NMI_Handler
                0x000004f8                I2C1_IRQHandler
                0x000004f8                DMA2_IRQHandler
                0x000004f8                TPM0_IRQHandler
                0x000004f8                I2S0_IRQHandler
                0x000004f8                LLWU_IRQHandler
                0x000004f8                Reserved42_IRQHandler
                0x000004f8                ADC0_IRQHandler
                0x000004f8                SPI1_IRQHandler
                0x000004f8                DefaultISR
                0x000004f8                TPM2_IRQHandler
                0x000004f8                Reserved43_IRQHandler
                0x000004f8                RTC_IRQHandler
                0x000004f8                LCD_IRQHandler
                0x000004f8                RTC_Seconds_IRQHandler
                0x000004f8                Reserved20_IRQHandler
                0x000004f8                USB0_IRQHandler
                0x000004f8                PORTCD_IRQHandler
                0x000004f8                PIT_IRQHandler
                0x000004f8                SVC_Handler
                0x000004f8                DMA3_IRQHandler
                0x000004f8                DMA0_IRQHandler
                0x000004f8                LPUART0_IRQHandler
                0x000004f8                DAC0_IRQHandler
                0x000004f8                LPUART1_IRQHandler
                0x000004f8                PMC_IRQHandler
                0x000004f8                TPM1_IRQHandler
                0x000004f8                SPI0_IRQHandler
                0x000004f8                PORTA_IRQHandler
                0x000004f8                FTFA_IRQHandler
                0x000004f8                LPTMR0_IRQHandler
                0x000004f8                CMP0_IRQHandler
                0x000004f8                DMA1_IRQHandler
 .text          0x00000500       0x9c /opt/Freescale/KDS_v3/toolchain/bin/../lib/gcc/arm-none-eabi/4.8.4/armv6-m/libgcc.a(_udivsi3.o)
                0x00000500                __udivsi3
                0x00000500                __aeabi_uidiv
                0x00000588                __aeabi_uidivmod
 .text          0x0000059c        0x4 /opt/Freescale/KDS_v3/toolchain/bin/../lib/gcc/arm-none-eabi/4.8.4/armv6-m/libgcc.a(_dvmd_tls.o)
                0x0000059c                __aeabi_ldiv0
                0x0000059c                __aeabi_idiv0
 .text          0x000005a0       0x40 /opt/Freescale/KDS_v3/toolchain/bin/../lib/gcc/arm-none-eabi/4.8.4/armv6-m/libgcc.a(_aeabi_uldivmod.o)
                0x000005a0                __aeabi_uldivmod
 .text          0x000005e0       0x44 /opt/Freescale/KDS_v3/toolchain/bin/../lib/gcc/arm-none-eabi/4.8.4/armv6-m/libgcc.a(_muldi3.o)
                0x000005e0                __aeabi_lmul
                0x000005e0                __muldi3
 .text          0x00000624       0x6c /opt/Freescale/KDS_v3/toolchain/bin/../lib/gcc/arm-none-eabi/4.8.4/armv6-m/libgcc.a(bpabi.o)
                0x00000624                __gnu_ldivmod_helper
                0x0000065c                __gnu_uldivmod_helper
 .text          0x00000690      0x3b8 /opt/Freescale/KDS_v3/toolchain/bin/../lib/gcc/arm-none-eabi/4.8.4/armv6-m/libgcc.a(_divdi3.o)
                0x00000690                __divdi3
 .text          0x00000a48      0x384 /opt/Freescale/KDS_v3/toolchain/bin/../lib/gcc/arm-none-eabi/4.8.4/armv6-m/libgcc.a(_udivdi3.o)
                0x00000a48                __udivdi3
 .text          0x00000dcc       0x3c /opt/Freescale/KDS_v3/toolchain/bin/../lib/gcc/arm-none-eabi/4.8.4/armv6-m/libgcc.a(_clzsi2.o)
                0x00000dcc                __clzsi2
 *(.text*)
 .text.PEX_components_init
                0x00000e08        0xc ./Static_Code/System/PE_low_level_init.o
                0x00000e08                PEX_components_init
 .text.PE_low_level_init
                0x00000e14       0x14 ./Static_Code/System/PE_low_level_init.o
                0x00000e14                PE_low_level_init
 .text.uartCom1_RxCallback
                0x00000e28       0x10 ./Sources/Events.o
                0x00000e28                uartCom1_RxCallback
 .text.uartCom1_TxCallback
                0x00000e38       0x10 ./Sources/Events.o
                0x00000e38                uartCom1_TxCallback
 .text.main     0x00000e48       0xb8 ./Sources/main.o
                0x00000e48                main
 .text._write   0x00000f00       0x5c ./SDK/platform/utilities/src/fsl_debug_console.o
                0x00000f00                _write
 .text._read    0x00000f5c       0x48 ./SDK/platform/utilities/src/fsl_debug_console.o
                0x00000f5c                _read
 .text._sbrk    0x00000fa4       0x5c ./SDK/platform/utilities/src/fsl_misc_utilities.o
                0x00000fa4                _sbrk
 .text.INT_SYS_EnableIRQGlobal
                0x00001000       0x2c ./SDK/platform/system/src/interrupt/fsl_interrupt_manager.o
                0x00001000                INT_SYS_EnableIRQGlobal
 .text.INT_SYS_DisableIRQGlobal
                0x0000102c       0x18 ./SDK/platform/system/src/interrupt/fsl_interrupt_manager.o
                0x0000102c                INT_SYS_DisableIRQGlobal
 .text.CLOCK_HAL_GetOutDiv1
                0x00001044       0x28 ./SDK/platform/system/src/clock/MKL43Z4/fsl_clock_MKL43Z4.o
 .text.CLOCK_HAL_GetOutDiv4
                0x0000106c       0x28 ./SDK/platform/system/src/clock/MKL43Z4/fsl_clock_MKL43Z4.o
 .text.CLOCK_SYS_GetCoreClockFreq
                0x00001094       0x34 ./SDK/platform/system/src/clock/MKL43Z4/fsl_clock_MKL43Z4.o
                0x00001094                CLOCK_SYS_GetCoreClockFreq
 .text.CLOCK_SYS_GetSystemClockFreq
                0x000010c8       0x34 ./SDK/platform/system/src/clock/MKL43Z4/fsl_clock_MKL43Z4.o
                0x000010c8                CLOCK_SYS_GetSystemClockFreq
 .text.CLOCK_SYS_GetBusClockFreq
                0x000010fc       0x2c ./SDK/platform/system/src/clock/MKL43Z4/fsl_clock_MKL43Z4.o
                0x000010fc                CLOCK_SYS_GetBusClockFreq
 .text.CLOCK_SYS_GetSystickFreq
                0x00001128       0x28 ./SDK/platform/system/src/clock/fsl_clock_manager.o
                0x00001128                CLOCK_SYS_GetSystickFreq
 .text.OSA_SemaCreate
                0x00001150       0x54 ./SDK/platform/osa/src/fsl_os_abstraction_bm.o
                0x00001150                OSA_SemaCreate
 .text.OSA_SemaWait
                0x000011a4       0xc8 ./SDK/platform/osa/src/fsl_os_abstraction_bm.o
                0x000011a4                OSA_SemaWait
 .text.OSA_SemaPost
                0x0000126c       0x58 ./SDK/platform/osa/src/fsl_os_abstraction_bm.o
                0x0000126c                OSA_SemaPost
 .text.task_init
                0x000012c4       0x60 ./SDK/platform/osa/src/fsl_os_abstraction_bm.o
                0x000012c4                task_init
 .text.OSA_Init
                0x00001324       0x14 ./SDK/platform/osa/src/fsl_os_abstraction_bm.o
                0x00001324                OSA_Init
 .text.UART_HAL_Init
                0x00001338       0x44 ./SDK/platform/hal/src/uart/fsl_uart_hal.o
                0x00001338                UART_HAL_Init
 .text.UART_HAL_SetBaudRate
                0x0000137c       0xac ./SDK/platform/hal/src/uart/fsl_uart_hal.o
                0x0000137c                UART_HAL_SetBaudRate
 .text.UART_HAL_SetParityMode
                0x00001428       0x40 ./SDK/platform/hal/src/uart/fsl_uart_hal.o
                0x00001428                UART_HAL_SetParityMode
 .text.UART_HAL_Putchar
                0x00001468       0x34 ./SDK/platform/hal/src/uart/fsl_uart_hal.o
                0x00001468                UART_HAL_Putchar
 .text.UART_HAL_Getchar
                0x0000149c       0x34 ./SDK/platform/hal/src/uart/fsl_uart_hal.o
                0x0000149c                UART_HAL_Getchar
 .text.UART_HAL_SetIntMode
                0x000014d0       0xd4 ./SDK/platform/hal/src/uart/fsl_uart_hal.o
                0x000014d0                UART_HAL_SetIntMode
 .text.UART_HAL_GetStatusFlag
                0x000015a4       0x8c ./SDK/platform/hal/src/uart/fsl_uart_hal.o
                0x000015a4                UART_HAL_GetStatusFlag
 .text.UART_HAL_ClearStatusFlag
                0x00001630       0x88 ./SDK/platform/hal/src/uart/fsl_uart_hal.o
                0x00001630                UART_HAL_ClearStatusFlag
 .text.CLOCK_HAL_GetClkSrcStat
                0x000016b8       0x20 ./SDK/platform/hal/src/mcglite/fsl_mcglite_hal.o
 .text.CLOCK_HAL_GetLircClk
                0x000016d8       0x54 ./SDK/platform/hal/src/mcglite/fsl_mcglite_hal.o
                0x000016d8                CLOCK_HAL_GetLircClk
 .text.CLOCK_HAL_GetOutClk
                0x0000172c       0x74 ./SDK/platform/hal/src/mcglite/fsl_mcglite_hal.o
                0x0000172c                CLOCK_HAL_GetOutClk
 .text.NVIC_EnableIRQ
                0x000017a0       0x2c ./SDK/platform/drivers/src/uart/fsl_uart_driver.o
 .text.UART_HAL_EnableTransmitter
                0x000017cc       0x1c ./SDK/platform/drivers/src/uart/fsl_uart_driver.o
 .text.UART_HAL_EnableReceiver
                0x000017e8       0x1c ./SDK/platform/drivers/src/uart/fsl_uart_driver.o
 .text.UART_HAL_SetBitCountPerChar
                0x00001804       0x28 ./SDK/platform/drivers/src/uart/fsl_uart_driver.o
 .text.SIM_HAL_EnableClock
                0x0000182c       0x58 ./SDK/platform/drivers/src/uart/fsl_uart_driver.o
 .text.CLOCK_SYS_GetUartFreq
                0x00001884       0x18 ./SDK/platform/drivers/src/uart/fsl_uart_driver.o
 .text.CLOCK_SYS_EnableUartClock
                0x0000189c       0x1c ./SDK/platform/drivers/src/uart/fsl_uart_driver.o
 .text.INT_SYS_EnableIRQ
                0x000018b8       0x5c ./SDK/platform/drivers/src/uart/fsl_uart_driver.o
 .text.UART_DRV_Init
                0x00001914      0x138 ./SDK/platform/drivers/src/uart/fsl_uart_driver.o
                0x00001914                UART_DRV_Init
 .text.UART_DRV_InstallRxCallback
                0x00001a4c       0x88 ./SDK/platform/drivers/src/uart/fsl_uart_driver.o
                0x00001a4c                UART_DRV_InstallRxCallback
 .text.UART_DRV_InstallTxCallback
                0x00001ad4       0x60 ./SDK/platform/drivers/src/uart/fsl_uart_driver.o
                0x00001ad4                UART_DRV_InstallTxCallback
 .text.UART_DRV_SendDataBlocking
                0x00001b34       0xec ./SDK/platform/drivers/src/uart/fsl_uart_driver.o
                0x00001b34                UART_DRV_SendDataBlocking
 .text.UART_DRV_ReceiveDataBlocking
                0x00001c20       0xfc ./SDK/platform/drivers/src/uart/fsl_uart_driver.o
                0x00001c20                UART_DRV_ReceiveDataBlocking
 .text.UART_DRV_IRQHandler
                0x00001d1c      0x16c ./SDK/platform/drivers/src/uart/fsl_uart_driver.o
                0x00001d1c                UART_DRV_IRQHandler
 .text.UART_DRV_CompleteSendData
                0x00001e88       0x74 ./SDK/platform/drivers/src/uart/fsl_uart_driver.o
 .text.UART_DRV_StartSendData
                0x00001efc       0x8c ./SDK/platform/drivers/src/uart/fsl_uart_driver.o
 .text.UART_DRV_CompleteReceiveData
                0x00001f88       0x88 ./SDK/platform/drivers/src/uart/fsl_uart_driver.o
 .text.UART_DRV_StartReceiveData
                0x00002010       0xa8 ./SDK/platform/drivers/src/uart/fsl_uart_driver.o
 .text.SystemInit
                0x000020b8       0xc8 ./SDK/platform/devices/MKL43Z4/startup/system_MKL43Z4.o
                0x000020b8                SystemInit
 .text.init_data_bss
                0x00002180       0xc8 ./SDK/platform/devices/startup.o
                0x00002180                init_data_bss
 .text.Components_Init
                0x00002248       0x48 ./Generated_Code/Cpu.o
                0x00002248                Components_Init
 .text.SIM_HAL_EnableClock
                0x00002290       0x58 ./Generated_Code/hardware_init.o
 .text.hardware_init
                0x000022e8       0x44 ./Generated_Code/hardware_init.o
                0x000022e8                hardware_init
 .text.NVIC_SetPriority
                0x0000232c       0xe0 ./Generated_Code/osa1.o
 .text.CLOCK_SYS_SetSystickSrc
                0x0000240c       0x30 ./Generated_Code/osa1.o
 .text.SysTick_Handler
                0x0000243c       0x1c ./Generated_Code/osa1.o
                0x0000243c                SysTick_Handler
 .text.OSA_TimeInit
                0x00002458       0xa0 ./Generated_Code/osa1.o
                0x00002458                OSA_TimeInit
 .text.OSA_TimeDiff
                0x000024f8       0x30 ./Generated_Code/osa1.o
                0x000024f8                OSA_TimeDiff
 .text.OSA_TimeGetMsec
                0x00002528       0x14 ./Generated_Code/osa1.o
                0x00002528                OSA_TimeGetMsec
 .text.PORT_HAL_SetMuxMode
                0x0000253c       0x4c ./Generated_Code/pin_init.o
 .text.init_coredebug_pins
                0x00002588       0x2c ./Generated_Code/pin_init.o
                0x00002588                init_coredebug_pins
 .text.init_osc_pins
                0x000025b4       0x2c ./Generated_Code/pin_init.o
                0x000025b4                init_osc_pins
 .text.init_rcm_pins
                0x000025e0       0x20 ./Generated_Code/pin_init.o
                0x000025e0                init_rcm_pins
 .text.init_uart_pins
                0x00002600       0x2c ./Generated_Code/pin_init.o
                0x00002600                init_uart_pins
 .text.UART2_FLEXIO_IRQHandler
                0x0000262c       0x10 ./Generated_Code/uartCom1.o
                0x0000262c                UART2_FLEXIO_IRQHandler
 .text.__assert_func
                0x0000263c       0x3c /opt/Freescale/KDS_v3/toolchain/bin/../lib/gcc/arm-none-eabi/4.8.4/../../../../arm-none-eabi/lib/armv6-m/libg_s.a(lib_a-assert.o)
                0x0000263c                __assert_func
 .text.__errno  0x00002678        0xc /opt/Freescale/KDS_v3/toolchain/bin/../lib/gcc/arm-none-eabi/4.8.4/../../../../arm-none-eabi/lib/armv6-m/libg_s.a(lib_a-errno.o)
                0x00002678                __errno
 .text.exit     0x00002684       0x2c /opt/Freescale/KDS_v3/toolchain/bin/../lib/gcc/arm-none-eabi/4.8.4/../../../../arm-none-eabi/lib/armv6-m/libg_s.a(lib_a-exit.o)
                0x00002684                exit
 .text.fprintf  0x000026b0       0x24 /opt/Freescale/KDS_v3/toolchain/bin/../lib/gcc/arm-none-eabi/4.8.4/../../../../arm-none-eabi/lib/armv6-m/libg_s.a(lib_a-fprintf.o)
                0x000026b0                fprintf
                0x000026b0                fiprintf
 .text.__libc_init_array
                0x000026d4       0x4c /opt/Freescale/KDS_v3/toolchain/bin/../lib/gcc/arm-none-eabi/4.8.4/../../../../arm-none-eabi/lib/armv6-m/libg_s.a(lib_a-init.o)
                0x000026d4                __libc_init_array
 .text.memset   0x00002720       0x10 /opt/Freescale/KDS_v3/toolchain/bin/../lib/gcc/arm-none-eabi/4.8.4/../../../../arm-none-eabi/lib/armv6-m/libg_s.a(lib_a-memset.o)
                0x00002720                memset
 .text._free_r  0x00002730       0x90 /opt/Freescale/KDS_v3/toolchain/bin/../lib/gcc/arm-none-eabi/4.8.4/../../../../arm-none-eabi/lib/armv6-m/libg_s.a(lib_a-nano-freer.o)
                0x00002730                _free_r
 .text._malloc_r
                0x000027c0       0xa8 /opt/Freescale/KDS_v3/toolchain/bin/../lib/gcc/arm-none-eabi/4.8.4/../../../../arm-none-eabi/lib/armv6-m/libg_s.a(lib_a-nano-mallocr.o)
                0x000027c0                _malloc_r
 .text._sbrk_r  0x00002868       0x24 /opt/Freescale/KDS_v3/toolchain/bin/../lib/gcc/arm-none-eabi/4.8.4/../../../../arm-none-eabi/lib/armv6-m/libg_s.a(lib_a-sbrkr.o)
                0x00002868                _sbrk_r
 .text.strlen   0x0000288c        0xe /opt/Freescale/KDS_v3/toolchain/bin/../lib/gcc/arm-none-eabi/4.8.4/../../../../arm-none-eabi/lib/armv6-m/libg_s.a(lib_a-strlen.o)
                0x0000288c                strlen
 .text.__sfputc_r
                0x0000289a       0x2a /opt/Freescale/KDS_v3/toolchain/bin/../lib/gcc/arm-none-eabi/4.8.4/../../../../arm-none-eabi/lib/armv6-m/libg_s.a(lib_a-vfprintf.o)
 .text.__sfputs_r
                0x000028c4       0x24 /opt/Freescale/KDS_v3/toolchain/bin/../lib/gcc/arm-none-eabi/4.8.4/../../../../arm-none-eabi/lib/armv6-m/libg_s.a(lib_a-vfprintf.o)
                0x000028c4                __sfputs_r
 .text._vfprintf_r
                0x000028e8      0x210 /opt/Freescale/KDS_v3/toolchain/bin/../lib/gcc/arm-none-eabi/4.8.4/../../../../arm-none-eabi/lib/armv6-m/libg_s.a(lib_a-vfprintf.o)
                0x000028e8                _vfiprintf_r
                0x000028e8                _vfprintf_r
 .text._printf_common
                0x00002af8       0xe8 /opt/Freescale/KDS_v3/toolchain/bin/../lib/gcc/arm-none-eabi/4.8.4/../../../../arm-none-eabi/lib/armv6-m/libg_s.a(lib_a-vfprintf_i.o)
                0x00002af8                _printf_common
 .text._printf_i
                0x00002be0      0x22c /opt/Freescale/KDS_v3/toolchain/bin/../lib/gcc/arm-none-eabi/4.8.4/../../../../arm-none-eabi/lib/armv6-m/libg_s.a(lib_a-vfprintf_i.o)
                0x00002be0                _printf_i
 .text.__swbuf_r
                0x00002e0c       0xb0 /opt/Freescale/KDS_v3/toolchain/bin/../lib/gcc/arm-none-eabi/4.8.4/../../../../arm-none-eabi/lib/armv6-m/libg_s.a(lib_a-wbuf.o)
                0x00002e0c                __swbuf_r
 .text.__swsetup_r
                0x00002ebc       0xe4 /opt/Freescale/KDS_v3/toolchain/bin/../lib/gcc/arm-none-eabi/4.8.4/../../../../arm-none-eabi/lib/armv6-m/libg_s.a(lib_a-wsetup.o)
                0x00002ebc                __swsetup_r
 .text.abort    0x00002fa0        0xe /opt/Freescale/KDS_v3/toolchain/bin/../lib/gcc/arm-none-eabi/4.8.4/../../../../arm-none-eabi/lib/armv6-m/libg_s.a(lib_a-abort.o)
                0x00002fa0                abort
 .text.__sflush_r
                0x00002fae      0x112 /opt/Freescale/KDS_v3/toolchain/bin/../lib/gcc/arm-none-eabi/4.8.4/../../../../arm-none-eabi/lib/armv6-m/libg_s.a(lib_a-fflush.o)
                0x00002fae                __sflush_r
 .text._fflush_r
                0x000030c0       0x58 /opt/Freescale/KDS_v3/toolchain/bin/../lib/gcc/arm-none-eabi/4.8.4/../../../../arm-none-eabi/lib/armv6-m/libg_s.a(lib_a-fflush.o)
                0x000030c0                _fflush_r
 .text._cleanup_r
                0x00003118       0x34 /opt/Freescale/KDS_v3/toolchain/bin/../lib/gcc/arm-none-eabi/4.8.4/../../../../arm-none-eabi/lib/armv6-m/libg_s.a(lib_a-findfp.o)
                0x00003118                _cleanup_r
 .text.std.isra.0
                0x0000314c       0x48 /opt/Freescale/KDS_v3/toolchain/bin/../lib/gcc/arm-none-eabi/4.8.4/../../../../arm-none-eabi/lib/armv6-m/libg_s.a(lib_a-findfp.o)
 .text.__sfmoreglue
                0x00003194       0x2c /opt/Freescale/KDS_v3/toolchain/bin/../lib/gcc/arm-none-eabi/4.8.4/../../../../arm-none-eabi/lib/armv6-m/libg_s.a(lib_a-findfp.o)
                0x00003194                __sfmoreglue
 .text.__sinit  0x000031c0       0x64 /opt/Freescale/KDS_v3/toolchain/bin/../lib/gcc/arm-none-eabi/4.8.4/../../../../arm-none-eabi/lib/armv6-m/libg_s.a(lib_a-findfp.o)
                0x000031c0                __sinit
 .text.__sfp    0x00003224       0x7c /opt/Freescale/KDS_v3/toolchain/bin/../lib/gcc/arm-none-eabi/4.8.4/../../../../arm-none-eabi/lib/armv6-m/libg_s.a(lib_a-findfp.o)
                0x00003224                __sfp
 .text.__smakebuf_r
                0x000032a0       0xa0 /opt/Freescale/KDS_v3/toolchain/bin/../lib/gcc/arm-none-eabi/4.8.4/../../../../arm-none-eabi/lib/armv6-m/libg_s.a(lib_a-makebuf.o)
                0x000032a0                __smakebuf_r
 .text.memchr   0x00003340       0x16 /opt/Freescale/KDS_v3/toolchain/bin/../lib/gcc/arm-none-eabi/4.8.4/../../../../arm-none-eabi/lib/armv6-m/libg_s.a(lib_a-memchr-stub.o)
                0x00003340                memchr
 .text._raise_r
                0x00003356       0x56 /opt/Freescale/KDS_v3/toolchain/bin/../lib/gcc/arm-none-eabi/4.8.4/../../../../arm-none-eabi/lib/armv6-m/libg_s.a(lib_a-signal.o)
                0x00003356                _raise_r
 .text.raise    0x000033ac       0x14 /opt/Freescale/KDS_v3/toolchain/bin/../lib/gcc/arm-none-eabi/4.8.4/../../../../arm-none-eabi/lib/armv6-m/libg_s.a(lib_a-signal.o)
                0x000033ac                raise
 .text._kill_r  0x000033c0       0x24 /opt/Freescale/KDS_v3/toolchain/bin/../lib/gcc/arm-none-eabi/4.8.4/../../../../arm-none-eabi/lib/armv6-m/libg_s.a(lib_a-signalr.o)
                0x000033c0                _kill_r
 .text._getpid_r
                0x000033e4        0x8 /opt/Freescale/KDS_v3/toolchain/bin/../lib/gcc/arm-none-eabi/4.8.4/../../../../arm-none-eabi/lib/armv6-m/libg_s.a(lib_a-signalr.o)
                0x000033e4                _getpid_r
 .text.__sread  0x000033ec       0x28 /opt/Freescale/KDS_v3/toolchain/bin/../lib/gcc/arm-none-eabi/4.8.4/../../../../arm-none-eabi/lib/armv6-m/libg_s.a(lib_a-stdio.o)
                0x000033ec                __sread
 .text.__swrite
                0x00003414       0x38 /opt/Freescale/KDS_v3/toolchain/bin/../lib/gcc/arm-none-eabi/4.8.4/../../../../arm-none-eabi/lib/armv6-m/libg_s.a(lib_a-stdio.o)
                0x00003414                __swrite
 .text.__sseek  0x0000344c       0x2c /opt/Freescale/KDS_v3/toolchain/bin/../lib/gcc/arm-none-eabi/4.8.4/../../../../arm-none-eabi/lib/armv6-m/libg_s.a(lib_a-stdio.o)
                0x0000344c                __sseek
 .text.__sclose
                0x00003478        0xc /opt/Freescale/KDS_v3/toolchain/bin/../lib/gcc/arm-none-eabi/4.8.4/../../../../arm-none-eabi/lib/armv6-m/libg_s.a(lib_a-stdio.o)
                0x00003478                __sclose
 .text._write_r
                0x00003484       0x28 /opt/Freescale/KDS_v3/toolchain/bin/../lib/gcc/arm-none-eabi/4.8.4/../../../../arm-none-eabi/lib/armv6-m/libg_s.a(lib_a-writer.o)
                0x00003484                _write_r
 .text._close_r
                0x000034ac       0x24 /opt/Freescale/KDS_v3/toolchain/bin/../lib/gcc/arm-none-eabi/4.8.4/../../../../arm-none-eabi/lib/armv6-m/libg_s.a(lib_a-closer.o)
                0x000034ac                _close_r
 .text._fstat_r
                0x000034d0       0x24 /opt/Freescale/KDS_v3/toolchain/bin/../lib/gcc/arm-none-eabi/4.8.4/../../../../arm-none-eabi/lib/armv6-m/libg_s.a(lib_a-fstatr.o)
                0x000034d0                _fstat_r
 .text._isatty_r
                0x000034f4       0x24 /opt/Freescale/KDS_v3/toolchain/bin/../lib/gcc/arm-none-eabi/4.8.4/../../../../arm-none-eabi/lib/armv6-m/libg_s.a(lib_a-isattyr.o)
                0x000034f4                _isatty_r
 .text._lseek_r
                0x00003518       0x28 /opt/Freescale/KDS_v3/toolchain/bin/../lib/gcc/arm-none-eabi/4.8.4/../../../../arm-none-eabi/lib/armv6-m/libg_s.a(lib_a-lseekr.o)
                0x00003518                _lseek_r
 .text._read_r  0x00003540       0x28 /opt/Freescale/KDS_v3/toolchain/bin/../lib/gcc/arm-none-eabi/4.8.4/../../../../arm-none-eabi/lib/armv6-m/libg_s.a(lib_a-readr.o)
                0x00003540                _read_r
 .text._close   0x00003568       0x10 /opt/Freescale/KDS_v3/toolchain/bin/../lib/gcc/arm-none-eabi/4.8.4/../../../../arm-none-eabi/lib/armv6-m/libnosys.a(close.o)
                0x00003568                _close
 .text._fstat   0x00003578       0x10 /opt/Freescale/KDS_v3/toolchain/bin/../lib/gcc/arm-none-eabi/4.8.4/../../../../arm-none-eabi/lib/armv6-m/libnosys.a(fstat.o)
                0x00003578                _fstat
 .text._getpid  0x00003588       0x10 /opt/Freescale/KDS_v3/toolchain/bin/../lib/gcc/arm-none-eabi/4.8.4/../../../../arm-none-eabi/lib/armv6-m/libnosys.a(getpid.o)
                0x00003588                _getpid
 .text._isatty  0x00003598       0x10 /opt/Freescale/KDS_v3/toolchain/bin/../lib/gcc/arm-none-eabi/4.8.4/../../../../arm-none-eabi/lib/armv6-m/libnosys.a(isatty.o)
                0x00003598                _isatty
 .text._kill    0x000035a8       0x10 /opt/Freescale/KDS_v3/toolchain/bin/../lib/gcc/arm-none-eabi/4.8.4/../../../../arm-none-eabi/lib/armv6-m/libnosys.a(kill.o)
                0x000035a8                _kill
 .text._lseek   0x000035b8       0x10 /opt/Freescale/KDS_v3/toolchain/bin/../lib/gcc/arm-none-eabi/4.8.4/../../../../arm-none-eabi/lib/armv6-m/libnosys.a(lseek.o)
                0x000035b8                _lseek
 .text._exit    0x000035c8        0x4 /opt/Freescale/KDS_v3/toolchain/bin/../lib/gcc/arm-none-eabi/4.8.4/../../../../arm-none-eabi/lib/armv6-m/libnosys.a(_exit.o)
                0x000035c8                _exit
 *(.rodata)
 .rodata        0x000035cc       0x64 ./SDK/platform/osa/src/fsl_os_abstraction_bm.o
 .rodata        0x00003630      0x12c ./SDK/platform/drivers/src/uart/fsl_uart_driver.o
 .rodata        0x0000375c       0x2c ./Generated_Code/osa1.o
 .rodata        0x00003788       0x54 ./Generated_Code/pin_init.o
 *(.rodata*)
 .rodata.buffStart
                0x000037dc       0x50 ./Sources/main.o
                0x000037dc                buffStart
 .rodata.bufferData1
                0x0000382c       0x60 ./Sources/main.o
                0x0000382c                bufferData1
 .rodata.__func__.6416
                0x0000388c       0x10 ./SDK/platform/osa/src/fsl_os_abstraction_bm.o
 .rodata.__func__.6422
                0x0000389c       0x10 ./SDK/platform/osa/src/fsl_os_abstraction_bm.o
 .rodata.__func__.6426
                0x000038ac       0x10 ./SDK/platform/osa/src/fsl_os_abstraction_bm.o
 .rodata.g_uartBase
                0x000038bc        0xc ./SDK/platform/drivers/src/uart/fsl_uart_common.o
                0x000038bc                g_uartBase
 .rodata.__func__.6974
                0x000038c8       0x10 ./SDK/platform/drivers/src/uart/fsl_uart_driver.o
 .rodata.__func__.6947
                0x000038d8       0x14 ./SDK/platform/drivers/src/uart/fsl_uart_driver.o
 .rodata.__func__.6993
                0x000038ec       0x1c ./SDK/platform/drivers/src/uart/fsl_uart_driver.o
 .rodata.__func__.7003
                0x00003908       0x1c ./SDK/platform/drivers/src/uart/fsl_uart_driver.o
 .rodata.__func__.7012
                0x00003924       0x1c ./SDK/platform/drivers/src/uart/fsl_uart_driver.o
 .rodata.__func__.7046
                0x00003940       0x20 ./SDK/platform/drivers/src/uart/fsl_uart_driver.o
 .rodata.__func__.7086
                0x00003960       0x1c ./SDK/platform/drivers/src/uart/fsl_uart_driver.o
 .rodata.__func__.7094
                0x0000397c       0x18 ./SDK/platform/drivers/src/uart/fsl_uart_driver.o
 .rodata.__func__.7100
                0x00003994       0x20 ./SDK/platform/drivers/src/uart/fsl_uart_driver.o
 .rodata.__func__.7108
                0x000039b4       0x1c ./SDK/platform/drivers/src/uart/fsl_uart_driver.o
 .rodata.__func__.7200
                0x000039d0       0x10 ./Generated_Code/osa1.o
 .rodata.__func__.5194
                0x000039e0       0x14 ./Generated_Code/pin_init.o
 .rodata.uartCom1_InitConfig0
                0x000039f4        0x8 ./Generated_Code/uartCom1.o
                0x000039f4                uartCom1_InitConfig0
 .rodata.str1.1
                0x000039fc       0x3c /opt/Freescale/KDS_v3/toolchain/bin/../lib/gcc/arm-none-eabi/4.8.4/../../../../arm-none-eabi/lib/armv6-m/libg_s.a(lib_a-assert.o)
                                 0x3d (size before relaxing)
 .rodata.str1.1
                0x00003a38        0x2 /opt/Freescale/KDS_v3/toolchain/bin/../lib/gcc/arm-none-eabi/4.8.4/../../../../arm-none-eabi/lib/armv6-m/libg_s.a(lib_a-impure.o)
 *fill*         0x00003a3a        0x2 
 .rodata._global_impure_ptr
                0x00003a3c        0x4 /opt/Freescale/KDS_v3/toolchain/bin/../lib/gcc/arm-none-eabi/4.8.4/../../../../arm-none-eabi/lib/armv6-m/libg_s.a(lib_a-impure.o)
                0x00003a3c                _global_impure_ptr
 .rodata.str1.1
                0x00003a40       0x11 /opt/Freescale/KDS_v3/toolchain/bin/../lib/gcc/arm-none-eabi/4.8.4/../../../../arm-none-eabi/lib/armv6-m/libg_s.a(lib_a-vfprintf.o)
 .rodata.str1.1
                0x00003a51       0x22 /opt/Freescale/KDS_v3/toolchain/bin/../lib/gcc/arm-none-eabi/4.8.4/../../../../arm-none-eabi/lib/armv6-m/libg_s.a(lib_a-vfprintf_i.o)
 *fill*         0x00003a73        0x1 
 .rodata.__sf_fake_stdin
                0x00003a74       0x20 /opt/Freescale/KDS_v3/toolchain/bin/../lib/gcc/arm-none-eabi/4.8.4/../../../../arm-none-eabi/lib/armv6-m/libg_s.a(lib_a-findfp.o)
                0x00003a74                __sf_fake_stdin
 .rodata.__sf_fake_stdout
                0x00003a94       0x20 /opt/Freescale/KDS_v3/toolchain/bin/../lib/gcc/arm-none-eabi/4.8.4/../../../../arm-none-eabi/lib/armv6-m/libg_s.a(lib_a-findfp.o)
                0x00003a94                __sf_fake_stdout
 .rodata.__sf_fake_stderr
                0x00003ab4       0x20 /opt/Freescale/KDS_v3/toolchain/bin/../lib/gcc/arm-none-eabi/4.8.4/../../../../arm-none-eabi/lib/armv6-m/libg_s.a(lib_a-findfp.o)
                0x00003ab4                __sf_fake_stderr
 *(.glue_7)
 .glue_7        0x00000000        0x0 linker stubs
 *(.glue_7t)
 .glue_7t       0x00000000        0x0 linker stubs
 *(.eh_frame)
 .eh_frame      0x00003ad4        0x0 /opt/Freescale/KDS_v3/toolchain/bin/../lib/gcc/arm-none-eabi/4.8.4/armv6-m/crtbegin.o
 *(.init)
 .init          0x00003ad4        0x4 /opt/Freescale/KDS_v3/toolchain/bin/../lib/gcc/arm-none-eabi/4.8.4/armv6-m/crti.o
                0x00003ad4                _init
 .init          0x00003ad8        0x8 /opt/Freescale/KDS_v3/toolchain/bin/../lib/gcc/arm-none-eabi/4.8.4/armv6-m/crtn.o
 *(.fini)
 .fini          0x00003ae0        0x4 /opt/Freescale/KDS_v3/toolchain/bin/../lib/gcc/arm-none-eabi/4.8.4/armv6-m/crti.o
                0x00003ae0                _fini
 .fini          0x00003ae4        0x8 /opt/Freescale/KDS_v3/toolchain/bin/../lib/gcc/arm-none-eabi/4.8.4/armv6-m/crtn.o
                0x00003aec                . = ALIGN (0x4)

.vfp11_veneer   0x00003aec        0x0
 .vfp11_veneer  0x00000000        0x0 linker stubs

.v4_bx          0x00003aec        0x0
 .v4_bx         0x00000000        0x0 linker stubs

.iplt           0x00003aec        0x0
 .iplt          0x00000000        0x0 /opt/Freescale/KDS_v3/toolchain/bin/../lib/gcc/arm-none-eabi/4.8.4/armv6-m/crtbegin.o

.ARM.extab
 *(.ARM.extab* .gnu.linkonce.armextab.*)

.ARM            0x00003aec        0x8
                0x00003aec                __exidx_start = .
 *(.ARM.exidx*)
 .ARM.exidx     0x00003aec        0x8 /opt/Freescale/KDS_v3/toolchain/bin/../lib/gcc/arm-none-eabi/4.8.4/../../../../arm-none-eabi/lib/armv6-m/crt0.o
 .ARM.exidx     0x00003af4        0x0 /opt/Freescale/KDS_v3/toolchain/bin/../lib/gcc/arm-none-eabi/4.8.4/armv6-m/libgcc.a(_divdi3.o)
                                  0x8 (size before relaxing)
 .ARM.exidx     0x00003af4        0x0 /opt/Freescale/KDS_v3/toolchain/bin/../lib/gcc/arm-none-eabi/4.8.4/armv6-m/libgcc.a(_udivdi3.o)
                                  0x8 (size before relaxing)
                0x00003af4                __exidx_end = .

.rel.dyn        0x00003af4        0x0
 .rel.iplt      0x00000000        0x0 /opt/Freescale/KDS_v3/toolchain/bin/../lib/gcc/arm-none-eabi/4.8.4/armv6-m/crtbegin.o

.ctors          0x00003af4        0x0
                0x00003af4                __CTOR_LIST__ = .
 *crtbegin.o(.ctors)
 *crtbegin?.o(.ctors)
 *(EXCLUDE_FILE(*crtend.o *crtend?.o) .ctors)
 *(SORT(.ctors.*))
 *(.ctors)
                0x00003af4                __CTOR_END__ = .

.dtors          0x00003af4        0x0
                0x00003af4                __DTOR_LIST__ = .
 *crtbegin.o(.dtors)
 *crtbegin?.o(.dtors)
 *(EXCLUDE_FILE(*crtend.o *crtend?.o) .dtors)
 *(SORT(.dtors.*))
 *(.dtors)
                0x00003af4                __DTOR_END__ = .

.preinit_array  0x00003af4        0x0
                0x00003af4                PROVIDE (__preinit_array_start, .)
 *(.preinit_array*)
                0x00003af4                PROVIDE (__preinit_array_end, .)

.init_array     0x00003af4        0x4
                0x00003af4                PROVIDE (__init_array_start, .)
 *(SORT(.init_array.*))
 *(.init_array*)
 .init_array    0x00003af4        0x4 /opt/Freescale/KDS_v3/toolchain/bin/../lib/gcc/arm-none-eabi/4.8.4/armv6-m/crtbegin.o
                0x00003af8                PROVIDE (__init_array_end, .)

.fini_array     0x00003af8        0x4
                0x00003af8                PROVIDE (__fini_array_start, .)
 *(SORT(.fini_array.*))
 *(.fini_array*)
 .fini_array    0x00003af8        0x4 /opt/Freescale/KDS_v3/toolchain/bin/../lib/gcc/arm-none-eabi/4.8.4/armv6-m/crtbegin.o
                0x00003afc                PROVIDE (__fini_array_end, .)
                0x00003afc                __etext = .
                0x00003afc                __DATA_ROM = .

.mtb            0x1fffe200        0x0
                0x1fffe200                . = ALIGN (0x8)
                0x1fffe200                _mtb_start = .
 *(.mtb_buf)
                0x1fffe200                . = ALIGN (0x8)
                0x1fffe200                _mtb_end = .

.data           0x1fffe200       0x6c load address 0x00003afc
                0x1fffe200                . = ALIGN (0x4)
                0x1fffe200                __DATA_RAM = .
                0x1fffe200                __data_start__ = .
 *(.data)
 *(.data*)
 .data.g_uartRxTxIrqId
                0x1fffe200        0x4 ./SDK/platform/drivers/src/uart/fsl_uart_common.o
                0x1fffe200                g_uartRxTxIrqId
 .data.impure_data
                0x1fffe204       0x60 /opt/Freescale/KDS_v3/toolchain/bin/../lib/gcc/arm-none-eabi/4.8.4/../../../../arm-none-eabi/lib/armv6-m/libg_s.a(lib_a-impure.o)
 .data._impure_ptr
                0x1fffe264        0x4 /opt/Freescale/KDS_v3/toolchain/bin/../lib/gcc/arm-none-eabi/4.8.4/../../../../arm-none-eabi/lib/armv6-m/libg_s.a(lib_a-impure.o)
                0x1fffe264                _impure_ptr
 *(.jcr*)
 .jcr           0x1fffe268        0x0 /opt/Freescale/KDS_v3/toolchain/bin/../lib/gcc/arm-none-eabi/4.8.4/armv6-m/crtbegin.o
 .jcr           0x1fffe268        0x4 /opt/Freescale/KDS_v3/toolchain/bin/../lib/gcc/arm-none-eabi/4.8.4/armv6-m/crtend.o
                0x1fffe26c                . = ALIGN (0x4)
                0x1fffe26c                __data_end__ = .
                0x00003b68                __DATA_END = (__DATA_ROM + (__data_end__ - __data_start__))

.igot.plt       0x1fffe26c        0x0 load address 0x00003b68
 .igot.plt      0x00000000        0x0 /opt/Freescale/KDS_v3/toolchain/bin/../lib/gcc/arm-none-eabi/4.8.4/armv6-m/crtbegin.o

.m_interrupts_ram
                0x1fffe000      0x200
                0x1fffe000                . = ALIGN (0x4)
                0x1fffe000                __m_interrupts_ram_RAMStart = .
 *(.m_interrupts_ram)
                0x1fffe200                . = (. + 0x200)
 *fill*         0x1fffe000      0x200 
                0x1fffe200                __m_interrupts_ram_RAMEnd = .
                0x1fffe200                . = ALIGN (0x4)
                0x00000200                __m_interrupts_ram_ROMSize = (__m_interrupts_ram_RAMEnd - __m_interrupts_ram_RAMStart)
                0x00000200                __RAM_VECTOR_TABLE_SIZE_BYTES = (__m_interrupts_ram_RAMEnd - __m_interrupts_ram_RAMStart)
                0x00040000                text_end = (ORIGIN (m_text) + 0x3fbf0)
                0x00003b68                data_init_end = (__DATA_ROM + SIZEOF (.data))
                0x00000001                ASSERT ((data_init_end <= text_end), region m_text overflowed with text and data)

.bss            0x1fffe26c       0xfc load address 0x00003b68
                0x1fffe26c                . = ALIGN (0x4)
                0x1fffe26c                __START_BSS = .
                0x1fffe26c                __bss_start__ = .
 *(.bss)
 .bss           0x1fffe26c       0x1c /opt/Freescale/KDS_v3/toolchain/bin/../lib/gcc/arm-none-eabi/4.8.4/armv6-m/crtbegin.o
 *(.bss*)
 .bss.s_debugConsole
                0x1fffe288       0x10 ./SDK/platform/utilities/src/fsl_debug_console.o
 .bss.heap_end.5138
                0x1fffe298        0x4 ./SDK/platform/utilities/src/fsl_misc_utilities.o
 .bss.g_interruptDisableCount
                0x1fffe29c        0x4 ./SDK/platform/system/src/interrupt/fsl_interrupt_manager.o
                0x1fffe29c                g_interruptDisableCount
 .bss.g_taskControlBlockPool
                0x1fffe2a0       0x50 ./SDK/platform/osa/src/fsl_os_abstraction_bm.o
 .bss.g_freeTaskControlBlock
                0x1fffe2f0        0x4 ./SDK/platform/osa/src/fsl_os_abstraction_bm.o
 .bss.g_taskListHead
                0x1fffe2f4       0x10 ./SDK/platform/osa/src/fsl_os_abstraction_bm.o
 .bss.g_uartStatePtr
                0x1fffe304        0xc ./SDK/platform/drivers/src/uart/fsl_uart_common.o
                0x1fffe304                g_uartStatePtr
 .bss.SwTimerIsrCounter
                0x1fffe310        0x2 ./Generated_Code/osa1.o
 *fill*         0x1fffe312        0x2 
 .bss.__malloc_sbrk_start
                0x1fffe314        0x4 /opt/Freescale/KDS_v3/toolchain/bin/../lib/gcc/arm-none-eabi/4.8.4/../../../../arm-none-eabi/lib/armv6-m/libg_s.a(lib_a-nano-mallocr.o)
                0x1fffe314                __malloc_sbrk_start
 .bss.__malloc_free_list
                0x1fffe318        0x4 /opt/Freescale/KDS_v3/toolchain/bin/../lib/gcc/arm-none-eabi/4.8.4/../../../../arm-none-eabi/lib/armv6-m/libg_s.a(lib_a-nano-mallocr.o)
                0x1fffe318                __malloc_free_list
 *(COMMON)
 COMMON         0x1fffe31c        0x8 ./SDK/platform/hal/src/mcglite/fsl_mcglite_hal.o
                0x1fffe31c                g_xtal0ClkFreq
                0x1fffe320                g_xtalRtcClkFreq
 COMMON         0x1fffe324       0x40 ./Generated_Code/uartCom1.o
                0x1fffe324                uartCom1_State
 COMMON         0x1fffe364        0x4 /opt/Freescale/KDS_v3/toolchain/bin/../lib/gcc/arm-none-eabi/4.8.4/../../../../arm-none-eabi/lib/armv6-m/libg_s.a(lib_a-reent.o)
                0x1fffe364                errno
                0x1fffe368                . = ALIGN (0x4)
                0x1fffe368                __bss_end__ = .
                0x1fffe368                __END_BSS = .

.heap           0x1fffe368        0x0
                0x1fffe368                . = ALIGN (0x8)
                0x1fffe368                __end__ = .
                0x1fffe368                PROVIDE (end, .)
                0x1fffe368                __HeapBase = .
                0x1fffe368                . = (. + HEAP_SIZE)
                0x1fffe368                __HeapLimit = .

.stack          0x1fffe368      0x400 load address 0x00003c64
                0x1fffe368                . = ALIGN (0x8)
                0x1fffe768                . = (. + STACK_SIZE)
 *fill*         0x1fffe368      0x400 
                0x20006000                __StackTop = (ORIGIN (m_data) + 0x7e00)
                0x20005c00                __StackLimit = (__StackTop - STACK_SIZE)
                0x20006000                PROVIDE (__stack, __StackTop)

.ARM.attributes
                0x00000000       0x28
 *(.ARM.attributes)
 .ARM.attributes
                0x00000000       0x1e /opt/Freescale/KDS_v3/toolchain/bin/../lib/gcc/arm-none-eabi/4.8.4/armv6-m/crti.o
 .ARM.attributes
                0x0000001e       0x2c /opt/Freescale/KDS_v3/toolchain/bin/../lib/gcc/arm-none-eabi/4.8.4/armv6-m/crtbegin.o
 .ARM.attributes
                0x0000004a       0x1b /opt/Freescale/KDS_v3/toolchain/bin/../lib/gcc/arm-none-eabi/4.8.4/../../../../arm-none-eabi/lib/armv6-m/crt0.o
 .ARM.attributes
                0x00000065       0x32 ./Static_Code/System/PE_low_level_init.o
 .ARM.attributes
                0x00000097       0x32 ./Sources/Events.o
 .ARM.attributes
                0x000000c9       0x32 ./Sources/main.o
 .ARM.attributes
                0x000000fb       0x32 ./SDK/platform/utilities/src/fsl_debug_console.o
 .ARM.attributes
                0x0000012d       0x32 ./SDK/platform/utilities/src/fsl_misc_utilities.o
 .ARM.attributes
                0x0000015f       0x32 ./SDK/platform/system/src/interrupt/fsl_interrupt_manager.o
 .ARM.attributes
                0x00000191       0x32 ./SDK/platform/system/src/clock/MKL43Z4/fsl_clock_MKL43Z4.o
 .ARM.attributes
                0x000001c3       0x32 ./SDK/platform/system/src/clock/fsl_clock_manager.o
 .ARM.attributes
                0x000001f5       0x32 ./SDK/platform/osa/src/fsl_os_abstraction_bm.o
 .ARM.attributes
                0x00000227       0x32 ./SDK/platform/hal/src/uart/fsl_uart_hal.o
 .ARM.attributes
                0x00000259       0x32 ./SDK/platform/hal/src/mcglite/fsl_mcglite_hal.o
 .ARM.attributes
                0x0000028b       0x32 ./SDK/platform/drivers/src/uart/fsl_uart_common.o
 .ARM.attributes
                0x000002bd       0x32 ./SDK/platform/drivers/src/uart/fsl_uart_driver.o
 .ARM.attributes
                0x000002ef       0x1b ./SDK/platform/devices/MKL43Z4/startup/gcc/startup_MKL43Z4.o
 .ARM.attributes
                0x0000030a       0x32 ./SDK/platform/devices/MKL43Z4/startup/system_MKL43Z4.o
 .ARM.attributes
                0x0000033c       0x32 ./SDK/platform/devices/startup.o
 .ARM.attributes
                0x0000036e       0x32 ./Generated_Code/Cpu.o
 .ARM.attributes
                0x000003a0       0x32 ./Generated_Code/hardware_init.o
 .ARM.attributes
                0x000003d2       0x32 ./Generated_Code/osa1.o
 .ARM.attributes
                0x00000404       0x32 ./Generated_Code/pin_init.o
 .ARM.attributes
                0x00000436       0x32 ./Generated_Code/uartCom1.o
 .ARM.attributes
                0x00000468       0x1e /opt/Freescale/KDS_v3/toolchain/bin/../lib/gcc/arm-none-eabi/4.8.4/armv6-m/libgcc.a(_udivsi3.o)
 .ARM.attributes
                0x00000486       0x1e /opt/Freescale/KDS_v3/toolchain/bin/../lib/gcc/arm-none-eabi/4.8.4/armv6-m/libgcc.a(_dvmd_tls.o)
 .ARM.attributes
                0x000004a4       0x1e /opt/Freescale/KDS_v3/toolchain/bin/../lib/gcc/arm-none-eabi/4.8.4/armv6-m/libgcc.a(_aeabi_uldivmod.o)
 .ARM.attributes
                0x000004c2       0x2c /opt/Freescale/KDS_v3/toolchain/bin/../lib/gcc/arm-none-eabi/4.8.4/armv6-m/libgcc.a(_muldi3.o)
 .ARM.attributes
                0x000004ee       0x2c /opt/Freescale/KDS_v3/toolchain/bin/../lib/gcc/arm-none-eabi/4.8.4/armv6-m/libgcc.a(bpabi.o)
 .ARM.attributes
                0x0000051a       0x2c /opt/Freescale/KDS_v3/toolchain/bin/../lib/gcc/arm-none-eabi/4.8.4/armv6-m/libgcc.a(_divdi3.o)
 .ARM.attributes
                0x00000546       0x2c /opt/Freescale/KDS_v3/toolchain/bin/../lib/gcc/arm-none-eabi/4.8.4/armv6-m/libgcc.a(_udivdi3.o)
 .ARM.attributes
                0x00000572       0x1e /opt/Freescale/KDS_v3/toolchain/bin/../lib/gcc/arm-none-eabi/4.8.4/armv6-m/libgcc.a(_clzsi2.o)
 .ARM.attributes
                0x00000590       0x2c /opt/Freescale/KDS_v3/toolchain/bin/../lib/gcc/arm-none-eabi/4.8.4/../../../../arm-none-eabi/lib/armv6-m/libg_s.a(lib_a-assert.o)
 .ARM.attributes
                0x000005bc       0x2c /opt/Freescale/KDS_v3/toolchain/bin/../lib/gcc/arm-none-eabi/4.8.4/../../../../arm-none-eabi/lib/armv6-m/libg_s.a(lib_a-errno.o)
 .ARM.attributes
                0x000005e8       0x2c /opt/Freescale/KDS_v3/toolchain/bin/../lib/gcc/arm-none-eabi/4.8.4/../../../../arm-none-eabi/lib/armv6-m/libg_s.a(lib_a-exit.o)
 .ARM.attributes
                0x00000614       0x2c /opt/Freescale/KDS_v3/toolchain/bin/../lib/gcc/arm-none-eabi/4.8.4/../../../../arm-none-eabi/lib/armv6-m/libg_s.a(lib_a-fprintf.o)
 .ARM.attributes
                0x00000640       0x2c /opt/Freescale/KDS_v3/toolchain/bin/../lib/gcc/arm-none-eabi/4.8.4/../../../../arm-none-eabi/lib/armv6-m/libg_s.a(lib_a-impure.o)
 .ARM.attributes
                0x0000066c       0x2c /opt/Freescale/KDS_v3/toolchain/bin/../lib/gcc/arm-none-eabi/4.8.4/../../../../arm-none-eabi/lib/armv6-m/libg_s.a(lib_a-init.o)
 .ARM.attributes
                0x00000698       0x2c /opt/Freescale/KDS_v3/toolchain/bin/../lib/gcc/arm-none-eabi/4.8.4/../../../../arm-none-eabi/lib/armv6-m/libg_s.a(lib_a-memset.o)
 .ARM.attributes
                0x000006c4       0x2c /opt/Freescale/KDS_v3/toolchain/bin/../lib/gcc/arm-none-eabi/4.8.4/../../../../arm-none-eabi/lib/armv6-m/libg_s.a(lib_a-nano-freer.o)
 .ARM.attributes
                0x000006f0       0x2c /opt/Freescale/KDS_v3/toolchain/bin/../lib/gcc/arm-none-eabi/4.8.4/../../../../arm-none-eabi/lib/armv6-m/libg_s.a(lib_a-nano-mallocr.o)
 .ARM.attributes
                0x0000071c       0x2c /opt/Freescale/KDS_v3/toolchain/bin/../lib/gcc/arm-none-eabi/4.8.4/../../../../arm-none-eabi/lib/armv6-m/libg_s.a(lib_a-sbrkr.o)
 .ARM.attributes
                0x00000748       0x2c /opt/Freescale/KDS_v3/toolchain/bin/../lib/gcc/arm-none-eabi/4.8.4/../../../../arm-none-eabi/lib/armv6-m/libg_s.a(lib_a-strlen.o)
 .ARM.attributes
                0x00000774       0x2c /opt/Freescale/KDS_v3/toolchain/bin/../lib/gcc/arm-none-eabi/4.8.4/../../../../arm-none-eabi/lib/armv6-m/libg_s.a(lib_a-vfprintf.o)
 .ARM.attributes
                0x000007a0       0x2c /opt/Freescale/KDS_v3/toolchain/bin/../lib/gcc/arm-none-eabi/4.8.4/../../../../arm-none-eabi/lib/armv6-m/libg_s.a(lib_a-vfprintf_i.o)
 .ARM.attributes
                0x000007cc       0x2c /opt/Freescale/KDS_v3/toolchain/bin/../lib/gcc/arm-none-eabi/4.8.4/../../../../arm-none-eabi/lib/armv6-m/libg_s.a(lib_a-wbuf.o)
 .ARM.attributes
                0x000007f8       0x2c /opt/Freescale/KDS_v3/toolchain/bin/../lib/gcc/arm-none-eabi/4.8.4/../../../../arm-none-eabi/lib/armv6-m/libg_s.a(lib_a-wsetup.o)
 .ARM.attributes
                0x00000824       0x2c /opt/Freescale/KDS_v3/toolchain/bin/../lib/gcc/arm-none-eabi/4.8.4/../../../../arm-none-eabi/lib/armv6-m/libg_s.a(lib_a-abort.o)
 .ARM.attributes
                0x00000850       0x2c /opt/Freescale/KDS_v3/toolchain/bin/../lib/gcc/arm-none-eabi/4.8.4/../../../../arm-none-eabi/lib/armv6-m/libg_s.a(lib_a-fflush.o)
 .ARM.attributes
                0x0000087c       0x2c /opt/Freescale/KDS_v3/toolchain/bin/../lib/gcc/arm-none-eabi/4.8.4/../../../../arm-none-eabi/lib/armv6-m/libg_s.a(lib_a-findfp.o)
 .ARM.attributes
                0x000008a8       0x2c /opt/Freescale/KDS_v3/toolchain/bin/../lib/gcc/arm-none-eabi/4.8.4/../../../../arm-none-eabi/lib/armv6-m/libg_s.a(lib_a-makebuf.o)
 .ARM.attributes
                0x000008d4       0x2c /opt/Freescale/KDS_v3/toolchain/bin/../lib/gcc/arm-none-eabi/4.8.4/../../../../arm-none-eabi/lib/armv6-m/libg_s.a(lib_a-memchr-stub.o)
 .ARM.attributes
                0x00000900       0x2c /opt/Freescale/KDS_v3/toolchain/bin/../lib/gcc/arm-none-eabi/4.8.4/../../../../arm-none-eabi/lib/armv6-m/libg_s.a(lib_a-reent.o)
 .ARM.attributes
                0x0000092c       0x2c /opt/Freescale/KDS_v3/toolchain/bin/../lib/gcc/arm-none-eabi/4.8.4/../../../../arm-none-eabi/lib/armv6-m/libg_s.a(lib_a-signal.o)
 .ARM.attributes
                0x00000958       0x2c /opt/Freescale/KDS_v3/toolchain/bin/../lib/gcc/arm-none-eabi/4.8.4/../../../../arm-none-eabi/lib/armv6-m/libg_s.a(lib_a-signalr.o)
 .ARM.attributes
                0x00000984       0x2c /opt/Freescale/KDS_v3/toolchain/bin/../lib/gcc/arm-none-eabi/4.8.4/../../../../arm-none-eabi/lib/armv6-m/libg_s.a(lib_a-stdio.o)
 .ARM.attributes
                0x000009b0       0x2c /opt/Freescale/KDS_v3/toolchain/bin/../lib/gcc/arm-none-eabi/4.8.4/../../../../arm-none-eabi/lib/armv6-m/libg_s.a(lib_a-writer.o)
 .ARM.attributes
                0x000009dc       0x2c /opt/Freescale/KDS_v3/toolchain/bin/../lib/gcc/arm-none-eabi/4.8.4/../../../../arm-none-eabi/lib/armv6-m/libg_s.a(lib_a-closer.o)
 .ARM.attributes
                0x00000a08       0x2c /opt/Freescale/KDS_v3/toolchain/bin/../lib/gcc/arm-none-eabi/4.8.4/../../../../arm-none-eabi/lib/armv6-m/libg_s.a(lib_a-fstatr.o)
 .ARM.attributes
                0x00000a34       0x2c /opt/Freescale/KDS_v3/toolchain/bin/../lib/gcc/arm-none-eabi/4.8.4/../../../../arm-none-eabi/lib/armv6-m/libg_s.a(lib_a-isattyr.o)
 .ARM.attributes
                0x00000a60       0x2c /opt/Freescale/KDS_v3/toolchain/bin/../lib/gcc/arm-none-eabi/4.8.4/../../../../arm-none-eabi/lib/armv6-m/libg_s.a(lib_a-lseekr.o)
 .ARM.attributes
                0x00000a8c       0x2c /opt/Freescale/KDS_v3/toolchain/bin/../lib/gcc/arm-none-eabi/4.8.4/../../../../arm-none-eabi/lib/armv6-m/libg_s.a(lib_a-readr.o)
 .ARM.attributes
                0x00000ab8       0x2c /opt/Freescale/KDS_v3/toolchain/bin/../lib/gcc/arm-none-eabi/4.8.4/../../../../arm-none-eabi/lib/armv6-m/libnosys.a(close.o)
 .ARM.attributes
                0x00000ae4       0x2c /opt/Freescale/KDS_v3/toolchain/bin/../lib/gcc/arm-none-eabi/4.8.4/../../../../arm-none-eabi/lib/armv6-m/libnosys.a(fstat.o)
 .ARM.attributes
                0x00000b10       0x2c /opt/Freescale/KDS_v3/toolchain/bin/../lib/gcc/arm-none-eabi/4.8.4/../../../../arm-none-eabi/lib/armv6-m/libnosys.a(getpid.o)
 .ARM.attributes
                0x00000b3c       0x2c /opt/Freescale/KDS_v3/toolchain/bin/../lib/gcc/arm-none-eabi/4.8.4/../../../../arm-none-eabi/lib/armv6-m/libnosys.a(isatty.o)
 .ARM.attributes
                0x00000b68       0x2c /opt/Freescale/KDS_v3/toolchain/bin/../lib/gcc/arm-none-eabi/4.8.4/../../../../arm-none-eabi/lib/armv6-m/libnosys.a(kill.o)
 .ARM.attributes
                0x00000b94       0x2c /opt/Freescale/KDS_v3/toolchain/bin/../lib/gcc/arm-none-eabi/4.8.4/../../../../arm-none-eabi/lib/armv6-m/libnosys.a(lseek.o)
 .ARM.attributes
                0x00000bc0       0x2c /opt/Freescale/KDS_v3/toolchain/bin/../lib/gcc/arm-none-eabi/4.8.4/../../../../arm-none-eabi/lib/armv6-m/libnosys.a(_exit.o)
 .ARM.attributes
                0x00000bec       0x2c /opt/Freescale/KDS_v3/toolchain/bin/../lib/gcc/arm-none-eabi/4.8.4/armv6-m/crtend.o
 .ARM.attributes
                0x00000c18       0x1e /opt/Freescale/KDS_v3/toolchain/bin/../lib/gcc/arm-none-eabi/4.8.4/armv6-m/crtn.o
OUTPUT(uart.elf elf32-littlearm)

.debug_info     0x00000000     0x9646
 .debug_info    0x00000000       0xf3 ./Static_Code/System/PE_low_level_init.o
 .debug_info    0x000000f3      0x137 ./Sources/Events.o
 .debug_info    0x0000022a      0x428 ./Sources/main.o
 .debug_info    0x00000652      0xebc ./SDK/platform/utilities/src/fsl_debug_console.o
 .debug_info    0x0000150e      0x172 ./SDK/platform/utilities/src/fsl_misc_utilities.o
 .debug_info    0x00001680      0x290 ./SDK/platform/system/src/interrupt/fsl_interrupt_manager.o
 .debug_info    0x00001910     0x15ae ./SDK/platform/system/src/clock/MKL43Z4/fsl_clock_MKL43Z4.o
 .debug_info    0x00002ebe     0x12c2 ./SDK/platform/system/src/clock/fsl_clock_manager.o
 .debug_info    0x00004180      0xf18 ./SDK/platform/osa/src/fsl_os_abstraction_bm.o
 .debug_info    0x00005098      0xcda ./SDK/platform/hal/src/uart/fsl_uart_hal.o
 .debug_info    0x00005d72      0x388 ./SDK/platform/hal/src/mcglite/fsl_mcglite_hal.o
 .debug_info    0x000060fa      0x3f2 ./SDK/platform/drivers/src/uart/fsl_uart_common.o
 .debug_info    0x000064ec     0x16be ./SDK/platform/drivers/src/uart/fsl_uart_driver.o
 .debug_info    0x00007baa       0x8d ./SDK/platform/devices/MKL43Z4/startup/gcc/startup_MKL43Z4.o
 .debug_info    0x00007c37      0x4e2 ./SDK/platform/devices/MKL43Z4/startup/system_MKL43Z4.o
 .debug_info    0x00008119      0x296 ./SDK/platform/devices/startup.o
 .debug_info    0x000083af      0x33a ./Generated_Code/Cpu.o
 .debug_info    0x000086e9      0x3e6 ./Generated_Code/hardware_init.o
 .debug_info    0x00008acf      0x512 ./Generated_Code/osa1.o
 .debug_info    0x00008fe1      0x31f ./Generated_Code/pin_init.o
 .debug_info    0x00009300      0x346 ./Generated_Code/uartCom1.o

.debug_abbrev   0x00000000     0x1ca2
 .debug_abbrev  0x00000000       0x75 ./Static_Code/System/PE_low_level_init.o
 .debug_abbrev  0x00000075       0x8d ./Sources/Events.o
 .debug_abbrev  0x00000102      0x113 ./Sources/main.o
 .debug_abbrev  0x00000215      0x2a0 ./SDK/platform/utilities/src/fsl_debug_console.o
 .debug_abbrev  0x000004b5       0xc4 ./SDK/platform/utilities/src/fsl_misc_utilities.o
 .debug_abbrev  0x00000579      0x128 ./SDK/platform/system/src/interrupt/fsl_interrupt_manager.o
 .debug_abbrev  0x000006a1      0x2be ./SDK/platform/system/src/clock/MKL43Z4/fsl_clock_MKL43Z4.o
 .debug_abbrev  0x0000095f      0x292 ./SDK/platform/system/src/clock/fsl_clock_manager.o
 .debug_abbrev  0x00000bf1      0x21f ./SDK/platform/osa/src/fsl_os_abstraction_bm.o
 .debug_abbrev  0x00000e10      0x22f ./SDK/platform/hal/src/uart/fsl_uart_hal.o
 .debug_abbrev  0x0000103f      0x127 ./SDK/platform/hal/src/mcglite/fsl_mcglite_hal.o
 .debug_abbrev  0x00001166       0xea ./SDK/platform/drivers/src/uart/fsl_uart_common.o
 .debug_abbrev  0x00001250      0x27f ./SDK/platform/drivers/src/uart/fsl_uart_driver.o
 .debug_abbrev  0x000014cf       0x14 ./SDK/platform/devices/MKL43Z4/startup/gcc/startup_MKL43Z4.o
 .debug_abbrev  0x000014e3      0x109 ./SDK/platform/devices/MKL43Z4/startup/system_MKL43Z4.o
 .debug_abbrev  0x000015ec       0xe9 ./SDK/platform/devices/startup.o
 .debug_abbrev  0x000016d5       0xd9 ./Generated_Code/Cpu.o
 .debug_abbrev  0x000017ae      0x10c ./Generated_Code/hardware_init.o
 .debug_abbrev  0x000018ba      0x1c7 ./Generated_Code/osa1.o
 .debug_abbrev  0x00001a81      0x137 ./Generated_Code/pin_init.o
 .debug_abbrev  0x00001bb8       0xea ./Generated_Code/uartCom1.o

.debug_aranges  0x00000000      0x980
 .debug_aranges
                0x00000000       0x28 ./Static_Code/System/PE_low_level_init.o
 .debug_aranges
                0x00000028       0x28 ./Sources/Events.o
 .debug_aranges
                0x00000050       0x20 ./Sources/main.o
 .debug_aranges
                0x00000070       0xb8 ./SDK/platform/utilities/src/fsl_debug_console.o
 .debug_aranges
                0x00000128       0x28 ./SDK/platform/utilities/src/fsl_misc_utilities.o
 .debug_aranges
                0x00000150       0x30 ./SDK/platform/system/src/interrupt/fsl_interrupt_manager.o
 .debug_aranges
                0x00000180      0x1b8 ./SDK/platform/system/src/clock/MKL43Z4/fsl_clock_MKL43Z4.o
 .debug_aranges
                0x00000338      0x108 ./SDK/platform/system/src/clock/fsl_clock_manager.o
 .debug_aranges
                0x00000440      0x148 ./SDK/platform/osa/src/fsl_os_abstraction_bm.o
 .debug_aranges
                0x00000588      0x100 ./SDK/platform/hal/src/uart/fsl_uart_hal.o
 .debug_aranges
                0x00000688       0x48 ./SDK/platform/hal/src/mcglite/fsl_mcglite_hal.o
 .debug_aranges
                0x000006d0       0x18 ./SDK/platform/drivers/src/uart/fsl_uart_common.o
 .debug_aranges
                0x000006e8      0x120 ./SDK/platform/drivers/src/uart/fsl_uart_driver.o
 .debug_aranges
                0x00000808       0x20 ./SDK/platform/devices/MKL43Z4/startup/gcc/startup_MKL43Z4.o
 .debug_aranges
                0x00000828       0x28 ./SDK/platform/devices/MKL43Z4/startup/system_MKL43Z4.o
 .debug_aranges
                0x00000850       0x20 ./SDK/platform/devices/startup.o
 .debug_aranges
                0x00000870       0x20 ./Generated_Code/Cpu.o
 .debug_aranges
                0x00000890       0x28 ./Generated_Code/hardware_init.o
 .debug_aranges
                0x000008b8       0x48 ./Generated_Code/osa1.o
 .debug_aranges
                0x00000900       0x60 ./Generated_Code/pin_init.o
 .debug_aranges
                0x00000960       0x20 ./Generated_Code/uartCom1.o

.debug_ranges   0x00000000      0x818
 .debug_ranges  0x00000000       0x18 ./Static_Code/System/PE_low_level_init.o
 .debug_ranges  0x00000018       0x18 ./Sources/Events.o
 .debug_ranges  0x00000030       0x10 ./Sources/main.o
 .debug_ranges  0x00000040       0xa8 ./SDK/platform/utilities/src/fsl_debug_console.o
 .debug_ranges  0x000000e8       0x18 ./SDK/platform/utilities/src/fsl_misc_utilities.o
 .debug_ranges  0x00000100       0x20 ./SDK/platform/system/src/interrupt/fsl_interrupt_manager.o
 .debug_ranges  0x00000120      0x1a8 ./SDK/platform/system/src/clock/MKL43Z4/fsl_clock_MKL43Z4.o
 .debug_ranges  0x000002c8       0xf8 ./SDK/platform/system/src/clock/fsl_clock_manager.o
 .debug_ranges  0x000003c0      0x138 ./SDK/platform/osa/src/fsl_os_abstraction_bm.o
 .debug_ranges  0x000004f8       0xf0 ./SDK/platform/hal/src/uart/fsl_uart_hal.o
 .debug_ranges  0x000005e8       0x38 ./SDK/platform/hal/src/mcglite/fsl_mcglite_hal.o
 .debug_ranges  0x00000620      0x110 ./SDK/platform/drivers/src/uart/fsl_uart_driver.o
 .debug_ranges  0x00000730       0x18 ./SDK/platform/devices/MKL43Z4/startup/system_MKL43Z4.o
 .debug_ranges  0x00000748       0x10 ./SDK/platform/devices/startup.o
 .debug_ranges  0x00000758       0x10 ./Generated_Code/Cpu.o
 .debug_ranges  0x00000768       0x18 ./Generated_Code/hardware_init.o
 .debug_ranges  0x00000780       0x38 ./Generated_Code/osa1.o
 .debug_ranges  0x000007b8       0x50 ./Generated_Code/pin_init.o
 .debug_ranges  0x00000808       0x10 ./Generated_Code/uartCom1.o

.debug_macro    0x00000000    0x2143d
 .debug_macro   0x00000000      0x2d8 ./Static_Code/System/PE_low_level_init.o
 .debug_macro   0x000002d8      0x80e ./Static_Code/System/PE_low_level_init.o
 .debug_macro   0x00000ae6       0x11 ./Static_Code/System/PE_low_level_init.o
 .debug_macro   0x00000af7       0x16 ./Static_Code/System/PE_low_level_init.o
 .debug_macro   0x00000b0d       0x16 ./Static_Code/System/PE_low_level_init.o
 .debug_macro   0x00000b23       0x44 ./Static_Code/System/PE_low_level_init.o
 .debug_macro   0x00000b67      0x209 ./Static_Code/System/PE_low_level_init.o
 .debug_macro   0x00000d70       0x3a ./Static_Code/System/PE_low_level_init.o
 .debug_macro   0x00000daa       0x3a ./Static_Code/System/PE_low_level_init.o
 .debug_macro   0x00000de4       0x26 ./Static_Code/System/PE_low_level_init.o
 .debug_macro   0x00000e0a      0x306 ./Static_Code/System/PE_low_level_init.o
 .debug_macro   0x00001110       0xa0 ./Static_Code/System/PE_low_level_init.o
 .debug_macro   0x000011b0     0xdbab ./Static_Code/System/PE_low_level_init.o
 .debug_macro   0x0000ed5b       0x58 ./Static_Code/System/PE_low_level_init.o
 .debug_macro   0x0000edb3       0x35 ./Static_Code/System/PE_low_level_init.o
 .debug_macro   0x0000ede8       0xa3 ./Static_Code/System/PE_low_level_init.o
 .debug_macro   0x0000ee8b       0x16 ./Static_Code/System/PE_low_level_init.o
 .debug_macro   0x0000eea1      0x10e ./Static_Code/System/PE_low_level_init.o
 .debug_macro   0x0000efaf       0x7f ./Static_Code/System/PE_low_level_init.o
 .debug_macro   0x0000f02e       0x52 ./Static_Code/System/PE_low_level_init.o
 .debug_macro   0x0000f080       0x16 ./Static_Code/System/PE_low_level_init.o
 .debug_macro   0x0000f096       0x43 ./Static_Code/System/PE_low_level_init.o
 .debug_macro   0x0000f0d9      0x180 ./Static_Code/System/PE_low_level_init.o
 .debug_macro   0x0000f259       0x22 ./Static_Code/System/PE_low_level_init.o
 .debug_macro   0x0000f27b       0x7c ./Static_Code/System/PE_low_level_init.o
 .debug_macro   0x0000f2f7     0xda21 ./Static_Code/System/PE_low_level_init.o
 .debug_macro   0x0001cd18     0x1126 ./Static_Code/System/PE_low_level_init.o
 .debug_macro   0x0001de3e       0x22 ./Static_Code/System/PE_low_level_init.o
 .debug_macro   0x0001de60       0x16 ./Static_Code/System/PE_low_level_init.o
 .debug_macro   0x0001de76       0x10 ./Static_Code/System/PE_low_level_init.o
 .debug_macro   0x0001de86       0x11 ./Static_Code/System/PE_low_level_init.o
 .debug_macro   0x0001de97       0x10 ./Static_Code/System/PE_low_level_init.o
 .debug_macro   0x0001dea7       0x10 ./Static_Code/System/PE_low_level_init.o
 .debug_macro   0x0001deb7       0x3e ./Static_Code/System/PE_low_level_init.o
 .debug_macro   0x0001def5       0x19 ./Static_Code/System/PE_low_level_init.o
 .debug_macro   0x0001df0e       0x10 ./Static_Code/System/PE_low_level_init.o
 .debug_macro   0x0001df1e       0x28 ./Static_Code/System/PE_low_level_init.o
 .debug_macro   0x0001df46       0x16 ./Static_Code/System/PE_low_level_init.o
 .debug_macro   0x0001df5c      0x2be ./Sources/Events.o
 .debug_macro   0x0001e21a      0x2be ./Sources/main.o
 .debug_macro   0x0001e4d8      0x2c0 ./SDK/platform/utilities/src/fsl_debug_console.o
 .debug_macro   0x0001e798       0x58 ./SDK/platform/utilities/src/fsl_debug_console.o
 .debug_macro   0x0001e7f0       0x16 ./SDK/platform/utilities/src/fsl_debug_console.o
 .debug_macro   0x0001e806       0x97 ./SDK/platform/utilities/src/fsl_debug_console.o
 .debug_macro   0x0001e89d       0xef ./SDK/platform/utilities/src/fsl_debug_console.o
 .debug_macro   0x0001e98c       0x4a ./SDK/platform/utilities/src/fsl_debug_console.o
 .debug_macro   0x0001e9d6       0x10 ./SDK/platform/utilities/src/fsl_debug_console.o
 .debug_macro   0x0001e9e6       0x22 ./SDK/platform/utilities/src/fsl_debug_console.o
 .debug_macro   0x0001ea08       0xbd ./SDK/platform/utilities/src/fsl_debug_console.o
 .debug_macro   0x0001eac5       0x16 ./SDK/platform/utilities/src/fsl_debug_console.o
 .debug_macro   0x0001eadb      0x14a ./SDK/platform/utilities/src/fsl_debug_console.o
 .debug_macro   0x0001ec25       0x35 ./SDK/platform/utilities/src/fsl_debug_console.o
 .debug_macro   0x0001ec5a      0x20f ./SDK/platform/utilities/src/fsl_debug_console.o
 .debug_macro   0x0001ee69       0x82 ./SDK/platform/utilities/src/fsl_debug_console.o
 .debug_macro   0x0001eeeb       0x22 ./SDK/platform/utilities/src/fsl_debug_console.o
 .debug_macro   0x0001ef0d       0x3a ./SDK/platform/utilities/src/fsl_debug_console.o
 .debug_macro   0x0001ef47      0x2a6 ./SDK/platform/utilities/src/fsl_debug_console.o
 .debug_macro   0x0001f1ed       0x10 ./SDK/platform/utilities/src/fsl_debug_console.o
 .debug_macro   0x0001f1fd      0x17b ./SDK/platform/utilities/src/fsl_misc_utilities.o
 .debug_macro   0x0001f378       0x2e ./SDK/platform/utilities/src/fsl_misc_utilities.o
 .debug_macro   0x0001f3a6       0x10 ./SDK/platform/utilities/src/fsl_misc_utilities.o
 .debug_macro   0x0001f3b6      0x241 ./SDK/platform/utilities/src/fsl_misc_utilities.o
 .debug_macro   0x0001f5f7      0x177 ./SDK/platform/system/src/interrupt/fsl_interrupt_manager.o
 .debug_macro   0x0001f76e       0x4c ./SDK/platform/system/src/interrupt/fsl_interrupt_manager.o
 .debug_macro   0x0001f7ba      0x1e7 ./SDK/platform/system/src/clock/MKL43Z4/fsl_clock_MKL43Z4.o
 .debug_macro   0x0001f9a1      0x22f ./SDK/platform/system/src/clock/fsl_clock_manager.o
 .debug_macro   0x0001fbd0      0x213 ./SDK/platform/osa/src/fsl_os_abstraction_bm.o
 .debug_macro   0x0001fde3      0x174 ./SDK/platform/hal/src/uart/fsl_uart_hal.o
 .debug_macro   0x0001ff57      0x17d ./SDK/platform/hal/src/mcglite/fsl_mcglite_hal.o
 .debug_macro   0x000200d4      0x15d ./SDK/platform/drivers/src/uart/fsl_uart_common.o
 .debug_macro   0x00020231      0x25a ./SDK/platform/drivers/src/uart/fsl_uart_driver.o
 .debug_macro   0x0002048b      0x166 ./SDK/platform/drivers/src/uart/fsl_uart_driver.o
 .debug_macro   0x000205f1      0x158 ./SDK/platform/devices/MKL43Z4/startup/system_MKL43Z4.o
 .debug_macro   0x00020749      0x167 ./SDK/platform/devices/startup.o
 .debug_macro   0x000208b0      0x2d0 ./Generated_Code/Cpu.o
 .debug_macro   0x00020b80       0x10 ./Generated_Code/Cpu.o
 .debug_macro   0x00020b90      0x1b1 ./Generated_Code/hardware_init.o
 .debug_macro   0x00020d41      0x29a ./Generated_Code/osa1.o
 .debug_macro   0x00020fdb      0x1a5 ./Generated_Code/pin_init.o
 .debug_macro   0x00021180      0x2bd ./Generated_Code/uartCom1.o

.debug_line     0x00000000     0x8822
 .debug_line    0x00000000      0x760 ./Static_Code/System/PE_low_level_init.o
 .debug_line    0x00000760      0x6f8 ./Sources/Events.o
 .debug_line    0x00000e58      0x6f4 ./Sources/main.o
 .debug_line    0x0000154c      0x91b ./SDK/platform/utilities/src/fsl_debug_console.o
 .debug_line    0x00001e67      0x35c ./SDK/platform/utilities/src/fsl_misc_utilities.o
 .debug_line    0x000021c3      0x495 ./SDK/platform/system/src/interrupt/fsl_interrupt_manager.o
 .debug_line    0x00002658      0xaa3 ./SDK/platform/system/src/clock/MKL43Z4/fsl_clock_MKL43Z4.o
 .debug_line    0x000030fb      0x965 ./SDK/platform/system/src/clock/fsl_clock_manager.o
 .debug_line    0x00003a60      0xa29 ./SDK/platform/osa/src/fsl_os_abstraction_bm.o
 .debug_line    0x00004489      0x854 ./SDK/platform/hal/src/uart/fsl_uart_hal.o
 .debug_line    0x00004cdd      0x4b7 ./SDK/platform/hal/src/mcglite/fsl_mcglite_hal.o
 .debug_line    0x00005194      0x3bc ./SDK/platform/drivers/src/uart/fsl_uart_common.o
 .debug_line    0x00005550      0xb22 ./SDK/platform/drivers/src/uart/fsl_uart_driver.o
 .debug_line    0x00006072       0x77 ./SDK/platform/devices/MKL43Z4/startup/gcc/startup_MKL43Z4.o
 .debug_line    0x000060e9      0x40c ./SDK/platform/devices/MKL43Z4/startup/system_MKL43Z4.o
 .debug_line    0x000064f5      0x3a5 ./SDK/platform/devices/startup.o
 .debug_line    0x0000689a      0x73a ./Generated_Code/Cpu.o
 .debug_line    0x00006fd4      0x4c8 ./Generated_Code/hardware_init.o
 .debug_line    0x0000749c      0x715 ./Generated_Code/osa1.o
 .debug_line    0x00007bb1      0x548 ./Generated_Code/pin_init.o
 .debug_line    0x000080f9      0x729 ./Generated_Code/uartCom1.o

.debug_str      0x00000000   0x1297dd
 .debug_str     0x00000000   0x123581 ./Static_Code/System/PE_low_level_init.o
                             0x12376c (size before relaxing)
 .debug_str     0x00123581       0x4f ./Sources/Events.o
                             0x123745 (size before relaxing)
 .debug_str     0x001235d0      0x473 ./Sources/main.o
                             0x123b98 (size before relaxing)
 .debug_str     0x00123a43     0x257a ./SDK/platform/utilities/src/fsl_debug_console.o
                             0x125e9b (size before relaxing)
 .debug_str     0x00125fbd      0x6b8 ./SDK/platform/utilities/src/fsl_misc_utilities.o
                               0x58ac (size before relaxing)
 .debug_str     0x00126675      0x28c ./SDK/platform/system/src/interrupt/fsl_interrupt_manager.o
                             0x12346a (size before relaxing)
 .debug_str     0x00126901      0xfa7 ./SDK/platform/system/src/clock/MKL43Z4/fsl_clock_MKL43Z4.o
                             0x124634 (size before relaxing)
 .debug_str     0x001278a8      0x928 ./SDK/platform/system/src/clock/fsl_clock_manager.o
                             0x124687 (size before relaxing)
 .debug_str     0x001281d0      0x58b ./SDK/platform/osa/src/fsl_os_abstraction_bm.o
                             0x123da0 (size before relaxing)
 .debug_str     0x0012875b      0x754 ./SDK/platform/hal/src/uart/fsl_uart_hal.o
                             0x123c85 (size before relaxing)
 .debug_str     0x00128eaf      0x160 ./SDK/platform/hal/src/mcglite/fsl_mcglite_hal.o
                             0x123449 (size before relaxing)
 .debug_str     0x0012900f       0x5d ./SDK/platform/drivers/src/uart/fsl_uart_common.o
                             0x1233c0 (size before relaxing)
 .debug_str     0x0012906c      0x325 ./SDK/platform/drivers/src/uart/fsl_uart_driver.o
                             0x1254bd (size before relaxing)
 .debug_str     0x00129391       0xb0 ./SDK/platform/devices/MKL43Z4/startup/system_MKL43Z4.o
                             0x1232d7 (size before relaxing)
 .debug_str     0x00129441      0x119 ./SDK/platform/devices/startup.o
                             0x123215 (size before relaxing)
 .debug_str     0x0012955a       0x4c ./Generated_Code/Cpu.o
                             0x1239c4 (size before relaxing)
 .debug_str     0x001295a6       0x22 ./Generated_Code/hardware_init.o
                             0x1235d1 (size before relaxing)
 .debug_str     0x001295c8       0xe5 ./Generated_Code/osa1.o
                             0x123a6a (size before relaxing)
 .debug_str     0x001296ad       0xfb ./Generated_Code/pin_init.o
                             0x1233b8 (size before relaxing)
 .debug_str     0x001297a8       0x35 ./Generated_Code/uartCom1.o
                             0x1239d1 (size before relaxing)

.comment        0x00000000       0x70
 .comment       0x00000000       0x70 ./Static_Code/System/PE_low_level_init.o
                                 0x71 (size before relaxing)
 .comment       0x00000000       0x71 ./Sources/Events.o
 .comment       0x00000000       0x71 ./Sources/main.o
 .comment       0x00000000       0x71 ./SDK/platform/utilities/src/fsl_debug_console.o
 .comment       0x00000000       0x71 ./SDK/platform/utilities/src/fsl_misc_utilities.o
 .comment       0x00000000       0x71 ./SDK/platform/system/src/interrupt/fsl_interrupt_manager.o
 .comment       0x00000000       0x71 ./SDK/platform/system/src/clock/MKL43Z4/fsl_clock_MKL43Z4.o
 .comment       0x00000000       0x71 ./SDK/platform/system/src/clock/fsl_clock_manager.o
 .comment       0x00000000       0x71 ./SDK/platform/osa/src/fsl_os_abstraction_bm.o
 .comment       0x00000000       0x71 ./SDK/platform/hal/src/uart/fsl_uart_hal.o
 .comment       0x00000000       0x71 ./SDK/platform/hal/src/mcglite/fsl_mcglite_hal.o
 .comment       0x00000000       0x71 ./SDK/platform/drivers/src/uart/fsl_uart_common.o
 .comment       0x00000000       0x71 ./SDK/platform/drivers/src/uart/fsl_uart_driver.o
 .comment       0x00000000       0x71 ./SDK/platform/devices/MKL43Z4/startup/system_MKL43Z4.o
 .comment       0x00000000       0x71 ./SDK/platform/devices/startup.o
 .comment       0x00000000       0x71 ./Generated_Code/Cpu.o
 .comment       0x00000000       0x71 ./Generated_Code/hardware_init.o
 .comment       0x00000000       0x71 ./Generated_Code/osa1.o
 .comment       0x00000000       0x71 ./Generated_Code/pin_init.o
 .comment       0x00000000       0x71 ./Generated_Code/uartCom1.o

.debug_frame    0x00000000     0x2938
 .debug_frame   0x00000000       0x48 ./Static_Code/System/PE_low_level_init.o
 .debug_frame   0x00000048       0x50 ./Sources/Events.o
 .debug_frame   0x00000098       0x30 ./Sources/main.o
 .debug_frame   0x000000c8      0x290 ./SDK/platform/utilities/src/fsl_debug_console.o
 .debug_frame   0x00000358       0x50 ./SDK/platform/utilities/src/fsl_misc_utilities.o
 .debug_frame   0x000003a8       0x68 ./SDK/platform/system/src/interrupt/fsl_interrupt_manager.o
 .debug_frame   0x00000410      0x680 ./SDK/platform/system/src/clock/MKL43Z4/fsl_clock_MKL43Z4.o
 .debug_frame   0x00000a90      0x3c4 ./SDK/platform/system/src/clock/fsl_clock_manager.o
 .debug_frame   0x00000e54      0x4b8 ./SDK/platform/osa/src/fsl_os_abstraction_bm.o
 .debug_frame   0x0000130c      0x3b0 ./SDK/platform/hal/src/uart/fsl_uart_hal.o
 .debug_frame   0x000016bc       0xd0 ./SDK/platform/hal/src/mcglite/fsl_mcglite_hal.o
 .debug_frame   0x0000178c      0x430 ./SDK/platform/drivers/src/uart/fsl_uart_driver.o
 .debug_frame   0x00001bbc       0x4c ./SDK/platform/devices/MKL43Z4/startup/system_MKL43Z4.o
 .debug_frame   0x00001c08       0x30 ./SDK/platform/devices/startup.o
 .debug_frame   0x00001c38       0x30 ./Generated_Code/Cpu.o
 .debug_frame   0x00001c68       0x4c ./Generated_Code/hardware_init.o
 .debug_frame   0x00001cb4       0xd0 ./Generated_Code/osa1.o
 .debug_frame   0x00001d84      0x130 ./Generated_Code/pin_init.o
 .debug_frame   0x00001eb4       0x2c ./Generated_Code/uartCom1.o
 .debug_frame   0x00001ee0       0x20 /opt/Freescale/KDS_v3/toolchain/bin/../lib/gcc/arm-none-eabi/4.8.4/armv6-m/libgcc.a(_udivsi3.o)
 .debug_frame   0x00001f00       0x30 /opt/Freescale/KDS_v3/toolchain/bin/../lib/gcc/arm-none-eabi/4.8.4/armv6-m/libgcc.a(_muldi3.o)
 .debug_frame   0x00001f30       0x50 /opt/Freescale/KDS_v3/toolchain/bin/../lib/gcc/arm-none-eabi/4.8.4/armv6-m/libgcc.a(bpabi.o)
 .debug_frame   0x00001f80       0x3c /opt/Freescale/KDS_v3/toolchain/bin/../lib/gcc/arm-none-eabi/4.8.4/armv6-m/libgcc.a(_divdi3.o)
 .debug_frame   0x00001fbc       0x3c /opt/Freescale/KDS_v3/toolchain/bin/../lib/gcc/arm-none-eabi/4.8.4/armv6-m/libgcc.a(_udivdi3.o)
 .debug_frame   0x00001ff8       0x4c /opt/Freescale/KDS_v3/toolchain/bin/../lib/gcc/arm-none-eabi/4.8.4/../../../../arm-none-eabi/lib/armv6-m/libg_s.a(lib_a-assert.o)
 .debug_frame   0x00002044       0x20 /opt/Freescale/KDS_v3/toolchain/bin/../lib/gcc/arm-none-eabi/4.8.4/../../../../arm-none-eabi/lib/armv6-m/libg_s.a(lib_a-errno.o)
 .debug_frame   0x00002064       0x28 /opt/Freescale/KDS_v3/toolchain/bin/../lib/gcc/arm-none-eabi/4.8.4/../../../../arm-none-eabi/lib/armv6-m/libg_s.a(lib_a-exit.o)
 .debug_frame   0x0000208c       0x4c /opt/Freescale/KDS_v3/toolchain/bin/../lib/gcc/arm-none-eabi/4.8.4/../../../../arm-none-eabi/lib/armv6-m/libg_s.a(lib_a-fprintf.o)
 .debug_frame   0x000020d8       0x2c /opt/Freescale/KDS_v3/toolchain/bin/../lib/gcc/arm-none-eabi/4.8.4/../../../../arm-none-eabi/lib/armv6-m/libg_s.a(lib_a-init.o)
 .debug_frame   0x00002104       0x20 /opt/Freescale/KDS_v3/toolchain/bin/../lib/gcc/arm-none-eabi/4.8.4/../../../../arm-none-eabi/lib/armv6-m/libg_s.a(lib_a-memset.o)
 .debug_frame   0x00002124       0x2c /opt/Freescale/KDS_v3/toolchain/bin/../lib/gcc/arm-none-eabi/4.8.4/../../../../arm-none-eabi/lib/armv6-m/libg_s.a(lib_a-nano-freer.o)
 .debug_frame   0x00002150       0x2c /opt/Freescale/KDS_v3/toolchain/bin/../lib/gcc/arm-none-eabi/4.8.4/../../../../arm-none-eabi/lib/armv6-m/libg_s.a(lib_a-nano-mallocr.o)
 .debug_frame   0x0000217c       0x2c /opt/Freescale/KDS_v3/toolchain/bin/../lib/gcc/arm-none-eabi/4.8.4/../../../../arm-none-eabi/lib/armv6-m/libg_s.a(lib_a-sbrkr.o)
 .debug_frame   0x000021a8       0x20 /opt/Freescale/KDS_v3/toolchain/bin/../lib/gcc/arm-none-eabi/4.8.4/../../../../arm-none-eabi/lib/armv6-m/libg_s.a(lib_a-strlen.o)
 .debug_frame   0x000021c8       0xa0 /opt/Freescale/KDS_v3/toolchain/bin/../lib/gcc/arm-none-eabi/4.8.4/../../../../arm-none-eabi/lib/armv6-m/libg_s.a(lib_a-vfprintf.o)
 .debug_frame   0x00002268       0x54 /opt/Freescale/KDS_v3/toolchain/bin/../lib/gcc/arm-none-eabi/4.8.4/../../../../arm-none-eabi/lib/armv6-m/libg_s.a(lib_a-vfprintf_i.o)
 .debug_frame   0x000022bc       0x44 /opt/Freescale/KDS_v3/toolchain/bin/../lib/gcc/arm-none-eabi/4.8.4/../../../../arm-none-eabi/lib/armv6-m/libg_s.a(lib_a-wbuf.o)
 .debug_frame   0x00002300       0x2c /opt/Freescale/KDS_v3/toolchain/bin/../lib/gcc/arm-none-eabi/4.8.4/../../../../arm-none-eabi/lib/armv6-m/libg_s.a(lib_a-wsetup.o)
 .debug_frame   0x0000232c       0x28 /opt/Freescale/KDS_v3/toolchain/bin/../lib/gcc/arm-none-eabi/4.8.4/../../../../arm-none-eabi/lib/armv6-m/libg_s.a(lib_a-abort.o)
 .debug_frame   0x00002354       0x68 /opt/Freescale/KDS_v3/toolchain/bin/../lib/gcc/arm-none-eabi/4.8.4/../../../../arm-none-eabi/lib/armv6-m/libg_s.a(lib_a-fflush.o)
 .debug_frame   0x000023bc      0x148 /opt/Freescale/KDS_v3/toolchain/bin/../lib/gcc/arm-none-eabi/4.8.4/../../../../arm-none-eabi/lib/armv6-m/libg_s.a(lib_a-findfp.o)
 .debug_frame   0x00002504       0x30 /opt/Freescale/KDS_v3/toolchain/bin/../lib/gcc/arm-none-eabi/4.8.4/../../../../arm-none-eabi/lib/armv6-m/libg_s.a(lib_a-makebuf.o)
 .debug_frame   0x00002534       0x20 /opt/Freescale/KDS_v3/toolchain/bin/../lib/gcc/arm-none-eabi/4.8.4/../../../../arm-none-eabi/lib/armv6-m/libg_s.a(lib_a-memchr-stub.o)
 .debug_frame   0x00002554       0x48 /opt/Freescale/KDS_v3/toolchain/bin/../lib/gcc/arm-none-eabi/4.8.4/../../../../arm-none-eabi/lib/armv6-m/libg_s.a(lib_a-reent.o)
 .debug_frame   0x0000259c       0xe0 /opt/Freescale/KDS_v3/toolchain/bin/../lib/gcc/arm-none-eabi/4.8.4/../../../../arm-none-eabi/lib/armv6-m/libg_s.a(lib_a-signal.o)
 .debug_frame   0x0000267c       0x44 /opt/Freescale/KDS_v3/toolchain/bin/../lib/gcc/arm-none-eabi/4.8.4/../../../../arm-none-eabi/lib/armv6-m/libg_s.a(lib_a-signalr.o)
 .debug_frame   0x000026c0       0x90 /opt/Freescale/KDS_v3/toolchain/bin/../lib/gcc/arm-none-eabi/4.8.4/../../../../arm-none-eabi/lib/armv6-m/libg_s.a(lib_a-stdio.o)
 .debug_frame   0x00002750       0x2c /opt/Freescale/KDS_v3/toolchain/bin/../lib/gcc/arm-none-eabi/4.8.4/../../../../arm-none-eabi/lib/armv6-m/libg_s.a(lib_a-writer.o)
 .debug_frame   0x0000277c       0x2c /opt/Freescale/KDS_v3/toolchain/bin/../lib/gcc/arm-none-eabi/4.8.4/../../../../arm-none-eabi/lib/armv6-m/libg_s.a(lib_a-closer.o)
 .debug_frame   0x000027a8       0x2c /opt/Freescale/KDS_v3/toolchain/bin/../lib/gcc/arm-none-eabi/4.8.4/../../../../arm-none-eabi/lib/armv6-m/libg_s.a(lib_a-fstatr.o)
 .debug_frame   0x000027d4       0x2c /opt/Freescale/KDS_v3/toolchain/bin/../lib/gcc/arm-none-eabi/4.8.4/../../../../arm-none-eabi/lib/armv6-m/libg_s.a(lib_a-isattyr.o)
 .debug_frame   0x00002800       0x2c /opt/Freescale/KDS_v3/toolchain/bin/../lib/gcc/arm-none-eabi/4.8.4/../../../../arm-none-eabi/lib/armv6-m/libg_s.a(lib_a-lseekr.o)
 .debug_frame   0x0000282c       0x2c /opt/Freescale/KDS_v3/toolchain/bin/../lib/gcc/arm-none-eabi/4.8.4/../../../../arm-none-eabi/lib/armv6-m/libg_s.a(lib_a-readr.o)
 .debug_frame   0x00002858       0x20 /opt/Freescale/KDS_v3/toolchain/bin/../lib/gcc/arm-none-eabi/4.8.4/../../../../arm-none-eabi/lib/armv6-m/libnosys.a(close.o)
 .debug_frame   0x00002878       0x20 /opt/Freescale/KDS_v3/toolchain/bin/../lib/gcc/arm-none-eabi/4.8.4/../../../../arm-none-eabi/lib/armv6-m/libnosys.a(fstat.o)
 .debug_frame   0x00002898       0x20 /opt/Freescale/KDS_v3/toolchain/bin/../lib/gcc/arm-none-eabi/4.8.4/../../../../arm-none-eabi/lib/armv6-m/libnosys.a(getpid.o)
 .debug_frame   0x000028b8       0x20 /opt/Freescale/KDS_v3/toolchain/bin/../lib/gcc/arm-none-eabi/4.8.4/../../../../arm-none-eabi/lib/armv6-m/libnosys.a(isatty.o)
 .debug_frame   0x000028d8       0x20 /opt/Freescale/KDS_v3/toolchain/bin/../lib/gcc/arm-none-eabi/4.8.4/../../../../arm-none-eabi/lib/armv6-m/libnosys.a(kill.o)
 .debug_frame   0x000028f8       0x20 /opt/Freescale/KDS_v3/toolchain/bin/../lib/gcc/arm-none-eabi/4.8.4/../../../../arm-none-eabi/lib/armv6-m/libnosys.a(lseek.o)
 .debug_frame   0x00002918       0x20 /opt/Freescale/KDS_v3/toolchain/bin/../lib/gcc/arm-none-eabi/4.8.4/../../../../arm-none-eabi/lib/armv6-m/libnosys.a(_exit.o)

.stab           0x00000000       0x9c
 .stab          0x00000000       0x24 /opt/Freescale/KDS_v3/toolchain/bin/../lib/gcc/arm-none-eabi/4.8.4/../../../../arm-none-eabi/lib/armv6-m/libnosys.a(close.o)
 .stab          0x00000024       0x18 /opt/Freescale/KDS_v3/toolchain/bin/../lib/gcc/arm-none-eabi/4.8.4/../../../../arm-none-eabi/lib/armv6-m/libnosys.a(fstat.o)
                                 0x24 (size before relaxing)
 .stab          0x0000003c       0x18 /opt/Freescale/KDS_v3/toolchain/bin/../lib/gcc/arm-none-eabi/4.8.4/../../../../arm-none-eabi/lib/armv6-m/libnosys.a(getpid.o)
                                 0x24 (size before relaxing)
 .stab          0x00000054       0x18 /opt/Freescale/KDS_v3/toolchain/bin/../lib/gcc/arm-none-eabi/4.8.4/../../../../arm-none-eabi/lib/armv6-m/libnosys.a(isatty.o)
                                 0x24 (size before relaxing)
 .stab          0x0000006c       0x18 /opt/Freescale/KDS_v3/toolchain/bin/../lib/gcc/arm-none-eabi/4.8.4/../../../../arm-none-eabi/lib/armv6-m/libnosys.a(kill.o)
                                 0x24 (size before relaxing)
 .stab          0x00000084       0x18 /opt/Freescale/KDS_v3/toolchain/bin/../lib/gcc/arm-none-eabi/4.8.4/../../../../arm-none-eabi/lib/armv6-m/libnosys.a(lseek.o)
                                 0x24 (size before relaxing)

.stabstr        0x00000000      0x14f
 .stabstr       0x00000000      0x14f /opt/Freescale/KDS_v3/toolchain/bin/../lib/gcc/arm-none-eabi/4.8.4/../../../../arm-none-eabi/lib/armv6-m/libnosys.a(close.o)
