Archive member included because of file (symbol)

/opt/Freescale/KDS_v3/toolchain/bin/../lib/gcc/arm-none-eabi/4.8.4/armv6-m/libgcc.a(_udivsi3.o)
                              ./SDK/platform/utilities/src/print_scan.o (__aeabi_uidiv)
/opt/Freescale/KDS_v3/toolchain/bin/../lib/gcc/arm-none-eabi/4.8.4/armv6-m/libgcc.a(_divsi3.o)
                              ./SDK/platform/utilities/src/print_scan.o (__aeabi_idiv)
/opt/Freescale/KDS_v3/toolchain/bin/../lib/gcc/arm-none-eabi/4.8.4/armv6-m/libgcc.a(_dvmd_tls.o)
                              /opt/Freescale/KDS_v3/toolchain/bin/../lib/gcc/arm-none-eabi/4.8.4/armv6-m/libgcc.a(_udivsi3.o) (__aeabi_idiv0)
/opt/Freescale/KDS_v3/toolchain/bin/../lib/gcc/arm-none-eabi/4.8.4/armv6-m/libgcc.a(_aeabi_uldivmod.o)
                              ./Generated_Code/osa1.o (__aeabi_uldivmod)
/opt/Freescale/KDS_v3/toolchain/bin/../lib/gcc/arm-none-eabi/4.8.4/armv6-m/libgcc.a(_muldi3.o)
                              ./Generated_Code/osa1.o (__aeabi_lmul)
/opt/Freescale/KDS_v3/toolchain/bin/../lib/gcc/arm-none-eabi/4.8.4/armv6-m/libgcc.a(bpabi.o)
                              /opt/Freescale/KDS_v3/toolchain/bin/../lib/gcc/arm-none-eabi/4.8.4/armv6-m/libgcc.a(_aeabi_uldivmod.o) (__gnu_uldivmod_helper)
/opt/Freescale/KDS_v3/toolchain/bin/../lib/gcc/arm-none-eabi/4.8.4/armv6-m/libgcc.a(_divdi3.o)
                              /opt/Freescale/KDS_v3/toolchain/bin/../lib/gcc/arm-none-eabi/4.8.4/armv6-m/libgcc.a(bpabi.o) (__divdi3)
/opt/Freescale/KDS_v3/toolchain/bin/../lib/gcc/arm-none-eabi/4.8.4/armv6-m/libgcc.a(_udivdi3.o)
                              /opt/Freescale/KDS_v3/toolchain/bin/../lib/gcc/arm-none-eabi/4.8.4/armv6-m/libgcc.a(bpabi.o) (__udivdi3)
/opt/Freescale/KDS_v3/toolchain/bin/../lib/gcc/arm-none-eabi/4.8.4/armv6-m/libgcc.a(_clzsi2.o)
                              /opt/Freescale/KDS_v3/toolchain/bin/../lib/gcc/arm-none-eabi/4.8.4/armv6-m/libgcc.a(_divdi3.o) (__clzsi2)
/opt/Freescale/KDS_v3/toolchain/bin/../lib/gcc/arm-none-eabi/4.8.4/../../../../arm-none-eabi/lib/armv6-m/libg_s.a(lib_a-assert.o)
                              ./SDK/platform/system/src/interrupt/fsl_interrupt_manager.o (__assert_func)
/opt/Freescale/KDS_v3/toolchain/bin/../lib/gcc/arm-none-eabi/4.8.4/../../../../arm-none-eabi/lib/armv6-m/libg_s.a(lib_a-calloc.o)
                              ./SDK/platform/osa/src/fsl_os_abstraction_bm.o (calloc)
/opt/Freescale/KDS_v3/toolchain/bin/../lib/gcc/arm-none-eabi/4.8.4/../../../../arm-none-eabi/lib/armv6-m/libg_s.a(lib_a-errno.o)
                              ./SDK/platform/utilities/src/fsl_misc_utilities.o (__errno)
/opt/Freescale/KDS_v3/toolchain/bin/../lib/gcc/arm-none-eabi/4.8.4/../../../../arm-none-eabi/lib/armv6-m/libg_s.a(lib_a-exit.o)
                              /opt/Freescale/KDS_v3/toolchain/bin/../lib/gcc/arm-none-eabi/4.8.4/../../../../arm-none-eabi/lib/armv6-m/crt0.o (exit)
/opt/Freescale/KDS_v3/toolchain/bin/../lib/gcc/arm-none-eabi/4.8.4/../../../../arm-none-eabi/lib/armv6-m/libg_s.a(lib_a-fprintf.o)
                              /opt/Freescale/KDS_v3/toolchain/bin/../lib/gcc/arm-none-eabi/4.8.4/../../../../arm-none-eabi/lib/armv6-m/libg_s.a(lib_a-assert.o) (fiprintf)
/opt/Freescale/KDS_v3/toolchain/bin/../lib/gcc/arm-none-eabi/4.8.4/../../../../arm-none-eabi/lib/armv6-m/libg_s.a(lib_a-impure.o)
                              /opt/Freescale/KDS_v3/toolchain/bin/../lib/gcc/arm-none-eabi/4.8.4/../../../../arm-none-eabi/lib/armv6-m/libg_s.a(lib_a-exit.o) (_global_impure_ptr)
/opt/Freescale/KDS_v3/toolchain/bin/../lib/gcc/arm-none-eabi/4.8.4/../../../../arm-none-eabi/lib/armv6-m/libg_s.a(lib_a-init.o)
                              /opt/Freescale/KDS_v3/toolchain/bin/../lib/gcc/arm-none-eabi/4.8.4/../../../../arm-none-eabi/lib/armv6-m/crt0.o (__libc_init_array)
/opt/Freescale/KDS_v3/toolchain/bin/../lib/gcc/arm-none-eabi/4.8.4/../../../../arm-none-eabi/lib/armv6-m/libg_s.a(lib_a-malloc.o)
                              ./SDK/platform/osa/src/fsl_os_abstraction_bm.o (malloc)
/opt/Freescale/KDS_v3/toolchain/bin/../lib/gcc/arm-none-eabi/4.8.4/../../../../arm-none-eabi/lib/armv6-m/libg_s.a(lib_a-memset.o)
                              /opt/Freescale/KDS_v3/toolchain/bin/../lib/gcc/arm-none-eabi/4.8.4/../../../../arm-none-eabi/lib/armv6-m/crt0.o (memset)
/opt/Freescale/KDS_v3/toolchain/bin/../lib/gcc/arm-none-eabi/4.8.4/../../../../arm-none-eabi/lib/armv6-m/libg_s.a(lib_a-nano-callocr.o)
                              /opt/Freescale/KDS_v3/toolchain/bin/../lib/gcc/arm-none-eabi/4.8.4/../../../../arm-none-eabi/lib/armv6-m/libg_s.a(lib_a-calloc.o) (_calloc_r)
/opt/Freescale/KDS_v3/toolchain/bin/../lib/gcc/arm-none-eabi/4.8.4/../../../../arm-none-eabi/lib/armv6-m/libg_s.a(lib_a-nano-freer.o)
                              /opt/Freescale/KDS_v3/toolchain/bin/../lib/gcc/arm-none-eabi/4.8.4/../../../../arm-none-eabi/lib/armv6-m/libg_s.a(lib_a-malloc.o) (_free_r)
[...]
Memory Configuration

Name             Origin             Length             Attributes
m_interrupts     0x00000000         0x00000200         xr
m_flash_config   0x00000400         0x00000010         xr
m_interrupts_ram 0x1fffe000         0x00000200         rw
m_text           0x00000410         0x0003fbf0         xr
m_data           0x1fffe200         0x00007e00         rw
*default*        0x00000000         0xffffffff

Linker script and memory map

LOAD /opt/Freescale/KDS_v3/toolchain/bin/../lib/gcc/arm-none-eabi/4.8.4/armv6-m/crti.o
LOAD /opt/Freescale/KDS_v3/toolchain/bin/../lib/gcc/arm-none-eabi/4.8.4/armv6-m/crtbegin.o
LOAD /opt/Freescale/KDS_v3/toolchain/bin/../lib/gcc/arm-none-eabi/4.8.4/../../../../arm-none-eabi/lib/armv6-m/crt0.o
LOAD ./Static_Code/System/PE_low_level_init.o
LOAD ./Sources/Events.o
LOAD ./Sources/main.o
LOAD ./SDK/platform/utilities/src/fsl_debug_console.o
LOAD ./SDK/platform/utilities/src/fsl_misc_utilities.o
LOAD ./SDK/platform/utilities/src/print_scan.o
LOAD ./SDK/platform/system/src/interrupt/fsl_interrupt_manager.o
LOAD ./SDK/platform/system/src/clock/MKL43Z4/fsl_clock_MKL43Z4.o
LOAD ./SDK/platform/system/src/clock/fsl_clock_manager.o
LOAD ./SDK/platform/system/src/clock/fsl_clock_manager_common.o
LOAD ./SDK/platform/osa/src/fsl_os_abstraction_bm.o
LOAD ./SDK/platform/hal/src/uart/fsl_uart_hal.o
LOAD ./SDK/platform/hal/src/sim/MKL43Z4/fsl_sim_hal_MKL43Z4.o
LOAD ./SDK/platform/hal/src/rtc/fsl_rtc_hal.o
LOAD ./SDK/platform/hal/src/port/fsl_port_hal.o
LOAD ./SDK/platform/hal/src/osc/fsl_osc_hal.o
LOAD ./SDK/platform/hal/src/mcglite/fsl_mcglite_hal.o
LOAD ./SDK/platform/hal/src/mcglite/fsl_mcglite_hal_modes.o
LOAD ./SDK/platform/hal/src/lpuart/fsl_lpuart_hal.o
LOAD ./SDK/platform/drivers/src/rtc/fsl_rtc_common.o
LOAD ./SDK/platform/devices/MKL43Z4/startup/gcc/startup_MKL43Z4.o
LOAD ./SDK/platform/devices/MKL43Z4/startup/system_MKL43Z4.o
LOAD ./SDK/platform/devices/startup.o
LOAD ./Generated_Code/Cpu.o
LOAD ./Generated_Code/clockMan1.o
LOAD ./Generated_Code/hardware_init.o
LOAD ./Generated_Code/osa1.o
LOAD ./Generated_Code/pin_init.o
LOAD /opt/Freescale/KDS_v3/toolchain/bin/../lib/gcc/arm-none-eabi/4.8.4/../../../../arm-none-eabi/lib/armv6-m/libstdc++_s.a
LOAD /opt/Freescale/KDS_v3/toolchain/bin/../lib/gcc/arm-none-eabi/4.8.4/../../../../arm-none-eabi/lib/armv6-m/libm.a
START GROUP
LOAD /opt/Freescale/KDS_v3/toolchain/bin/../lib/gcc/arm-none-eabi/4.8.4/armv6-m/libgcc.a
LOAD /opt/Freescale/KDS_v3/toolchain/bin/../lib/gcc/arm-none-eabi/4.8.4/../../../../arm-none-eabi/lib/armv6-m/libg_s.a
LOAD /opt/Freescale/KDS_v3/toolchain/bin/../lib/gcc/arm-none-eabi/4.8.4/../../../../arm-none-eabi/lib/armv6-m/libc_s.a
END GROUP
START GROUP
LOAD /opt/Freescale/KDS_v3/toolchain/bin/../lib/gcc/arm-none-eabi/4.8.4/armv6-m/libgcc.a
LOAD /opt/Freescale/KDS_v3/toolchain/bin/../lib/gcc/arm-none-eabi/4.8.4/../../../../arm-none-eabi/lib/armv6-m/libc_s.a
LOAD /opt/Freescale/KDS_v3/toolchain/bin/../lib/gcc/arm-none-eabi/4.8.4/../../../../arm-none-eabi/lib/armv6-m/libnosys.a
END GROUP
START GROUP
LOAD /opt/Freescale/KDS_v3/toolchain/bin/../lib/gcc/arm-none-eabi/4.8.4/armv6-m/libgcc.a
LOAD /opt/Freescale/KDS_v3/toolchain/bin/../lib/gcc/arm-none-eabi/4.8.4/../../../../arm-none-eabi/lib/armv6-m/libc_s.a
LOAD /opt/Freescale/KDS_v3/toolchain/bin/../lib/gcc/arm-none-eabi/4.8.4/../../../../arm-none-eabi/lib/armv6-m/libnosys.a
END GROUP
LOAD /opt/Freescale/KDS_v3/toolchain/bin/../lib/gcc/arm-none-eabi/4.8.4/armv6-m/crtend.o
LOAD /opt/Freescale/KDS_v3/toolchain/bin/../lib/gcc/arm-none-eabi/4.8.4/armv6-m/crtn.o
                0x00000000                HEAP_SIZE = DEFINED (__heap_size__)?__heap_size__:0x0
                0x00000400                STACK_SIZE = DEFINED (__stack_size__)?__stack_size__:0x400

.interrupts     0x00000000       0xc0
                0x00000000                __VECTOR_TABLE = .
                0x00000000                . = ALIGN (0x4)
 *(.isr_vector)
 .isr_vector    0x00000000       0xc0 ./SDK/platform/devices/MKL43Z4/startup/gcc/startup_MKL43Z4.o
                0x00000000                __isr_vector
                0x000000c0                . = ALIGN (0x4)
                0x1fffe000                __VECTOR_RAM = ORIGIN (m_interrupts_ram)

.flash_config   0x00000400       0x10
                0x00000400                . = ALIGN (0x4)
 *(.FlashConfig)
 .FlashConfig   0x00000400       0x10 ./SDK/platform/devices/MKL43Z4/startup/gcc/startup_MKL43Z4.o
                0x00000410                . = ALIGN (0x4)

.text           0x00000410     0x2314
                0x00000410                . = ALIGN (0x4)
 *(.text)
 .text          0x00000410       0x60 /opt/Freescale/KDS_v3/toolchain/bin/../lib/gcc/arm-none-eabi/4.8.4/armv6-m/crtbegin.o
 .text          0x00000470       0x78 /opt/Freescale/KDS_v3/toolchain/bin/../lib/gcc/arm-none-eabi/4.8.4/../../../../arm-none-eabi/lib/armv6-m/crt0.o
                0x00000470                _mainCRTStartup
                0x00000470                _start
 .text          0x000004e8       0x18 ./SDK/platform/devices/MKL43Z4/startup/gcc/startup_MKL43Z4.o
                0x000004e8                Reset_Handler
                0x000004f8                I2C0_IRQHandler
                0x000004f8                HardFault_Handler
                0x000004f8                PendSV_Handler
                0x000004f8                NMI_Handler
                0x000004f8                I2C1_IRQHandler
                0x000004f8                DMA2_IRQHandler
                0x000004f8                TPM0_IRQHandler
                0x000004f8                I2S0_IRQHandler
                0x000004f8                LLWU_IRQHandler
                0x000004f8                Reserved42_IRQHandler
                0x000004f8                ADC0_IRQHandler
                0x000004f8                SPI1_IRQHandler
                0x000004f8                DefaultISR
                0x000004f8                TPM2_IRQHandler
                0x000004f8                Reserved43_IRQHandler
                0x000004f8                RTC_IRQHandler
                0x000004f8                LCD_IRQHandler
                0x000004f8                RTC_Seconds_IRQHandler
                0x000004f8                Reserved20_IRQHandler
                0x000004f8                USB0_IRQHandler
                0x000004f8                PORTCD_IRQHandler
                0x000004f8                PIT_IRQHandler
                0x000004f8                SVC_Handler
                0x000004f8                DMA3_IRQHandler
                0x000004f8                DMA0_IRQHandler
                0x000004f8                LPUART0_IRQHandler
                0x000004f8                DAC0_IRQHandler
                0x000004f8                LPUART1_IRQHandler
                0x000004f8                PMC_IRQHandler
                0x000004f8                TPM1_IRQHandler
                0x000004f8                SPI0_IRQHandler
                0x000004f8                PORTA_IRQHandler
                0x000004f8                FTFA_IRQHandler
                0x000004f8                LPTMR0_IRQHandler
                0x000004f8                UART2_FLEXIO_IRQHandler
                0x000004f8                CMP0_IRQHandler
                0x000004f8                DMA1_IRQHandler
 .text          0x00000500       0x9c /opt/Freescale/KDS_v3/toolchain/bin/../lib/gcc/arm-none-eabi/4.8.4/armv6-m/libgcc.a(_udivsi3.o)
                0x00000500                __udivsi3
                0x00000500                __aeabi_uidiv
                0x00000588                __aeabi_uidivmod
 .text          0x0000059c        0x4 /opt/Freescale/KDS_v3/toolchain/bin/../lib/gcc/arm-none-eabi/4.8.4/armv6-m/libgcc.a(_dvmd_tls.o)
                0x0000059c                __aeabi_ldiv0
                0x0000059c                __aeabi_idiv0
 .text          0x000005a0       0x40 /opt/Freescale/KDS_v3/toolchain/bin/../lib/gcc/arm-none-eabi/4.8.4/armv6-m/libgcc.a(_aeabi_uldivmod.o)
                0x000005a0                __aeabi_uldivmod
 .text          0x000005e0       0x44 /opt/Freescale/KDS_v3/toolchain/bin/../lib/gcc/arm-none-eabi/4.8.4/armv6-m/libgcc.a(_muldi3.o)
                0x000005e0                __aeabi_lmul
                0x000005e0                __muldi3
 .text          0x00000624       0x6c /opt/Freescale/KDS_v3/toolchain/bin/../lib/gcc/arm-none-eabi/4.8.4/armv6-m/libgcc.a(bpabi.o)
                0x00000624                __gnu_ldivmod_helper
                0x0000065c                __gnu_uldivmod_helper
 .text          0x00000690      0x3b8 /opt/Freescale/KDS_v3/toolchain/bin/../lib/gcc/arm-none-eabi/4.8.4/armv6-m/libgcc.a(_divdi3.o)
                0x00000690                __divdi3
 .text          0x00000a48      0x384 /opt/Freescale/KDS_v3/toolchain/bin/../lib/gcc/arm-none-eabi/4.8.4/armv6-m/libgcc.a(_udivdi3.o)
                0x00000a48                __udivdi3
 .text          0x00000dcc       0x3c /opt/Freescale/KDS_v3/toolchain/bin/../lib/gcc/arm-none-eabi/4.8.4/armv6-m/libgcc.a(_clzsi2.o)
                0x00000dcc                __clzsi2
 *(.text*)
 .text.PEX_components_init
                0x00000e08        0xc ./Static_Code/System/PE_low_level_init.o
                0x00000e08                PEX_components_init
 .text.PE_low_level_init
                0x00000e14       0x14 ./Static_Code/System/PE_low_level_init.o
                0x00000e14                PE_low_level_init
 .text.main     0x00000e28       0x10 ./Sources/main.o
                0x00000e28                main
 .text._write   0x00000e38       0x5c ./SDK/platform/utilities/src/fsl_debug_console.o
                0x00000e38                _write
 .text._read    0x00000e94       0x48 ./SDK/platform/utilities/src/fsl_debug_console.o
                0x00000e94                _read
 .text._sbrk    0x00000edc       0x5c ./SDK/platform/utilities/src/fsl_misc_utilities.o
                0x00000edc                _sbrk
 .text.CLOCK_HAL_GetOutDiv1
                0x00000f38       0x28 ./SDK/platform/system/src/clock/MKL43Z4/fsl_clock_MKL43Z4.o
 .text.CLOCK_SYS_GetCoreClockFreq
                0x00000f60       0x34 ./SDK/platform/system/src/clock/MKL43Z4/fsl_clock_MKL43Z4.o
                0x00000f60                CLOCK_SYS_GetCoreClockFreq
 .text.CLOCK_SYS_GetSystickFreq
                0x00000f94       0x28 ./SDK/platform/system/src/clock/fsl_clock_manager.o
                0x00000f94                CLOCK_SYS_GetSystickFreq
 .text.task_init
                0x00000fbc       0x60 ./SDK/platform/osa/src/fsl_os_abstraction_bm.o
                0x00000fbc                task_init
 .text.OSA_Init
                0x0000101c       0x14 ./SDK/platform/osa/src/fsl_os_abstraction_bm.o
                0x0000101c                OSA_Init
 .text.OSA_Start
                0x00001030       0x38 ./SDK/platform/osa/src/fsl_os_abstraction_bm.o
                0x00001030                OSA_Start
 .text.CLOCK_HAL_GetClkSrcStat
                0x00001068       0x20 ./SDK/platform/hal/src/mcglite/fsl_mcglite_hal.o
 .text.CLOCK_HAL_GetLircClk
                0x00001088       0x54 ./SDK/platform/hal/src/mcglite/fsl_mcglite_hal.o
                0x00001088                CLOCK_HAL_GetLircClk
 .text.CLOCK_HAL_GetOutClk
                0x000010dc       0x74 ./SDK/platform/hal/src/mcglite/fsl_mcglite_hal.o
                0x000010dc                CLOCK_HAL_GetOutClk
 .text.SystemInit
                0x00001150       0xc8 ./SDK/platform/devices/MKL43Z4/startup/system_MKL43Z4.o
                0x00001150                SystemInit
 .text.init_data_bss
                0x00001218       0xc8 ./SDK/platform/devices/startup.o
                0x00001218                init_data_bss
 .text.Components_Init
                0x000012e0        0x8 ./Generated_Code/Cpu.o
                0x000012e0                Components_Init
 .text.SIM_HAL_EnableClock
                0x000012e8       0x58 ./Generated_Code/hardware_init.o
 .text.hardware_init
                0x00001340       0x34 ./Generated_Code/hardware_init.o
                0x00001340                hardware_init
 .text.NVIC_SetPriority
                0x00001374       0xe0 ./Generated_Code/osa1.o
 .text.CLOCK_SYS_SetSystickSrc
                0x00001454       0x30 ./Generated_Code/osa1.o
 .text.SysTick_Handler
                0x00001484       0x1c ./Generated_Code/osa1.o
                0x00001484                SysTick_Handler
 .text.OSA_TimeInit
                0x000014a0       0xa0 ./Generated_Code/osa1.o
                0x000014a0                OSA_TimeInit
 .text.PORT_HAL_SetMuxMode
                0x00001540       0x4c ./Generated_Code/pin_init.o
 .text.init_coredebug_pins
                0x0000158c       0x2c ./Generated_Code/pin_init.o
                0x0000158c                init_coredebug_pins
 .text.init_osc_pins
                0x000015b8       0x2c ./Generated_Code/pin_init.o
                0x000015b8                init_osc_pins
 .text.init_rcm_pins
                0x000015e4       0x20 ./Generated_Code/pin_init.o
                0x000015e4                init_rcm_pins
 .text.__assert_func
                0x00001604       0x3c /opt/Freescale/KDS_v3/toolchain/bin/../lib/gcc/arm-none-eabi/4.8.4/../../../../arm-none-eabi/lib/armv6-m/libg_s.a(lib_a-assert.o)
                0x00001604                __assert_func
 .text.__errno  0x00001640        0xc /opt/Freescale/KDS_v3/toolchain/bin/../lib/gcc/arm-none-eabi/4.8.4/../../../../arm-none-eabi/lib/armv6-m/libg_s.a(lib_a-errno.o)
                0x00001640                __errno
 .text.exit     0x0000164c       0x2c /opt/Freescale/KDS_v3/toolchain/bin/../lib/gcc/arm-none-eabi/4.8.4/../../../../arm-none-eabi/lib/armv6-m/libg_s.a(lib_a-exit.o)
                0x0000164c                exit
 .text.fprintf  0x00001678       0x24 /opt/Freescale/KDS_v3/toolchain/bin/../lib/gcc/arm-none-eabi/4.8.4/../../../../arm-none-eabi/lib/armv6-m/libg_s.a(lib_a-fprintf.o)
                0x00001678                fprintf
                0x00001678                fiprintf
 .text.__libc_init_array
                0x0000169c       0x4c /opt/Freescale/KDS_v3/toolchain/bin/../lib/gcc/arm-none-eabi/4.8.4/../../../../arm-none-eabi/lib/armv6-m/libg_s.a(lib_a-init.o)
                0x0000169c                __libc_init_array
 .text.memset   0x000016e8       0x10 /opt/Freescale/KDS_v3/toolchain/bin/../lib/gcc/arm-none-eabi/4.8.4/../../../../arm-none-eabi/lib/armv6-m/libg_s.a(lib_a-memset.o)
                0x000016e8                memset
 .text._free_r  0x000016f8       0x90 /opt/Freescale/KDS_v3/toolchain/bin/../lib/gcc/arm-none-eabi/4.8.4/../../../../arm-none-eabi/lib/armv6-m/libg_s.a(lib_a-nano-freer.o)
                0x000016f8                _free_r
 .text._malloc_r
                0x00001788       0xa8 /opt/Freescale/KDS_v3/toolchain/bin/../lib/gcc/arm-none-eabi/4.8.4/../../../../arm-none-eabi/lib/armv6-m/libg_s.a(lib_a-nano-mallocr.o)
                0x00001788                _malloc_r
 .text._sbrk_r  0x00001830       0x24 /opt/Freescale/KDS_v3/toolchain/bin/../lib/gcc/arm-none-eabi/4.8.4/../../../../arm-none-eabi/lib/armv6-m/libg_s.a(lib_a-sbrkr.o)
                0x00001830                _sbrk_r
 .text.strlen   0x00001854        0xe /opt/Freescale/KDS_v3/toolchain/bin/../lib/gcc/arm-none-eabi/4.8.4/../../../../arm-none-eabi/lib/armv6-m/libg_s.a(lib_a-strlen.o)
                0x00001854                strlen
 .text.__sfputc_r
                0x00001862       0x2a /opt/Freescale/KDS_v3/toolchain/bin/../lib/gcc/arm-none-eabi/4.8.4/../../../../arm-none-eabi/lib/armv6-m/libg_s.a(lib_a-vfprintf.o)
 .text.__sfputs_r
                0x0000188c       0x24 /opt/Freescale/KDS_v3/toolchain/bin/../lib/gcc/arm-none-eabi/4.8.4/../../../../arm-none-eabi/lib/armv6-m/libg_s.a(lib_a-vfprintf.o)
                0x0000188c                __sfputs_r
 .text._vfprintf_r
                0x000018b0      0x210 /opt/Freescale/KDS_v3/toolchain/bin/../lib/gcc/arm-none-eabi/4.8.4/../../../../arm-none-eabi/lib/armv6-m/libg_s.a(lib_a-vfprintf.o)
                0x000018b0                _vfiprintf_r
                0x000018b0                _vfprintf_r
 .text._printf_common
                0x00001ac0       0xe8 /opt/Freescale/KDS_v3/toolchain/bin/../lib/gcc/arm-none-eabi/4.8.4/../../../../arm-none-eabi/lib/armv6-m/libg_s.a(lib_a-vfprintf_i.o)
                0x00001ac0                _printf_common
 .text._printf_i
                0x00001ba8      0x22c /opt/Freescale/KDS_v3/toolchain/bin/../lib/gcc/arm-none-eabi/4.8.4/../../../../arm-none-eabi/lib/armv6-m/libg_s.a(lib_a-vfprintf_i.o)
                0x00001ba8                _printf_i
 .text.__swbuf_r
                0x00001dd4       0xb0 /opt/Freescale/KDS_v3/toolchain/bin/../lib/gcc/arm-none-eabi/4.8.4/../../../../arm-none-eabi/lib/armv6-m/libg_s.a(lib_a-wbuf.o)
                0x00001dd4                __swbuf_r
 .text.__swsetup_r
                0x00001e84       0xe4 /opt/Freescale/KDS_v3/toolchain/bin/../lib/gcc/arm-none-eabi/4.8.4/../../../../arm-none-eabi/lib/armv6-m/libg_s.a(lib_a-wsetup.o)
                0x00001e84                __swsetup_r
 .text.abort    0x00001f68        0xe /opt/Freescale/KDS_v3/toolchain/bin/../lib/gcc/arm-none-eabi/4.8.4/../../../../arm-none-eabi/lib/armv6-m/libg_s.a(lib_a-abort.o)
                0x00001f68                abort
 .text.__sflush_r
                0x00001f76      0x112 /opt/Freescale/KDS_v3/toolchain/bin/../lib/gcc/arm-none-eabi/4.8.4/../../../../arm-none-eabi/lib/armv6-m/libg_s.a(lib_a-fflush.o)
                0x00001f76                __sflush_r
 .text._fflush_r
                0x00002088       0x58 /opt/Freescale/KDS_v3/toolchain/bin/../lib/gcc/arm-none-eabi/4.8.4/../../../../arm-none-eabi/lib/armv6-m/libg_s.a(lib_a-fflush.o)
                0x00002088                _fflush_r
 .text._cleanup_r
                0x000020e0       0x34 /opt/Freescale/KDS_v3/toolchain/bin/../lib/gcc/arm-none-eabi/4.8.4/../../../../arm-none-eabi/lib/armv6-m/libg_s.a(lib_a-findfp.o)
                0x000020e0                _cleanup_r
 .text.std.isra.0
                0x00002114       0x48 /opt/Freescale/KDS_v3/toolchain/bin/../lib/gcc/arm-none-eabi/4.8.4/../../../../arm-none-eabi/lib/armv6-m/libg_s.a(lib_a-findfp.o)
 .text.__sfmoreglue
                0x0000215c       0x2c /opt/Freescale/KDS_v3/toolchain/bin/../lib/gcc/arm-none-eabi/4.8.4/../../../../arm-none-eabi/lib/armv6-m/libg_s.a(lib_a-findfp.o)
                0x0000215c                __sfmoreglue
 .text.__sinit  0x00002188       0x64 /opt/Freescale/KDS_v3/toolchain/bin/../lib/gcc/arm-none-eabi/4.8.4/../../../../arm-none-eabi/lib/armv6-m/libg_s.a(lib_a-findfp.o)
                0x00002188                __sinit
 .text.__sfp    0x000021ec       0x7c /opt/Freescale/KDS_v3/toolchain/bin/../lib/gcc/arm-none-eabi/4.8.4/../../../../arm-none-eabi/lib/armv6-m/libg_s.a(lib_a-findfp.o)
                0x000021ec                __sfp
 .text.__smakebuf_r
                0x00002268       0xa0 /opt/Freescale/KDS_v3/toolchain/bin/../lib/gcc/arm-none-eabi/4.8.4/../../../../arm-none-eabi/lib/armv6-m/libg_s.a(lib_a-makebuf.o)
                0x00002268                __smakebuf_r
 .text.memchr   0x00002308       0x16 /opt/Freescale/KDS_v3/toolchain/bin/../lib/gcc/arm-none-eabi/4.8.4/../../../../arm-none-eabi/lib/armv6-m/libg_s.a(lib_a-memchr-stub.o)
                0x00002308                memchr
 .text._raise_r
                0x0000231e       0x56 /opt/Freescale/KDS_v3/toolchain/bin/../lib/gcc/arm-none-eabi/4.8.4/../../../../arm-none-eabi/lib/armv6-m/libg_s.a(lib_a-signal.o)
                0x0000231e                _raise_r
 .text.raise    0x00002374       0x14 /opt/Freescale/KDS_v3/toolchain/bin/../lib/gcc/arm-none-eabi/4.8.4/../../../../arm-none-eabi/lib/armv6-m/libg_s.a(lib_a-signal.o)
                0x00002374                raise
 .text._kill_r  0x00002388       0x24 /opt/Freescale/KDS_v3/toolchain/bin/../lib/gcc/arm-none-eabi/4.8.4/../../../../arm-none-eabi/lib/armv6-m/libg_s.a(lib_a-signalr.o)
                0x00002388                _kill_r
 .text._getpid_r
                0x000023ac        0x8 /opt/Freescale/KDS_v3/toolchain/bin/../lib/gcc/arm-none-eabi/4.8.4/../../../../arm-none-eabi/lib/armv6-m/libg_s.a(lib_a-signalr.o)
                0x000023ac                _getpid_r
 .text.__sread  0x000023b4       0x28 /opt/Freescale/KDS_v3/toolchain/bin/../lib/gcc/arm-none-eabi/4.8.4/../../../../arm-none-eabi/lib/armv6-m/libg_s.a(lib_a-stdio.o)
                0x000023b4                __sread
 .text.__swrite
                0x000023dc       0x38 /opt/Freescale/KDS_v3/toolchain/bin/../lib/gcc/arm-none-eabi/4.8.4/../../../../arm-none-eabi/lib/armv6-m/libg_s.a(lib_a-stdio.o)
                0x000023dc                __swrite
 .text.__sseek  0x00002414       0x2c /opt/Freescale/KDS_v3/toolchain/bin/../lib/gcc/arm-none-eabi/4.8.4/../../../../arm-none-eabi/lib/armv6-m/libg_s.a(lib_a-stdio.o)
                0x00002414                __sseek
 .text.__sclose
                0x00002440        0xc /opt/Freescale/KDS_v3/toolchain/bin/../lib/gcc/arm-none-eabi/4.8.4/../../../../arm-none-eabi/lib/armv6-m/libg_s.a(lib_a-stdio.o)
                0x00002440                __sclose
 .text._write_r
                0x0000244c       0x28 /opt/Freescale/KDS_v3/toolchain/bin/../lib/gcc/arm-none-eabi/4.8.4/../../../../arm-none-eabi/lib/armv6-m/libg_s.a(lib_a-writer.o)
                0x0000244c                _write_r
 .text._close_r
                0x00002474       0x24 /opt/Freescale/KDS_v3/toolchain/bin/../lib/gcc/arm-none-eabi/4.8.4/../../../../arm-none-eabi/lib/armv6-m/libg_s.a(lib_a-closer.o)
                0x00002474                _close_r
 .text._fstat_r
                0x00002498       0x24 /opt/Freescale/KDS_v3/toolchain/bin/../lib/gcc/arm-none-eabi/4.8.4/../../../../arm-none-eabi/lib/armv6-m/libg_s.a(lib_a-fstatr.o)
                0x00002498                _fstat_r
 .text._isatty_r
                0x000024bc       0x24 /opt/Freescale/KDS_v3/toolchain/bin/../lib/gcc/arm-none-eabi/4.8.4/../../../../arm-none-eabi/lib/armv6-m/libg_s.a(lib_a-isattyr.o)
                0x000024bc                _isatty_r
 .text._lseek_r
                0x000024e0       0x28 /opt/Freescale/KDS_v3/toolchain/bin/../lib/gcc/arm-none-eabi/4.8.4/../../../../arm-none-eabi/lib/armv6-m/libg_s.a(lib_a-lseekr.o)
                0x000024e0                _lseek_r
 .text._read_r  0x00002508       0x28 /opt/Freescale/KDS_v3/toolchain/bin/../lib/gcc/arm-none-eabi/4.8.4/../../../../arm-none-eabi/lib/armv6-m/libg_s.a(lib_a-readr.o)
                0x00002508                _read_r
 .text._close   0x00002530       0x10 /opt/Freescale/KDS_v3/toolchain/bin/../lib/gcc/arm-none-eabi/4.8.4/../../../../arm-none-eabi/lib/armv6-m/libnosys.a(close.o)
                0x00002530                _close
 .text._fstat   0x00002540       0x10 /opt/Freescale/KDS_v3/toolchain/bin/../lib/gcc/arm-none-eabi/4.8.4/../../../../arm-none-eabi/lib/armv6-m/libnosys.a(fstat.o)
                0x00002540                _fstat
 .text._getpid  0x00002550       0x10 /opt/Freescale/KDS_v3/toolchain/bin/../lib/gcc/arm-none-eabi/4.8.4/../../../../arm-none-eabi/lib/armv6-m/libnosys.a(getpid.o)
                0x00002550                _getpid
 .text._isatty  0x00002560       0x10 /opt/Freescale/KDS_v3/toolchain/bin/../lib/gcc/arm-none-eabi/4.8.4/../../../../arm-none-eabi/lib/armv6-m/libnosys.a(isatty.o)
                0x00002560                _isatty
 .text._kill    0x00002570       0x10 /opt/Freescale/KDS_v3/toolchain/bin/../lib/gcc/arm-none-eabi/4.8.4/../../../../arm-none-eabi/lib/armv6-m/libnosys.a(kill.o)
                0x00002570                _kill
 .text._lseek   0x00002580       0x10 /opt/Freescale/KDS_v3/toolchain/bin/../lib/gcc/arm-none-eabi/4.8.4/../../../../arm-none-eabi/lib/armv6-m/libnosys.a(lseek.o)
                0x00002580                _lseek
 .text._exit    0x00002590        0x4 /opt/Freescale/KDS_v3/toolchain/bin/../lib/gcc/arm-none-eabi/4.8.4/../../../../arm-none-eabi/lib/armv6-m/libnosys.a(_exit.o)
                0x00002590                _exit
 *(.rodata)
 .rodata        0x00002594       0x2c ./Generated_Code/osa1.o
 .rodata        0x000025c0       0x50 ./Generated_Code/pin_init.o
 *(.rodata*)
 .rodata.__func__.6722
                0x00002610       0x10 ./Generated_Code/osa1.o
 .rodata.__func__.5194
                0x00002620       0x14 ./Generated_Code/pin_init.o
 .rodata.str1.1
                0x00002634       0x3c /opt/Freescale/KDS_v3/toolchain/bin/../lib/gcc/arm-none-eabi/4.8.4/../../../../arm-none-eabi/lib/armv6-m/libg_s.a(lib_a-assert.o)
                                 0x3d (size before relaxing)
 .rodata.str1.1
                0x00002670        0x2 /opt/Freescale/KDS_v3/toolchain/bin/../lib/gcc/arm-none-eabi/4.8.4/../../../../arm-none-eabi/lib/armv6-m/libg_s.a(lib_a-impure.o)
 *fill*         0x00002672        0x2 
 .rodata._global_impure_ptr
                0x00002674        0x4 /opt/Freescale/KDS_v3/toolchain/bin/../lib/gcc/arm-none-eabi/4.8.4/../../../../arm-none-eabi/lib/armv6-m/libg_s.a(lib_a-impure.o)
                0x00002674                _global_impure_ptr
 .rodata.str1.1
                0x00002678       0x11 /opt/Freescale/KDS_v3/toolchain/bin/../lib/gcc/arm-none-eabi/4.8.4/../../../../arm-none-eabi/lib/armv6-m/libg_s.a(lib_a-vfprintf.o)
 .rodata.str1.1
                0x00002689       0x22 /opt/Freescale/KDS_v3/toolchain/bin/../lib/gcc/arm-none-eabi/4.8.4/../../../../arm-none-eabi/lib/armv6-m/libg_s.a(lib_a-vfprintf_i.o)
 *fill*         0x000026ab        0x1 
 .rodata.__sf_fake_stdin
                0x000026ac       0x20 /opt/Freescale/KDS_v3/toolchain/bin/../lib/gcc/arm-none-eabi/4.8.4/../../../../arm-none-eabi/lib/armv6-m/libg_s.a(lib_a-findfp.o)
                0x000026ac                __sf_fake_stdin
 .rodata.__sf_fake_stdout
                0x000026cc       0x20 /opt/Freescale/KDS_v3/toolchain/bin/../lib/gcc/arm-none-eabi/4.8.4/../../../../arm-none-eabi/lib/armv6-m/libg_s.a(lib_a-findfp.o)
                0x000026cc                __sf_fake_stdout
 .rodata.__sf_fake_stderr
                0x000026ec       0x20 /opt/Freescale/KDS_v3/toolchain/bin/../lib/gcc/arm-none-eabi/4.8.4/../../../../arm-none-eabi/lib/armv6-m/libg_s.a(lib_a-findfp.o)
                0x000026ec                __sf_fake_stderr
 *(.glue_7)
 .glue_7        0x00000000        0x0 linker stubs
 *(.glue_7t)
 .glue_7t       0x00000000        0x0 linker stubs
 *(.eh_frame)
 .eh_frame      0x0000270c        0x0 /opt/Freescale/KDS_v3/toolchain/bin/../lib/gcc/arm-none-eabi/4.8.4/armv6-m/crtbegin.o
 *(.init)
 .init          0x0000270c        0x4 /opt/Freescale/KDS_v3/toolchain/bin/../lib/gcc/arm-none-eabi/4.8.4/armv6-m/crti.o
                0x0000270c                _init
 .init          0x00002710        0x8 /opt/Freescale/KDS_v3/toolchain/bin/../lib/gcc/arm-none-eabi/4.8.4/armv6-m/crtn.o
 *(.fini)
 .fini          0x00002718        0x4 /opt/Freescale/KDS_v3/toolchain/bin/../lib/gcc/arm-none-eabi/4.8.4/armv6-m/crti.o
                0x00002718                _fini
 .fini          0x0000271c        0x8 /opt/Freescale/KDS_v3/toolchain/bin/../lib/gcc/arm-none-eabi/4.8.4/armv6-m/crtn.o
                0x00002724                . = ALIGN (0x4)

.vfp11_veneer   0x00002724        0x0
 .vfp11_veneer  0x00000000        0x0 linker stubs

.v4_bx          0x00002724        0x0
 .v4_bx         0x00000000        0x0 linker stubs

.iplt           0x00002724        0x0
 .iplt          0x00000000        0x0 /opt/Freescale/KDS_v3/toolchain/bin/../lib/gcc/arm-none-eabi/4.8.4/armv6-m/crtbegin.o

.ARM.extab
 *(.ARM.extab* .gnu.linkonce.armextab.*)

.ARM            0x00002724        0x8
                0x00002724                __exidx_start = .
 *(.ARM.exidx*)
 .ARM.exidx     0x00002724        0x8 /opt/Freescale/KDS_v3/toolchain/bin/../lib/gcc/arm-none-eabi/4.8.4/../../../../arm-none-eabi/lib/armv6-m/crt0.o
 .ARM.exidx     0x0000272c        0x0 /opt/Freescale/KDS_v3/toolchain/bin/../lib/gcc/arm-none-eabi/4.8.4/armv6-m/libgcc.a(_divdi3.o)
                                  0x8 (size before relaxing)
 .ARM.exidx     0x0000272c        0x0 /opt/Freescale/KDS_v3/toolchain/bin/../lib/gcc/arm-none-eabi/4.8.4/armv6-m/libgcc.a(_udivdi3.o)
                                  0x8 (size before relaxing)
                0x0000272c                __exidx_end = .

.rel.dyn        0x0000272c        0x0
 .rel.iplt      0x00000000        0x0 /opt/Freescale/KDS_v3/toolchain/bin/../lib/gcc/arm-none-eabi/4.8.4/armv6-m/crtbegin.o

.ctors          0x0000272c        0x0
                0x0000272c                __CTOR_LIST__ = .
 *crtbegin.o(.ctors)
 *crtbegin?.o(.ctors)
 *(EXCLUDE_FILE(*crtend.o *crtend?.o) .ctors)
 *(SORT(.ctors.*))
 *(.ctors)
                0x0000272c                __CTOR_END__ = .

.dtors          0x0000272c        0x0
                0x0000272c                __DTOR_LIST__ = .
 *crtbegin.o(.dtors)
 *crtbegin?.o(.dtors)
 *(EXCLUDE_FILE(*crtend.o *crtend?.o) .dtors)
 *(SORT(.dtors.*))
 *(.dtors)
                0x0000272c                __DTOR_END__ = .

.preinit_array  0x0000272c        0x0
                0x0000272c                PROVIDE (__preinit_array_start, .)
 *(.preinit_array*)
                0x0000272c                PROVIDE (__preinit_array_end, .)

.init_array     0x0000272c        0x4
                0x0000272c                PROVIDE (__init_array_start, .)
 *(SORT(.init_array.*))
 *(.init_array*)
 .init_array    0x0000272c        0x4 /opt/Freescale/KDS_v3/toolchain/bin/../lib/gcc/arm-none-eabi/4.8.4/armv6-m/crtbegin.o
                0x00002730                PROVIDE (__init_array_end, .)

.fini_array     0x00002730        0x4
                0x00002730                PROVIDE (__fini_array_start, .)
 *(SORT(.fini_array.*))
 *(.fini_array*)
 .fini_array    0x00002730        0x4 /opt/Freescale/KDS_v3/toolchain/bin/../lib/gcc/arm-none-eabi/4.8.4/armv6-m/crtbegin.o
                0x00002734                PROVIDE (__fini_array_end, .)
                0x00002734                __etext = .
                0x00002734                __DATA_ROM = .

.mtb            0x1fffe200        0x0
                0x1fffe200                . = ALIGN (0x8)
                0x1fffe200                _mtb_start = .
 *(.mtb_buf)
                0x1fffe200                . = ALIGN (0x8)
                0x1fffe200                _mtb_end = .

.data           0x1fffe200       0x68 load address 0x00002734
                0x1fffe200                . = ALIGN (0x4)
                0x1fffe200                __DATA_RAM = .
                0x1fffe200                __data_start__ = .
 *(.data)
 *(.data*)
 .data.impure_data
                0x1fffe200       0x60 /opt/Freescale/KDS_v3/toolchain/bin/../lib/gcc/arm-none-eabi/4.8.4/../../../../arm-none-eabi/lib/armv6-m/libg_s.a(lib_a-impure.o)
 .data._impure_ptr
                0x1fffe260        0x4 /opt/Freescale/KDS_v3/toolchain/bin/../lib/gcc/arm-none-eabi/4.8.4/../../../../arm-none-eabi/lib/armv6-m/libg_s.a(lib_a-impure.o)
                0x1fffe260                _impure_ptr
 *(.jcr*)
 .jcr           0x1fffe264        0x0 /opt/Freescale/KDS_v3/toolchain/bin/../lib/gcc/arm-none-eabi/4.8.4/armv6-m/crtbegin.o
 .jcr           0x1fffe264        0x4 /opt/Freescale/KDS_v3/toolchain/bin/../lib/gcc/arm-none-eabi/4.8.4/armv6-m/crtend.o
                0x1fffe268                . = ALIGN (0x4)
                0x1fffe268                __data_end__ = .
                0x0000279c                __DATA_END = (__DATA_ROM + (__data_end__ - __data_start__))

.igot.plt       0x1fffe268        0x0 load address 0x0000279c
 .igot.plt      0x00000000        0x0 /opt/Freescale/KDS_v3/toolchain/bin/../lib/gcc/arm-none-eabi/4.8.4/armv6-m/crtbegin.o

.m_interrupts_ram
                0x1fffe000      0x200
                0x1fffe000                . = ALIGN (0x4)
                0x1fffe000                __m_interrupts_ram_RAMStart = .
 *(.m_interrupts_ram)
                0x1fffe200                . = (. + 0x200)
 *fill*         0x1fffe000      0x200 
                0x1fffe200                __m_interrupts_ram_RAMEnd = .
                0x1fffe200                . = ALIGN (0x4)
                0x00000200                __m_interrupts_ram_ROMSize = (__m_interrupts_ram_RAMEnd - __m_interrupts_ram_RAMStart)
                0x00000200                __RAM_VECTOR_TABLE_SIZE_BYTES = (__m_interrupts_ram_RAMEnd - __m_interrupts_ram_RAMStart)
                0x00040000                text_end = (ORIGIN (m_text) + 0x3fbf0)
                0x0000279c                data_init_end = (__DATA_ROM + SIZEOF (.data))
                0x00000001                ASSERT ((data_init_end <= text_end), region m_text overflowed with text and data)

.bss            0x1fffe268       0xb0 load address 0x0000279c
                0x1fffe268                . = ALIGN (0x4)
                0x1fffe268                __START_BSS = .
                0x1fffe268                __bss_start__ = .
 *(.bss)
 .bss           0x1fffe268       0x1c /opt/Freescale/KDS_v3/toolchain/bin/../lib/gcc/arm-none-eabi/4.8.4/armv6-m/crtbegin.o
 *(.bss*)
 .bss.s_debugConsole
                0x1fffe284       0x10 ./SDK/platform/utilities/src/fsl_debug_console.o
 .bss.heap_end.5138
                0x1fffe294        0x4 ./SDK/platform/utilities/src/fsl_misc_utilities.o
 .bss.g_curTask
                0x1fffe298        0x4 ./SDK/platform/osa/src/fsl_os_abstraction_bm.o
 .bss.g_taskControlBlockPool
                0x1fffe29c       0x50 ./SDK/platform/osa/src/fsl_os_abstraction_bm.o
 .bss.g_freeTaskControlBlock
                0x1fffe2ec        0x4 ./SDK/platform/osa/src/fsl_os_abstraction_bm.o
 .bss.g_taskListHead
                0x1fffe2f0       0x10 ./SDK/platform/osa/src/fsl_os_abstraction_bm.o
 .bss.SwTimerIsrCounter
                0x1fffe300        0x2 ./Generated_Code/osa1.o
 *fill*         0x1fffe302        0x2 
 .bss.__malloc_sbrk_start
                0x1fffe304        0x4 /opt/Freescale/KDS_v3/toolchain/bin/../lib/gcc/arm-none-eabi/4.8.4/../../../../arm-none-eabi/lib/armv6-m/libg_s.a(lib_a-nano-mallocr.o)
                0x1fffe304                __malloc_sbrk_start
 .bss.__malloc_free_list
                0x1fffe308        0x4 /opt/Freescale/KDS_v3/toolchain/bin/../lib/gcc/arm-none-eabi/4.8.4/../../../../arm-none-eabi/lib/armv6-m/libg_s.a(lib_a-nano-mallocr.o)
                0x1fffe308                __malloc_free_list
 *(COMMON)
 COMMON         0x1fffe30c        0x8 ./SDK/platform/hal/src/mcglite/fsl_mcglite_hal.o
                0x1fffe30c                g_xtal0ClkFreq
                0x1fffe310                g_xtalRtcClkFreq
 COMMON         0x1fffe314        0x4 /opt/Freescale/KDS_v3/toolchain/bin/../lib/gcc/arm-none-eabi/4.8.4/../../../../arm-none-eabi/lib/armv6-m/libg_s.a(lib_a-reent.o)
                0x1fffe314                errno
                0x1fffe318                . = ALIGN (0x4)
                0x1fffe318                __bss_end__ = .
                0x1fffe318                __END_BSS = .

.heap           0x1fffe318        0x0
                0x1fffe318                . = ALIGN (0x8)
                0x1fffe318                __end__ = .
                0x1fffe318                PROVIDE (end, .)
                0x1fffe318                __HeapBase = .
                0x1fffe318                . = (. + HEAP_SIZE)
                0x1fffe318                __HeapLimit = .

.stack          0x1fffe318      0x400 load address 0x0000284c
                0x1fffe318                . = ALIGN (0x8)
                0x1fffe718                . = (. + STACK_SIZE)
 *fill*         0x1fffe318      0x400 
                0x20006000                __StackTop = (ORIGIN (m_data) + 0x7e00)
                0x20005c00                __StackLimit = (__StackTop - STACK_SIZE)
                0x20006000                PROVIDE (__stack, __StackTop)

.ARM.attributes
                0x00000000       0x28
 *(.ARM.attributes)
 .ARM.attributes
                0x00000000       0x1e /opt/Freescale/KDS_v3/toolchain/bin/../lib/gcc/arm-none-eabi/4.8.4/armv6-m/crti.o
 .ARM.attributes
                0x0000001e       0x2c /opt/Freescale/KDS_v3/toolchain/bin/../lib/gcc/arm-none-eabi/4.8.4/armv6-m/crtbegin.o
 .ARM.attributes
                0x0000004a       0x1b /opt/Freescale/KDS_v3/toolchain/bin/../lib/gcc/arm-none-eabi/4.8.4/../../../../arm-none-eabi/lib/armv6-m/crt0.o
 .ARM.attributes
                0x00000065       0x32 ./Static_Code/System/PE_low_level_init.o
 .ARM.attributes
                0x00000097       0x32 ./Sources/main.o
 .ARM.attributes
                0x000000c9       0x32 ./SDK/platform/utilities/src/fsl_debug_console.o
 .ARM.attributes
                0x000000fb       0x32 ./SDK/platform/utilities/src/fsl_misc_utilities.o
 .ARM.attributes
                0x0000012d       0x32 ./SDK/platform/system/src/clock/MKL43Z4/fsl_clock_MKL43Z4.o
 .ARM.attributes
                0x0000015f       0x32 ./SDK/platform/system/src/clock/fsl_clock_manager.o
 .ARM.attributes
                0x00000191       0x32 ./SDK/platform/osa/src/fsl_os_abstraction_bm.o
 .ARM.attributes
                0x000001c3       0x32 ./SDK/platform/hal/src/mcglite/fsl_mcglite_hal.o
 .ARM.attributes
                0x000001f5       0x1b ./SDK/platform/devices/MKL43Z4/startup/gcc/startup_MKL43Z4.o
 .ARM.attributes
                0x00000210       0x32 ./SDK/platform/devices/MKL43Z4/startup/system_MKL43Z4.o
 .ARM.attributes
                0x00000242       0x32 ./SDK/platform/devices/startup.o
 .ARM.attributes
                0x00000274       0x32 ./Generated_Code/Cpu.o
 .ARM.attributes
                0x000002a6       0x32 ./Generated_Code/hardware_init.o
 .ARM.attributes
                0x000002d8       0x32 ./Generated_Code/osa1.o
 .ARM.attributes
                0x0000030a       0x32 ./Generated_Code/pin_init.o
 .ARM.attributes
                0x0000033c       0x1e /opt/Freescale/KDS_v3/toolchain/bin/../lib/gcc/arm-none-eabi/4.8.4/armv6-m/libgcc.a(_udivsi3.o)
 .ARM.attributes
                0x0000035a       0x1e /opt/Freescale/KDS_v3/toolchain/bin/../lib/gcc/arm-none-eabi/4.8.4/armv6-m/libgcc.a(_dvmd_tls.o)
 .ARM.attributes
                0x00000378       0x1e /opt/Freescale/KDS_v3/toolchain/bin/../lib/gcc/arm-none-eabi/4.8.4/armv6-m/libgcc.a(_aeabi_uldivmod.o)
 .ARM.attributes
                0x00000396       0x2c /opt/Freescale/KDS_v3/toolchain/bin/../lib/gcc/arm-none-eabi/4.8.4/armv6-m/libgcc.a(_muldi3.o)
 .ARM.attributes
                0x000003c2       0x2c /opt/Freescale/KDS_v3/toolchain/bin/../lib/gcc/arm-none-eabi/4.8.4/armv6-m/libgcc.a(bpabi.o)
 .ARM.attributes
                0x000003ee       0x2c /opt/Freescale/KDS_v3/toolchain/bin/../lib/gcc/arm-none-eabi/4.8.4/armv6-m/libgcc.a(_divdi3.o)
 .ARM.attributes
                0x0000041a       0x2c /opt/Freescale/KDS_v3/toolchain/bin/../lib/gcc/arm-none-eabi/4.8.4/armv6-m/libgcc.a(_udivdi3.o)
 .ARM.attributes
                0x00000446       0x1e /opt/Freescale/KDS_v3/toolchain/bin/../lib/gcc/arm-none-eabi/4.8.4/armv6-m/libgcc.a(_clzsi2.o)
 .ARM.attributes
                0x00000464       0x2c /opt/Freescale/KDS_v3/toolchain/bin/../lib/gcc/arm-none-eabi/4.8.4/../../../../arm-none-eabi/lib/armv6-m/libg_s.a(lib_a-assert.o)
 .ARM.attributes
                0x00000490       0x2c /opt/Freescale/KDS_v3/toolchain/bin/../lib/gcc/arm-none-eabi/4.8.4/../../../../arm-none-eabi/lib/armv6-m/libg_s.a(lib_a-errno.o)
 .ARM.attributes
                0x000004bc       0x2c /opt/Freescale/KDS_v3/toolchain/bin/../lib/gcc/arm-none-eabi/4.8.4/../../../../arm-none-eabi/lib/armv6-m/libg_s.a(lib_a-exit.o)
 .ARM.attributes
                0x000004e8       0x2c /opt/Freescale/KDS_v3/toolchain/bin/../lib/gcc/arm-none-eabi/4.8.4/../../../../arm-none-eabi/lib/armv6-m/libg_s.a(lib_a-fprintf.o)
 .ARM.attributes
                0x00000514       0x2c /opt/Freescale/KDS_v3/toolchain/bin/../lib/gcc/arm-none-eabi/4.8.4/../../../../arm-none-eabi/lib/armv6-m/libg_s.a(lib_a-impure.o)
 .ARM.attributes
                0x00000540       0x2c /opt/Freescale/KDS_v3/toolchain/bin/../lib/gcc/arm-none-eabi/4.8.4/../../../../arm-none-eabi/lib/armv6-m/libg_s.a(lib_a-init.o)
 .ARM.attributes
                0x0000056c       0x2c /opt/Freescale/KDS_v3/toolchain/bin/../lib/gcc/arm-none-eabi/4.8.4/../../../../arm-none-eabi/lib/armv6-m/libg_s.a(lib_a-memset.o)
 .ARM.attributes
                0x00000598       0x2c /opt/Freescale/KDS_v3/toolchain/bin/../lib/gcc/arm-none-eabi/4.8.4/../../../../arm-none-eabi/lib/armv6-m/libg_s.a(lib_a-nano-freer.o)
 .ARM.attributes
                0x000005c4       0x2c /opt/Freescale/KDS_v3/toolchain/bin/../lib/gcc/arm-none-eabi/4.8.4/../../../../arm-none-eabi/lib/armv6-m/libg_s.a(lib_a-nano-mallocr.o)
 .ARM.attributes
                0x000005f0       0x2c /opt/Freescale/KDS_v3/toolchain/bin/../lib/gcc/arm-none-eabi/4.8.4/../../../../arm-none-eabi/lib/armv6-m/libg_s.a(lib_a-sbrkr.o)
 .ARM.attributes
                0x0000061c       0x2c /opt/Freescale/KDS_v3/toolchain/bin/../lib/gcc/arm-none-eabi/4.8.4/../../../../arm-none-eabi/lib/armv6-m/libg_s.a(lib_a-strlen.o)
 .ARM.attributes
                0x00000648       0x2c /opt/Freescale/KDS_v3/toolchain/bin/../lib/gcc/arm-none-eabi/4.8.4/../../../../arm-none-eabi/lib/armv6-m/libg_s.a(lib_a-vfprintf.o)
 .ARM.attributes
                0x00000674       0x2c /opt/Freescale/KDS_v3/toolchain/bin/../lib/gcc/arm-none-eabi/4.8.4/../../../../arm-none-eabi/lib/armv6-m/libg_s.a(lib_a-vfprintf_i.o)
 .ARM.attributes
                0x000006a0       0x2c /opt/Freescale/KDS_v3/toolchain/bin/../lib/gcc/arm-none-eabi/4.8.4/../../../../arm-none-eabi/lib/armv6-m/libg_s.a(lib_a-wbuf.o)
 .ARM.attributes
                0x000006cc       0x2c /opt/Freescale/KDS_v3/toolchain/bin/../lib/gcc/arm-none-eabi/4.8.4/../../../../arm-none-eabi/lib/armv6-m/libg_s.a(lib_a-wsetup.o)
 .ARM.attributes
                0x000006f8       0x2c /opt/Freescale/KDS_v3/toolchain/bin/../lib/gcc/arm-none-eabi/4.8.4/../../../../arm-none-eabi/lib/armv6-m/libg_s.a(lib_a-abort.o)
 .ARM.attributes
                0x00000724       0x2c /opt/Freescale/KDS_v3/toolchain/bin/../lib/gcc/arm-none-eabi/4.8.4/../../../../arm-none-eabi/lib/armv6-m/libg_s.a(lib_a-fflush.o)
 .ARM.attributes
                0x00000750       0x2c /opt/Freescale/KDS_v3/toolchain/bin/../lib/gcc/arm-none-eabi/4.8.4/../../../../arm-none-eabi/lib/armv6-m/libg_s.a(lib_a-findfp.o)
 .ARM.attributes
                0x0000077c       0x2c /opt/Freescale/KDS_v3/toolchain/bin/../lib/gcc/arm-none-eabi/4.8.4/../../../../arm-none-eabi/lib/armv6-m/libg_s.a(lib_a-makebuf.o)
 .ARM.attributes
                0x000007a8       0x2c /opt/Freescale/KDS_v3/toolchain/bin/../lib/gcc/arm-none-eabi/4.8.4/../../../../arm-none-eabi/lib/armv6-m/libg_s.a(lib_a-memchr-stub.o)
 .ARM.attributes
                0x000007d4       0x2c /opt/Freescale/KDS_v3/toolchain/bin/../lib/gcc/arm-none-eabi/4.8.4/../../../../arm-none-eabi/lib/armv6-m/libg_s.a(lib_a-reent.o)
 .ARM.attributes
                0x00000800       0x2c /opt/Freescale/KDS_v3/toolchain/bin/../lib/gcc/arm-none-eabi/4.8.4/../../../../arm-none-eabi/lib/armv6-m/libg_s.a(lib_a-signal.o)
 .ARM.attributes
                0x0000082c       0x2c /opt/Freescale/KDS_v3/toolchain/bin/../lib/gcc/arm-none-eabi/4.8.4/../../../../arm-none-eabi/lib/armv6-m/libg_s.a(lib_a-signalr.o)
 .ARM.attributes
                0x00000858       0x2c /opt/Freescale/KDS_v3/toolchain/bin/../lib/gcc/arm-none-eabi/4.8.4/../../../../arm-none-eabi/lib/armv6-m/libg_s.a(lib_a-stdio.o)
 .ARM.attributes
                0x00000884       0x2c /opt/Freescale/KDS_v3/toolchain/bin/../lib/gcc/arm-none-eabi/4.8.4/../../../../arm-none-eabi/lib/armv6-m/libg_s.a(lib_a-writer.o)
 .ARM.attributes
                0x000008b0       0x2c /opt/Freescale/KDS_v3/toolchain/bin/../lib/gcc/arm-none-eabi/4.8.4/../../../../arm-none-eabi/lib/armv6-m/libg_s.a(lib_a-closer.o)
 .ARM.attributes
                0x000008dc       0x2c /opt/Freescale/KDS_v3/toolchain/bin/../lib/gcc/arm-none-eabi/4.8.4/../../../../arm-none-eabi/lib/armv6-m/libg_s.a(lib_a-fstatr.o)
 .ARM.attributes
                0x00000908       0x2c /opt/Freescale/KDS_v3/toolchain/bin/../lib/gcc/arm-none-eabi/4.8.4/../../../../arm-none-eabi/lib/armv6-m/libg_s.a(lib_a-isattyr.o)
 .ARM.attributes
                0x00000934       0x2c /opt/Freescale/KDS_v3/toolchain/bin/../lib/gcc/arm-none-eabi/4.8.4/../../../../arm-none-eabi/lib/armv6-m/libg_s.a(lib_a-lseekr.o)
 .ARM.attributes
                0x00000960       0x2c /opt/Freescale/KDS_v3/toolchain/bin/../lib/gcc/arm-none-eabi/4.8.4/../../../../arm-none-eabi/lib/armv6-m/libg_s.a(lib_a-readr.o)
 .ARM.attributes
                0x0000098c       0x2c /opt/Freescale/KDS_v3/toolchain/bin/../lib/gcc/arm-none-eabi/4.8.4/../../../../arm-none-eabi/lib/armv6-m/libnosys.a(close.o)
 .ARM.attributes
                0x000009b8       0x2c /opt/Freescale/KDS_v3/toolchain/bin/../lib/gcc/arm-none-eabi/4.8.4/../../../../arm-none-eabi/lib/armv6-m/libnosys.a(fstat.o)
 .ARM.attributes
                0x000009e4       0x2c /opt/Freescale/KDS_v3/toolchain/bin/../lib/gcc/arm-none-eabi/4.8.4/../../../../arm-none-eabi/lib/armv6-m/libnosys.a(getpid.o)
 .ARM.attributes
                0x00000a10       0x2c /opt/Freescale/KDS_v3/toolchain/bin/../lib/gcc/arm-none-eabi/4.8.4/../../../../arm-none-eabi/lib/armv6-m/libnosys.a(isatty.o)
 .ARM.attributes
                0x00000a3c       0x2c /opt/Freescale/KDS_v3/toolchain/bin/../lib/gcc/arm-none-eabi/4.8.4/../../../../arm-none-eabi/lib/armv6-m/libnosys.a(kill.o)
 .ARM.attributes
                0x00000a68       0x2c /opt/Freescale/KDS_v3/toolchain/bin/../lib/gcc/arm-none-eabi/4.8.4/../../../../arm-none-eabi/lib/armv6-m/libnosys.a(lseek.o)
 .ARM.attributes
                0x00000a94       0x2c /opt/Freescale/KDS_v3/toolchain/bin/../lib/gcc/arm-none-eabi/4.8.4/../../../../arm-none-eabi/lib/armv6-m/libnosys.a(_exit.o)
 .ARM.attributes
                0x00000ac0       0x2c /opt/Freescale/KDS_v3/toolchain/bin/../lib/gcc/arm-none-eabi/4.8.4/armv6-m/crtend.o
 .ARM.attributes
                0x00000aec       0x1e /opt/Freescale/KDS_v3/toolchain/bin/../lib/gcc/arm-none-eabi/4.8.4/armv6-m/crtn.o
OUTPUT(t1.elf elf32-littlearm)

.debug_info     0x00000000     0x61c7
 .debug_info    0x00000000       0xf3 ./Static_Code/System/PE_low_level_init.o
 .debug_info    0x000000f3       0xe6 ./Sources/main.o
 .debug_info    0x000001d9      0xebc ./SDK/platform/utilities/src/fsl_debug_console.o
 .debug_info    0x00001095      0x172 ./SDK/platform/utilities/src/fsl_misc_utilities.o
 .debug_info    0x00001207     0x15ae ./SDK/platform/system/src/clock/MKL43Z4/fsl_clock_MKL43Z4.o
 .debug_info    0x000027b5     0x12c2 ./SDK/platform/system/src/clock/fsl_clock_manager.o
 .debug_info    0x00003a77      0xf18 ./SDK/platform/osa/src/fsl_os_abstraction_bm.o
 .debug_info    0x0000498f      0x388 ./SDK/platform/hal/src/mcglite/fsl_mcglite_hal.o
 .debug_info    0x00004d17       0x8b ./SDK/platform/devices/MKL43Z4/startup/gcc/startup_MKL43Z4.o
 .debug_info    0x00004da2      0x4e2 ./SDK/platform/devices/MKL43Z4/startup/system_MKL43Z4.o
 .debug_info    0x00005284      0x296 ./SDK/platform/devices/startup.o
 .debug_info    0x0000551a       0xe2 ./Generated_Code/Cpu.o
 .debug_info    0x000055fc      0x3e6 ./Generated_Code/hardware_init.o
 .debug_info    0x000059e2      0x512 ./Generated_Code/osa1.o
 .debug_info    0x00005ef4      0x2d3 ./Generated_Code/pin_init.o

.debug_abbrev   0x00000000     0x136b
 .debug_abbrev  0x00000000       0x75 ./Static_Code/System/PE_low_level_init.o
 .debug_abbrev  0x00000075       0x77 ./Sources/main.o
 .debug_abbrev  0x000000ec      0x2a0 ./SDK/platform/utilities/src/fsl_debug_console.o
 .debug_abbrev  0x0000038c       0xc4 ./SDK/platform/utilities/src/fsl_misc_utilities.o
 .debug_abbrev  0x00000450      0x2be ./SDK/platform/system/src/clock/MKL43Z4/fsl_clock_MKL43Z4.o
 .debug_abbrev  0x0000070e      0x292 ./SDK/platform/system/src/clock/fsl_clock_manager.o
 .debug_abbrev  0x000009a0      0x21f ./SDK/platform/osa/src/fsl_os_abstraction_bm.o
 .debug_abbrev  0x00000bbf      0x127 ./SDK/platform/hal/src/mcglite/fsl_mcglite_hal.o
 .debug_abbrev  0x00000ce6       0x14 ./SDK/platform/devices/MKL43Z4/startup/gcc/startup_MKL43Z4.o
 .debug_abbrev  0x00000cfa      0x109 ./SDK/platform/devices/MKL43Z4/startup/system_MKL43Z4.o
 .debug_abbrev  0x00000e03       0xe9 ./SDK/platform/devices/startup.o
 .debug_abbrev  0x00000eec       0x75 ./Generated_Code/Cpu.o
 .debug_abbrev  0x00000f61      0x10c ./Generated_Code/hardware_init.o
 .debug_abbrev  0x0000106d      0x1c7 ./Generated_Code/osa1.o
 .debug_abbrev  0x00001234      0x137 ./Generated_Code/pin_init.o

.debug_aranges  0x00000000      0x6c0
 .debug_aranges
                0x00000000       0x28 ./Static_Code/System/PE_low_level_init.o
 .debug_aranges
                0x00000028       0x20 ./Sources/main.o
 .debug_aranges
                0x00000048       0xb8 ./SDK/platform/utilities/src/fsl_debug_console.o
 .debug_aranges
                0x00000100       0x28 ./SDK/platform/utilities/src/fsl_misc_utilities.o
 .debug_aranges
                0x00000128      0x1b8 ./SDK/platform/system/src/clock/MKL43Z4/fsl_clock_MKL43Z4.o
 .debug_aranges
                0x000002e0      0x108 ./SDK/platform/system/src/clock/fsl_clock_manager.o
 .debug_aranges
                0x000003e8      0x148 ./SDK/platform/osa/src/fsl_os_abstraction_bm.o
 .debug_aranges
                0x00000530       0x48 ./SDK/platform/hal/src/mcglite/fsl_mcglite_hal.o
 .debug_aranges
                0x00000578       0x20 ./SDK/platform/devices/MKL43Z4/startup/gcc/startup_MKL43Z4.o
 .debug_aranges
                0x00000598       0x28 ./SDK/platform/devices/MKL43Z4/startup/system_MKL43Z4.o
 .debug_aranges
                0x000005c0       0x20 ./SDK/platform/devices/startup.o
 .debug_aranges
                0x000005e0       0x20 ./Generated_Code/Cpu.o
 .debug_aranges
                0x00000600       0x28 ./Generated_Code/hardware_init.o
 .debug_aranges
                0x00000628       0x48 ./Generated_Code/osa1.o
 .debug_aranges
                0x00000670       0x50 ./Generated_Code/pin_init.o

.debug_ranges   0x00000000      0x5c0
 .debug_ranges  0x00000000       0x18 ./Static_Code/System/PE_low_level_init.o
 .debug_ranges  0x00000018       0x10 ./Sources/main.o
 .debug_ranges  0x00000028       0xa8 ./SDK/platform/utilities/src/fsl_debug_console.o
 .debug_ranges  0x000000d0       0x18 ./SDK/platform/utilities/src/fsl_misc_utilities.o
 .debug_ranges  0x000000e8      0x1a8 ./SDK/platform/system/src/clock/MKL43Z4/fsl_clock_MKL43Z4.o
 .debug_ranges  0x00000290       0xf8 ./SDK/platform/system/src/clock/fsl_clock_manager.o
 .debug_ranges  0x00000388      0x138 ./SDK/platform/osa/src/fsl_os_abstraction_bm.o
 .debug_ranges  0x000004c0       0x38 ./SDK/platform/hal/src/mcglite/fsl_mcglite_hal.o
 .debug_ranges  0x000004f8       0x18 ./SDK/platform/devices/MKL43Z4/startup/system_MKL43Z4.o
 .debug_ranges  0x00000510       0x10 ./SDK/platform/devices/startup.o
 .debug_ranges  0x00000520       0x10 ./Generated_Code/Cpu.o
 .debug_ranges  0x00000530       0x18 ./Generated_Code/hardware_init.o
 .debug_ranges  0x00000548       0x38 ./Generated_Code/osa1.o
 .debug_ranges  0x00000580       0x40 ./Generated_Code/pin_init.o

.debug_macro    0x00000000    0x2058f
 .debug_macro   0x00000000      0x2ac ./Static_Code/System/PE_low_level_init.o
 .debug_macro   0x000002ac      0x80e ./Static_Code/System/PE_low_level_init.o
 .debug_macro   0x00000aba       0x11 ./Static_Code/System/PE_low_level_init.o
 .debug_macro   0x00000acb       0x16 ./Static_Code/System/PE_low_level_init.o
 .debug_macro   0x00000ae1       0x16 ./Static_Code/System/PE_low_level_init.o
 .debug_macro   0x00000af7       0x44 ./Static_Code/System/PE_low_level_init.o
 .debug_macro   0x00000b3b      0x209 ./Static_Code/System/PE_low_level_init.o
 .debug_macro   0x00000d44       0x3a ./Static_Code/System/PE_low_level_init.o
 .debug_macro   0x00000d7e       0x3a ./Static_Code/System/PE_low_level_init.o
 .debug_macro   0x00000db8       0x26 ./Static_Code/System/PE_low_level_init.o
 .debug_macro   0x00000dde      0x306 ./Static_Code/System/PE_low_level_init.o
 .debug_macro   0x000010e4       0xa0 ./Static_Code/System/PE_low_level_init.o
 .debug_macro   0x00001184     0xdbab ./Static_Code/System/PE_low_level_init.o
 .debug_macro   0x0000ed2f       0x58 ./Static_Code/System/PE_low_level_init.o
 .debug_macro   0x0000ed87       0x35 ./Static_Code/System/PE_low_level_init.o
 .debug_macro   0x0000edbc       0xa3 ./Static_Code/System/PE_low_level_init.o
 .debug_macro   0x0000ee5f       0x16 ./Static_Code/System/PE_low_level_init.o
 .debug_macro   0x0000ee75      0x10e ./Static_Code/System/PE_low_level_init.o
 .debug_macro   0x0000ef83       0x7f ./Static_Code/System/PE_low_level_init.o
 .debug_macro   0x0000f002       0x52 ./Static_Code/System/PE_low_level_init.o
 .debug_macro   0x0000f054       0x16 ./Static_Code/System/PE_low_level_init.o
 .debug_macro   0x0000f06a       0x43 ./Static_Code/System/PE_low_level_init.o
 .debug_macro   0x0000f0ad      0x180 ./Static_Code/System/PE_low_level_init.o
 .debug_macro   0x0000f22d       0x22 ./Static_Code/System/PE_low_level_init.o
 .debug_macro   0x0000f24f       0x7c ./Static_Code/System/PE_low_level_init.o
 .debug_macro   0x0000f2cb     0xda21 ./Static_Code/System/PE_low_level_init.o
 .debug_macro   0x0001ccec     0x1126 ./Static_Code/System/PE_low_level_init.o
 .debug_macro   0x0001de12       0x22 ./Static_Code/System/PE_low_level_init.o
 .debug_macro   0x0001de34       0x16 ./Static_Code/System/PE_low_level_init.o
 .debug_macro   0x0001de4a       0x10 ./Static_Code/System/PE_low_level_init.o
 .debug_macro   0x0001de5a       0x11 ./Static_Code/System/PE_low_level_init.o
 .debug_macro   0x0001de6b       0x10 ./Static_Code/System/PE_low_level_init.o
 .debug_macro   0x0001de7b       0x10 ./Static_Code/System/PE_low_level_init.o
 .debug_macro   0x0001de8b       0x3e ./Static_Code/System/PE_low_level_init.o
 .debug_macro   0x0001dec9       0x19 ./Static_Code/System/PE_low_level_init.o
 .debug_macro   0x0001dee2       0x10 ./Static_Code/System/PE_low_level_init.o
 .debug_macro   0x0001def2       0x28 ./Static_Code/System/PE_low_level_init.o
 .debug_macro   0x0001df1a      0x292 ./Sources/main.o
 .debug_macro   0x0001e1ac      0x2c0 ./SDK/platform/utilities/src/fsl_debug_console.o
 .debug_macro   0x0001e46c       0x58 ./SDK/platform/utilities/src/fsl_debug_console.o
 .debug_macro   0x0001e4c4       0x16 ./SDK/platform/utilities/src/fsl_debug_console.o
 .debug_macro   0x0001e4da       0x97 ./SDK/platform/utilities/src/fsl_debug_console.o
 .debug_macro   0x0001e571       0xef ./SDK/platform/utilities/src/fsl_debug_console.o
 .debug_macro   0x0001e660       0x4a ./SDK/platform/utilities/src/fsl_debug_console.o
 .debug_macro   0x0001e6aa       0x10 ./SDK/platform/utilities/src/fsl_debug_console.o
 .debug_macro   0x0001e6ba       0x22 ./SDK/platform/utilities/src/fsl_debug_console.o
 .debug_macro   0x0001e6dc       0xbd ./SDK/platform/utilities/src/fsl_debug_console.o
 .debug_macro   0x0001e799       0x16 ./SDK/platform/utilities/src/fsl_debug_console.o
 .debug_macro   0x0001e7af      0x14a ./SDK/platform/utilities/src/fsl_debug_console.o
 .debug_macro   0x0001e8f9       0x35 ./SDK/platform/utilities/src/fsl_debug_console.o
 .debug_macro   0x0001e92e      0x20f ./SDK/platform/utilities/src/fsl_debug_console.o
 .debug_macro   0x0001eb3d       0x82 ./SDK/platform/utilities/src/fsl_debug_console.o
 .debug_macro   0x0001ebbf       0x22 ./SDK/platform/utilities/src/fsl_debug_console.o
 .debug_macro   0x0001ebe1       0x3a ./SDK/platform/utilities/src/fsl_debug_console.o
 .debug_macro   0x0001ec1b      0x2a6 ./SDK/platform/utilities/src/fsl_debug_console.o
 .debug_macro   0x0001eec1       0x10 ./SDK/platform/utilities/src/fsl_debug_console.o
 .debug_macro   0x0001eed1      0x17b ./SDK/platform/utilities/src/fsl_misc_utilities.o
 .debug_macro   0x0001f04c       0x2e ./SDK/platform/utilities/src/fsl_misc_utilities.o
 .debug_macro   0x0001f07a       0x10 ./SDK/platform/utilities/src/fsl_misc_utilities.o
 .debug_macro   0x0001f08a      0x241 ./SDK/platform/utilities/src/fsl_misc_utilities.o
 .debug_macro   0x0001f2cb      0x1e7 ./SDK/platform/system/src/clock/MKL43Z4/fsl_clock_MKL43Z4.o
 .debug_macro   0x0001f4b2      0x22f ./SDK/platform/system/src/clock/fsl_clock_manager.o
 .debug_macro   0x0001f6e1      0x213 ./SDK/platform/osa/src/fsl_os_abstraction_bm.o
 .debug_macro   0x0001f8f4      0x17d ./SDK/platform/hal/src/mcglite/fsl_mcglite_hal.o
 .debug_macro   0x0001fa71      0x158 ./SDK/platform/devices/MKL43Z4/startup/system_MKL43Z4.o
 .debug_macro   0x0001fbc9      0x167 ./SDK/platform/devices/startup.o
 .debug_macro   0x0001fd30      0x292 ./Generated_Code/Cpu.o
 .debug_macro   0x0001ffc2      0x1b1 ./Generated_Code/hardware_init.o
 .debug_macro   0x00020173      0x277 ./Generated_Code/osa1.o
 .debug_macro   0x000203ea      0x1a5 ./Generated_Code/pin_init.o

.debug_line     0x00000000     0x5b81
 .debug_line    0x00000000      0x6db ./Static_Code/System/PE_low_level_init.o
 .debug_line    0x000006db      0x66a ./Sources/main.o
 .debug_line    0x00000d45      0x907 ./SDK/platform/utilities/src/fsl_debug_console.o
 .debug_line    0x0000164c      0x358 ./SDK/platform/utilities/src/fsl_misc_utilities.o
 .debug_line    0x000019a4      0xa93 ./SDK/platform/system/src/clock/MKL43Z4/fsl_clock_MKL43Z4.o
 .debug_line    0x00002437      0x953 ./SDK/platform/system/src/clock/fsl_clock_manager.o
 .debug_line    0x00002d8a      0xa17 ./SDK/platform/osa/src/fsl_os_abstraction_bm.o
 .debug_line    0x000037a1      0x4ad ./SDK/platform/hal/src/mcglite/fsl_mcglite_hal.o
 .debug_line    0x00003c4e       0x77 ./SDK/platform/devices/MKL43Z4/startup/gcc/startup_MKL43Z4.o
 .debug_line    0x00003cc5      0x404 ./SDK/platform/devices/MKL43Z4/startup/system_MKL43Z4.o
 .debug_line    0x000040c9      0x3a1 ./SDK/platform/devices/startup.o
 .debug_line    0x0000446a      0x6a9 ./Generated_Code/Cpu.o
 .debug_line    0x00004b13      0x4ba ./Generated_Code/hardware_init.o
 .debug_line    0x00004fcd      0x6a2 ./Generated_Code/osa1.o
 .debug_line    0x0000566f      0x512 ./Generated_Code/pin_init.o

.debug_str      0x00000000   0x128a01
 .debug_str     0x00000000   0x123505 ./Static_Code/System/PE_low_level_init.o
                             0x1236f0 (size before relaxing)
 .debug_str     0x00123505       0x17 ./Sources/main.o
                             0x123691 (size before relaxing)
 .debug_str     0x0012351c     0x282e ./SDK/platform/utilities/src/fsl_debug_console.o
                             0x125e99 (size before relaxing)
 .debug_str     0x00125d4a      0x6b8 ./SDK/platform/utilities/src/fsl_misc_utilities.o
                               0x58aa (size before relaxing)
 .debug_str     0x00126402      0xfa7 ./SDK/platform/system/src/clock/MKL43Z4/fsl_clock_MKL43Z4.o
                             0x124632 (size before relaxing)
 .debug_str     0x001273a9      0x928 ./SDK/platform/system/src/clock/fsl_clock_manager.o
                             0x124685 (size before relaxing)
 .debug_str     0x00127cd1      0x784 ./SDK/platform/osa/src/fsl_os_abstraction_bm.o
                             0x123d9e (size before relaxing)
 .debug_str     0x00128455      0x160 ./SDK/platform/hal/src/mcglite/fsl_mcglite_hal.o
                             0x123447 (size before relaxing)
 .debug_str     0x001285b5       0xb0 ./SDK/platform/devices/MKL43Z4/startup/system_MKL43Z4.o
                             0x1232d5 (size before relaxing)
 .debug_str     0x00128665      0x126 ./SDK/platform/devices/startup.o
                             0x123213 (size before relaxing)
 .debug_str     0x0012878b       0x28 ./Generated_Code/Cpu.o
                             0x1236a2 (size before relaxing)
 .debug_str     0x001287b3       0x30 ./Generated_Code/hardware_init.o
                             0x1235cf (size before relaxing)
 .debug_str     0x001287e3      0x134 ./Generated_Code/osa1.o
                             0x123a2d (size before relaxing)
 .debug_str     0x00128917       0xea ./Generated_Code/pin_init.o
                             0x123396 (size before relaxing)

.comment        0x00000000       0x70
 .comment       0x00000000       0x70 ./Static_Code/System/PE_low_level_init.o
                                 0x71 (size before relaxing)
 .comment       0x00000000       0x71 ./Sources/main.o
 .comment       0x00000000       0x71 ./SDK/platform/utilities/src/fsl_debug_console.o
 .comment       0x00000000       0x71 ./SDK/platform/utilities/src/fsl_misc_utilities.o
 .comment       0x00000000       0x71 ./SDK/platform/system/src/clock/MKL43Z4/fsl_clock_MKL43Z4.o
 .comment       0x00000000       0x71 ./SDK/platform/system/src/clock/fsl_clock_manager.o
 .comment       0x00000000       0x71 ./SDK/platform/osa/src/fsl_os_abstraction_bm.o
 .comment       0x00000000       0x71 ./SDK/platform/hal/src/mcglite/fsl_mcglite_hal.o
 .comment       0x00000000       0x71 ./SDK/platform/devices/MKL43Z4/startup/system_MKL43Z4.o
 .comment       0x00000000       0x71 ./SDK/platform/devices/startup.o
 .comment       0x00000000       0x71 ./Generated_Code/Cpu.o
 .comment       0x00000000       0x71 ./Generated_Code/hardware_init.o
 .comment       0x00000000       0x71 ./Generated_Code/osa1.o
 .comment       0x00000000       0x71 ./Generated_Code/pin_init.o

.debug_frame    0x00000000     0x202c
 .debug_frame   0x00000000       0x48 ./Static_Code/System/PE_low_level_init.o
 .debug_frame   0x00000048       0x2c ./Sources/main.o
 .debug_frame   0x00000074      0x290 ./SDK/platform/utilities/src/fsl_debug_console.o
 .debug_frame   0x00000304       0x50 ./SDK/platform/utilities/src/fsl_misc_utilities.o
 .debug_frame   0x00000354      0x680 ./SDK/platform/system/src/clock/MKL43Z4/fsl_clock_MKL43Z4.o
 .debug_frame   0x000009d4      0x3c4 ./SDK/platform/system/src/clock/fsl_clock_manager.o
 .debug_frame   0x00000d98      0x4b8 ./SDK/platform/osa/src/fsl_os_abstraction_bm.o
 .debug_frame   0x00001250       0xd0 ./SDK/platform/hal/src/mcglite/fsl_mcglite_hal.o
 .debug_frame   0x00001320       0x4c ./SDK/platform/devices/MKL43Z4/startup/system_MKL43Z4.o
 .debug_frame   0x0000136c       0x30 ./SDK/platform/devices/startup.o
 .debug_frame   0x0000139c       0x2c ./Generated_Code/Cpu.o
 .debug_frame   0x000013c8       0x4c ./Generated_Code/hardware_init.o
 .debug_frame   0x00001414       0xd0 ./Generated_Code/osa1.o
 .debug_frame   0x000014e4       0xf0 ./Generated_Code/pin_init.o
 .debug_frame   0x000015d4       0x20 /opt/Freescale/KDS_v3/toolchain/bin/../lib/gcc/arm-none-eabi/4.8.4/armv6-m/libgcc.a(_udivsi3.o)
 .debug_frame   0x000015f4       0x30 /opt/Freescale/KDS_v3/toolchain/bin/../lib/gcc/arm-none-eabi/4.8.4/armv6-m/libgcc.a(_muldi3.o)
 .debug_frame   0x00001624       0x50 /opt/Freescale/KDS_v3/toolchain/bin/../lib/gcc/arm-none-eabi/4.8.4/armv6-m/libgcc.a(bpabi.o)
 .debug_frame   0x00001674       0x3c /opt/Freescale/KDS_v3/toolchain/bin/../lib/gcc/arm-none-eabi/4.8.4/armv6-m/libgcc.a(_divdi3.o)
 .debug_frame   0x000016b0       0x3c /opt/Freescale/KDS_v3/toolchain/bin/../lib/gcc/arm-none-eabi/4.8.4/armv6-m/libgcc.a(_udivdi3.o)
 .debug_frame   0x000016ec       0x4c /opt/Freescale/KDS_v3/toolchain/bin/../lib/gcc/arm-none-eabi/4.8.4/../../../../arm-none-eabi/lib/armv6-m/libg_s.a(lib_a-assert.o)
 .debug_frame   0x00001738       0x20 /opt/Freescale/KDS_v3/toolchain/bin/../lib/gcc/arm-none-eabi/4.8.4/../../../../arm-none-eabi/lib/armv6-m/libg_s.a(lib_a-errno.o)
 .debug_frame   0x00001758       0x28 /opt/Freescale/KDS_v3/toolchain/bin/../lib/gcc/arm-none-eabi/4.8.4/../../../../arm-none-eabi/lib/armv6-m/libg_s.a(lib_a-exit.o)
 .debug_frame   0x00001780       0x4c /opt/Freescale/KDS_v3/toolchain/bin/../lib/gcc/arm-none-eabi/4.8.4/../../../../arm-none-eabi/lib/armv6-m/libg_s.a(lib_a-fprintf.o)
 .debug_frame   0x000017cc       0x2c /opt/Freescale/KDS_v3/toolchain/bin/../lib/gcc/arm-none-eabi/4.8.4/../../../../arm-none-eabi/lib/armv6-m/libg_s.a(lib_a-init.o)
 .debug_frame   0x000017f8       0x20 /opt/Freescale/KDS_v3/toolchain/bin/../lib/gcc/arm-none-eabi/4.8.4/../../../../arm-none-eabi/lib/armv6-m/libg_s.a(lib_a-memset.o)
 .debug_frame   0x00001818       0x2c /opt/Freescale/KDS_v3/toolchain/bin/../lib/gcc/arm-none-eabi/4.8.4/../../../../arm-none-eabi/lib/armv6-m/libg_s.a(lib_a-nano-freer.o)
 .debug_frame   0x00001844       0x2c /opt/Freescale/KDS_v3/toolchain/bin/../lib/gcc/arm-none-eabi/4.8.4/../../../../arm-none-eabi/lib/armv6-m/libg_s.a(lib_a-nano-mallocr.o)
 .debug_frame   0x00001870       0x2c /opt/Freescale/KDS_v3/toolchain/bin/../lib/gcc/arm-none-eabi/4.8.4/../../../../arm-none-eabi/lib/armv6-m/libg_s.a(lib_a-sbrkr.o)
 .debug_frame   0x0000189c       0x20 /opt/Freescale/KDS_v3/toolchain/bin/../lib/gcc/arm-none-eabi/4.8.4/../../../../arm-none-eabi/lib/armv6-m/libg_s.a(lib_a-strlen.o)
 .debug_frame   0x000018bc       0xa0 /opt/Freescale/KDS_v3/toolchain/bin/../lib/gcc/arm-none-eabi/4.8.4/../../../../arm-none-eabi/lib/armv6-m/libg_s.a(lib_a-vfprintf.o)
 .debug_frame   0x0000195c       0x54 /opt/Freescale/KDS_v3/toolchain/bin/../lib/gcc/arm-none-eabi/4.8.4/../../../../arm-none-eabi/lib/armv6-m/libg_s.a(lib_a-vfprintf_i.o)
 .debug_frame   0x000019b0       0x44 /opt/Freescale/KDS_v3/toolchain/bin/../lib/gcc/arm-none-eabi/4.8.4/../../../../arm-none-eabi/lib/armv6-m/libg_s.a(lib_a-wbuf.o)
 .debug_frame   0x000019f4       0x2c /opt/Freescale/KDS_v3/toolchain/bin/../lib/gcc/arm-none-eabi/4.8.4/../../../../arm-none-eabi/lib/armv6-m/libg_s.a(lib_a-wsetup.o)
 .debug_frame   0x00001a20       0x28 /opt/Freescale/KDS_v3/toolchain/bin/../lib/gcc/arm-none-eabi/4.8.4/../../../../arm-none-eabi/lib/armv6-m/libg_s.a(lib_a-abort.o)
 .debug_frame   0x00001a48       0x68 /opt/Freescale/KDS_v3/toolchain/bin/../lib/gcc/arm-none-eabi/4.8.4/../../../../arm-none-eabi/lib/armv6-m/libg_s.a(lib_a-fflush.o)
 .debug_frame   0x00001ab0      0x148 /opt/Freescale/KDS_v3/toolchain/bin/../lib/gcc/arm-none-eabi/4.8.4/../../../../arm-none-eabi/lib/armv6-m/libg_s.a(lib_a-findfp.o)
 .debug_frame   0x00001bf8       0x30 /opt/Freescale/KDS_v3/toolchain/bin/../lib/gcc/arm-none-eabi/4.8.4/../../../../arm-none-eabi/lib/armv6-m/libg_s.a(lib_a-makebuf.o)
 .debug_frame   0x00001c28       0x20 /opt/Freescale/KDS_v3/toolchain/bin/../lib/gcc/arm-none-eabi/4.8.4/../../../../arm-none-eabi/lib/armv6-m/libg_s.a(lib_a-memchr-stub.o)
 .debug_frame   0x00001c48       0x48 /opt/Freescale/KDS_v3/toolchain/bin/../lib/gcc/arm-none-eabi/4.8.4/../../../../arm-none-eabi/lib/armv6-m/libg_s.a(lib_a-reent.o)
 .debug_frame   0x00001c90       0xe0 /opt/Freescale/KDS_v3/toolchain/bin/../lib/gcc/arm-none-eabi/4.8.4/../../../../arm-none-eabi/lib/armv6-m/libg_s.a(lib_a-signal.o)
 .debug_frame   0x00001d70       0x44 /opt/Freescale/KDS_v3/toolchain/bin/../lib/gcc/arm-none-eabi/4.8.4/../../../../arm-none-eabi/lib/armv6-m/libg_s.a(lib_a-signalr.o)
 .debug_frame   0x00001db4       0x90 /opt/Freescale/KDS_v3/toolchain/bin/../lib/gcc/arm-none-eabi/4.8.4/../../../../arm-none-eabi/lib/armv6-m/libg_s.a(lib_a-stdio.o)
 .debug_frame   0x00001e44       0x2c /opt/Freescale/KDS_v3/toolchain/bin/../lib/gcc/arm-none-eabi/4.8.4/../../../../arm-none-eabi/lib/armv6-m/libg_s.a(lib_a-writer.o)
 .debug_frame   0x00001e70       0x2c /opt/Freescale/KDS_v3/toolchain/bin/../lib/gcc/arm-none-eabi/4.8.4/../../../../arm-none-eabi/lib/armv6-m/libg_s.a(lib_a-closer.o)
 .debug_frame   0x00001e9c       0x2c /opt/Freescale/KDS_v3/toolchain/bin/../lib/gcc/arm-none-eabi/4.8.4/../../../../arm-none-eabi/lib/armv6-m/libg_s.a(lib_a-fstatr.o)
 .debug_frame   0x00001ec8       0x2c /opt/Freescale/KDS_v3/toolchain/bin/../lib/gcc/arm-none-eabi/4.8.4/../../../../arm-none-eabi/lib/armv6-m/libg_s.a(lib_a-isattyr.o)
 .debug_frame   0x00001ef4       0x2c /opt/Freescale/KDS_v3/toolchain/bin/../lib/gcc/arm-none-eabi/4.8.4/../../../../arm-none-eabi/lib/armv6-m/libg_s.a(lib_a-lseekr.o)
 .debug_frame   0x00001f20       0x2c /opt/Freescale/KDS_v3/toolchain/bin/../lib/gcc/arm-none-eabi/4.8.4/../../../../arm-none-eabi/lib/armv6-m/libg_s.a(lib_a-readr.o)
 .debug_frame   0x00001f4c       0x20 /opt/Freescale/KDS_v3/toolchain/bin/../lib/gcc/arm-none-eabi/4.8.4/../../../../arm-none-eabi/lib/armv6-m/libnosys.a(close.o)
 .debug_frame   0x00001f6c       0x20 /opt/Freescale/KDS_v3/toolchain/bin/../lib/gcc/arm-none-eabi/4.8.4/../../../../arm-none-eabi/lib/armv6-m/libnosys.a(fstat.o)
 .debug_frame   0x00001f8c       0x20 /opt/Freescale/KDS_v3/toolchain/bin/../lib/gcc/arm-none-eabi/4.8.4/../../../../arm-none-eabi/lib/armv6-m/libnosys.a(getpid.o)
 .debug_frame   0x00001fac       0x20 /opt/Freescale/KDS_v3/toolchain/bin/../lib/gcc/arm-none-eabi/4.8.4/../../../../arm-none-eabi/lib/armv6-m/libnosys.a(isatty.o)
 .debug_frame   0x00001fcc       0x20 /opt/Freescale/KDS_v3/toolchain/bin/../lib/gcc/arm-none-eabi/4.8.4/../../../../arm-none-eabi/lib/armv6-m/libnosys.a(kill.o)
 .debug_frame   0x00001fec       0x20 /opt/Freescale/KDS_v3/toolchain/bin/../lib/gcc/arm-none-eabi/4.8.4/../../../../arm-none-eabi/lib/armv6-m/libnosys.a(lseek.o)
 .debug_frame   0x0000200c       0x20 /opt/Freescale/KDS_v3/toolchain/bin/../lib/gcc/arm-none-eabi/4.8.4/../../../../arm-none-eabi/lib/armv6-m/libnosys.a(_exit.o)

.stab           0x00000000       0x9c
 .stab          0x00000000       0x24 /opt/Freescale/KDS_v3/toolchain/bin/../lib/gcc/arm-none-eabi/4.8.4/../../../../arm-none-eabi/lib/armv6-m/libnosys.a(close.o)
 .stab          0x00000024       0x18 /opt/Freescale/KDS_v3/toolchain/bin/../lib/gcc/arm-none-eabi/4.8.4/../../../../arm-none-eabi/lib/armv6-m/libnosys.a(fstat.o)
                                 0x24 (size before relaxing)
 .stab          0x0000003c       0x18 /opt/Freescale/KDS_v3/toolchain/bin/../lib/gcc/arm-none-eabi/4.8.4/../../../../arm-none-eabi/lib/armv6-m/libnosys.a(getpid.o)
                                 0x24 (size before relaxing)
 .stab          0x00000054       0x18 /opt/Freescale/KDS_v3/toolchain/bin/../lib/gcc/arm-none-eabi/4.8.4/../../../../arm-none-eabi/lib/armv6-m/libnosys.a(isatty.o)
                                 0x24 (size before relaxing)
 .stab          0x0000006c       0x18 /opt/Freescale/KDS_v3/toolchain/bin/../lib/gcc/arm-none-eabi/4.8.4/../../../../arm-none-eabi/lib/armv6-m/libnosys.a(kill.o)
                                 0x24 (size before relaxing)
 .stab          0x00000084       0x18 /opt/Freescale/KDS_v3/toolchain/bin/../lib/gcc/arm-none-eabi/4.8.4/../../../../arm-none-eabi/lib/armv6-m/libnosys.a(lseek.o)
                                 0x24 (size before relaxing)

.stabstr        0x00000000      0x14f
 .stabstr       0x00000000      0x14f /opt/Freescale/KDS_v3/toolchain/bin/../lib/gcc/arm-none-eabi/4.8.4/../../../../arm-none-eabi/lib/armv6-m/libnosys.a(close.o)
