14:13:51 **** Build of configuration Debug for project uart ****
make all 
Building file: ../Static_Code/System/PE_low_level_init.c
Invoking: Cross ARM C Compiler
arm-none-eabi-gcc -mcpu=cortex-m0plus -mthumb -O0 -fmessage-length=0 -fsigned-char -ffunction-sections -fdata-sections -Wall  -g3 -D"FSL_OSA_BM_TIMER_CONFIG=2" -D"CPU_MKL43Z256VLH4" -I"/home/fellipe/workspace.kds/uart/SDK/platform/hal/inc" -I"/home/fellipe/workspace.kds/uart/SDK/platform/hal/src/sim/MKL43Z4" -I"/home/fellipe/workspace.kds/uart/SDK/platform/system/src/clock/MKL43Z4" -I"/home/fellipe/workspace.kds/uart/SDK/platform/system/inc" -I"/home/fellipe/workspace.kds/uart/SDK/platform/osa/inc" -I"/home/fellipe/workspace.kds/uart/SDK/platform/CMSIS/Include" -I"/home/fellipe/workspace.kds/uart/SDK/platform/devices" -I"/home/fellipe/workspace.kds/uart/SDK/platform/devices/MKL43Z4/include" -I"/home/fellipe/workspace.kds/uart/SDK/platform/utilities/src" -I"/home/fellipe/workspace.kds/uart/SDK/platform/utilities/inc" -I"/home/fellipe/workspace.kds/uart/SDK/platform/devices/MKL43Z4/startup" -I"/home/fellipe/workspace.kds/uart/Generated_Code/SDK/platform/devices/MKL43Z4/startup" -I"/home/fellipe/workspace.kds/uart/Sources" -I"/home/fellipe/workspace.kds/uart/Generated_Code" -I"/home/fellipe/workspace.kds/uart/SDK/platform/drivers/inc" -std=c99 -MMD -MP -MF"Static_Code/System/PE_low_level_init.d" -MT"Static_Code/System/PE_low_level_init.o" -c -o "Static_Code/System/PE_low_level_init.o" "../Static_Code/System/PE_low_level_init.c"
Finished building: ../Static_Code/System/PE_low_level_init.c
 
Building file: ../Sources/Events.c
Invoking: Cross ARM C Compiler
arm-none-eabi-gcc -mcpu=cortex-m0plus -mthumb -O0 -fmessage-length=0 -fsigned-char -ffunction-sections -fdata-sections -Wall  -g3 -D"FSL_OSA_BM_TIMER_CONFIG=2" -D"CPU_MKL43Z256VLH4" -I"/home/fellipe/workspace.kds/uart/SDK/platform/hal/inc" -I"/home/fellipe/workspace.kds/uart/SDK/platform/hal/src/sim/MKL43Z4" -I"/home/fellipe/workspace.kds/uart/SDK/platform/system/src/clock/MKL43Z4" -I"/home/fellipe/workspace.kds/uart/SDK/platform/system/inc" -I"/home/fellipe/workspace.kds/uart/SDK/platform/osa/inc" -I"/home/fellipe/workspace.kds/uart/SDK/platform/CMSIS/Include" -I"/home/fellipe/workspace.kds/uart/SDK/platform/devices" -I"/home/fellipe/workspace.kds/uart/SDK/platform/devices/MKL43Z4/include" -I"/home/fellipe/workspace.kds/uart/SDK/platform/utilities/src" -I"/home/fellipe/workspace.kds/uart/SDK/platform/utilities/inc" -I"/home/fellipe/workspace.kds/uart/SDK/platform/devices/MKL43Z4/startup" -I"/home/fellipe/workspace.kds/uart/Generated_Code/SDK/platform/devices/MKL43Z4/startup" -I"/home/fellipe/workspace.kds/uart/Sources" -I"/home/fellipe/workspace.kds/uart/Generated_Code" -I"/home/fellipe/workspace.kds/uart/SDK/platform/drivers/inc" -std=c99 -MMD -MP -MF"Sources/Events.d" -MT"Sources/Events.o" -c -o "Sources/Events.o" "../Sources/Events.c"
Finished building: ../Sources/Events.c
 
Building file: ../Sources/main.c
Invoking: Cross ARM C Compiler
arm-none-eabi-gcc -mcpu=cortex-m0plus -mthumb -O0 -fmessage-length=0 -fsigned-char -ffunction-sections -fdata-sections -Wall  -g3 -D"FSL_OSA_BM_TIMER_CONFIG=2" -D"CPU_MKL43Z256VLH4" -I"/home/fellipe/workspace.kds/uart/SDK/platform/hal/inc" -I"/home/fellipe/workspace.kds/uart/SDK/platform/hal/src/sim/MKL43Z4" -I"/home/fellipe/workspace.kds/uart/SDK/platform/system/src/clock/MKL43Z4" -I"/home/fellipe/workspace.kds/uart/SDK/platform/system/inc" -I"/home/fellipe/workspace.kds/uart/SDK/platform/osa/inc" -I"/home/fellipe/workspace.kds/uart/SDK/platform/CMSIS/Include" -I"/home/fellipe/workspace.kds/uart/SDK/platform/devices" -I"/home/fellipe/workspace.kds/uart/SDK/platform/devices/MKL43Z4/include" -I"/home/fellipe/workspace.kds/uart/SDK/platform/utilities/src" -I"/home/fellipe/workspace.kds/uart/SDK/platform/utilities/inc" -I"/home/fellipe/workspace.kds/uart/SDK/platform/devices/MKL43Z4/startup" -I"/home/fellipe/workspace.kds/uart/Generated_Code/SDK/platform/devices/MKL43Z4/startup" -I"/home/fellipe/workspace.kds/uart/Sources" -I"/home/fellipe/workspace.kds/uart/Generated_Code" -I"/home/fellipe/workspace.kds/uart/SDK/platform/drivers/inc" -std=c99 -MMD -MP -MF"Sources/main.d" -MT"Sources/main.o" -c -o "Sources/main.o" "../Sources/main.c"
../Sources/main.c: In function 'main':
../Sources/main.c:66:3: warning: implicit declaration of function 'hardware_init' [-Wimplicit-function-declaration]
   hardware_init();
   ^
../Sources/main.c:72:3: warning: passing argument 2 of 'UART_DRV_Init' from incompatible pointer type [enabled by default]
   UART_DRV_Init(2,&uartConfig,&uartState);//
   ^
In file included from /home/fellipe/workspace.kds/uart/Generated_Code/Cpu.h:82:0,
                 from ../Sources/main.c:31:
/home/fellipe/workspace.kds/uart/SDK/platform/drivers/inc/fsl_uart_driver.h:164:15: note: expected 'struct uart_state_t *' but argument is of type 'struct uart_user_config_t *'
 uart_status_t UART_DRV_Init(uint32_t instance, uart_state_t * uartStatePtr,
               ^
../Sources/main.c:72:3: warning: passing argument 3 of 'UART_DRV_Init' from incompatible pointer type [enabled by default]
   UART_DRV_Init(2,&uartConfig,&uartState);//
   ^
In file included from /home/fellipe/workspace.kds/uart/Generated_Code/Cpu.h:82:0,
                 from ../Sources/main.c:31:
/home/fellipe/workspace.kds/uart/SDK/platform/drivers/inc/fsl_uart_driver.h:164:15: note: expected 'const struct uart_user_config_t *' but argument is of type 'struct uart_state_t *'
 uart_status_t UART_DRV_Init(uint32_t instance, uart_state_t * uartStatePtr,
               ^
Finished building: ../Sources/main.c
 
Building file: ../SDK/platform/utilities/src/fsl_debug_console.c
Invoking: Cross ARM C Compiler
arm-none-eabi-gcc -mcpu=cortex-m0plus -mthumb -O0 -fmessage-length=0 -fsigned-char -ffunction-sections -fdata-sections -Wall  -g3 -D"FSL_OSA_BM_TIMER_CONFIG=2" -D"CPU_MKL43Z256VLH4" -I"/home/fellipe/workspace.kds/uart/SDK/platform/hal/inc" -I"/home/fellipe/workspace.kds/uart/SDK/platform/hal/src/sim/MKL43Z4" -I"/home/fellipe/workspace.kds/uart/SDK/platform/system/src/clock/MKL43Z4" -I"/home/fellipe/workspace.kds/uart/SDK/platform/system/inc" -I"/home/fellipe/workspace.kds/uart/SDK/platform/osa/inc" -I"/home/fellipe/workspace.kds/uart/SDK/platform/CMSIS/Include" -I"/home/fellipe/workspace.kds/uart/SDK/platform/devices" -I"/home/fellipe/workspace.kds/uart/SDK/platform/devices/MKL43Z4/include" -I"/home/fellipe/workspace.kds/uart/SDK/platform/utilities/src" -I"/home/fellipe/workspace.kds/uart/SDK/platform/utilities/inc" -I"/home/fellipe/workspace.kds/uart/SDK/platform/devices/MKL43Z4/startup" -I"/home/fellipe/workspace.kds/uart/Generated_Code/SDK/platform/devices/MKL43Z4/startup" -I"/home/fellipe/workspace.kds/uart/Sources" -I"/home/fellipe/workspace.kds/uart/Generated_Code" -I"/home/fellipe/workspace.kds/uart/SDK/platform/drivers/inc" -std=c99 -MMD -MP -MF"SDK/platform/utilities/src/fsl_debug_console.d" -MT"SDK/platform/utilities/src/fsl_debug_console.o" -c -o "SDK/platform/utilities/src/fsl_debug_console.o" "../SDK/platform/utilities/src/fsl_debug_console.c"
Finished building: ../SDK/platform/utilities/src/fsl_debug_console.c
 
Building file: ../SDK/platform/utilities/src/fsl_misc_utilities.c
Invoking: Cross ARM C Compiler
arm-none-eabi-gcc -mcpu=cortex-m0plus -mthumb -O0 -fmessage-length=0 -fsigned-char -ffunction-sections -fdata-sections -Wall  -g3 -D"FSL_OSA_BM_TIMER_CONFIG=2" -D"CPU_MKL43Z256VLH4" -I"/home/fellipe/workspace.kds/uart/SDK/platform/hal/inc" -I"/home/fellipe/workspace.kds/uart/SDK/platform/hal/src/sim/MKL43Z4" -I"/home/fellipe/workspace.kds/uart/SDK/platform/system/src/clock/MKL43Z4" -I"/home/fellipe/workspace.kds/uart/SDK/platform/system/inc" -I"/home/fellipe/workspace.kds/uart/SDK/platform/osa/inc" -I"/home/fellipe/workspace.kds/uart/SDK/platform/CMSIS/Include" -I"/home/fellipe/workspace.kds/uart/SDK/platform/devices" -I"/home/fellipe/workspace.kds/uart/SDK/platform/devices/MKL43Z4/include" -I"/home/fellipe/workspace.kds/uart/SDK/platform/utilities/src" -I"/home/fellipe/workspace.kds/uart/SDK/platform/utilities/inc" -I"/home/fellipe/workspace.kds/uart/SDK/platform/devices/MKL43Z4/startup" -I"/home/fellipe/workspace.kds/uart/Generated_Code/SDK/platform/devices/MKL43Z4/startup" -I"/home/fellipe/workspace.kds/uart/Sources" -I"/home/fellipe/workspace.kds/uart/Generated_Code" -I"/home/fellipe/workspace.kds/uart/SDK/platform/drivers/inc" -std=c99 -MMD -MP -MF"SDK/platform/utilities/src/fsl_misc_utilities.d" -MT"SDK/platform/utilities/src/fsl_misc_utilities.o" -c -o "SDK/platform/utilities/src/fsl_misc_utilities.o" "../SDK/platform/utilities/src/fsl_misc_utilities.c"
Finished building: ../SDK/platform/utilities/src/fsl_misc_utilities.c
 
Building file: ../SDK/platform/utilities/src/print_scan.c
Invoking: Cross ARM C Compiler
arm-none-eabi-gcc -mcpu=cortex-m0plus -mthumb -O0 -fmessage-length=0 -fsigned-char -ffunction-sections -fdata-sections -Wall  -g3 -D"FSL_OSA_BM_TIMER_CONFIG=2" -D"CPU_MKL43Z256VLH4" -I"/home/fellipe/workspace.kds/uart/SDK/platform/hal/inc" -I"/home/fellipe/workspace.kds/uart/SDK/platform/hal/src/sim/MKL43Z4" -I"/home/fellipe/workspace.kds/uart/SDK/platform/system/src/clock/MKL43Z4" -I"/home/fellipe/workspace.kds/uart/SDK/platform/system/inc" -I"/home/fellipe/workspace.kds/uart/SDK/platform/osa/inc" -I"/home/fellipe/workspace.kds/uart/SDK/platform/CMSIS/Include" -I"/home/fellipe/workspace.kds/uart/SDK/platform/devices" -I"/home/fellipe/workspace.kds/uart/SDK/platform/devices/MKL43Z4/include" -I"/home/fellipe/workspace.kds/uart/SDK/platform/utilities/src" -I"/home/fellipe/workspace.kds/uart/SDK/platform/utilities/inc" -I"/home/fellipe/workspace.kds/uart/SDK/platform/devices/MKL43Z4/startup" -I"/home/fellipe/workspace.kds/uart/Generated_Code/SDK/platform/devices/MKL43Z4/startup" -I"/home/fellipe/workspace.kds/uart/Sources" -I"/home/fellipe/workspace.kds/uart/Generated_Code" -I"/home/fellipe/workspace.kds/uart/SDK/platform/drivers/inc" -std=c99 -MMD -MP -MF"SDK/platform/utilities/src/print_scan.d" -MT"SDK/platform/utilities/src/print_scan.o" -c -o "SDK/platform/utilities/src/print_scan.o" "../SDK/platform/utilities/src/print_scan.c"
Finished building: ../SDK/platform/utilities/src/print_scan.c
 
Building file: ../SDK/platform/system/src/interrupt/fsl_interrupt_manager.c
Invoking: Cross ARM C Compiler
arm-none-eabi-gcc -mcpu=cortex-m0plus -mthumb -O0 -fmessage-length=0 -fsigned-char -ffunction-sections -fdata-sections -Wall  -g3 -D"FSL_OSA_BM_TIMER_CONFIG=2" -D"CPU_MKL43Z256VLH4" -I"/home/fellipe/workspace.kds/uart/SDK/platform/hal/inc" -I"/home/fellipe/workspace.kds/uart/SDK/platform/hal/src/sim/MKL43Z4" -I"/home/fellipe/workspace.kds/uart/SDK/platform/system/src/clock/MKL43Z4" -I"/home/fellipe/workspace.kds/uart/SDK/platform/system/inc" -I"/home/fellipe/workspace.kds/uart/SDK/platform/osa/inc" -I"/home/fellipe/workspace.kds/uart/SDK/platform/CMSIS/Include" -I"/home/fellipe/workspace.kds/uart/SDK/platform/devices" -I"/home/fellipe/workspace.kds/uart/SDK/platform/devices/MKL43Z4/include" -I"/home/fellipe/workspace.kds/uart/SDK/platform/utilities/src" -I"/home/fellipe/workspace.kds/uart/SDK/platform/utilities/inc" -I"/home/fellipe/workspace.kds/uart/SDK/platform/devices/MKL43Z4/startup" -I"/home/fellipe/workspace.kds/uart/Generated_Code/SDK/platform/devices/MKL43Z4/startup" -I"/home/fellipe/workspace.kds/uart/Sources" -I"/home/fellipe/workspace.kds/uart/Generated_Code" -I"/home/fellipe/workspace.kds/uart/SDK/platform/drivers/inc" -std=c99 -MMD -MP -MF"SDK/platform/system/src/interrupt/fsl_interrupt_manager.d" -MT"SDK/platform/system/src/interrupt/fsl_interrupt_manager.o" -c -o "SDK/platform/system/src/interrupt/fsl_interrupt_manager.o" "../SDK/platform/system/src/interrupt/fsl_interrupt_manager.c"
Finished building: ../SDK/platform/system/src/interrupt/fsl_interrupt_manager.c
 
Building file: ../SDK/platform/system/src/clock/MKL43Z4/fsl_clock_MKL43Z4.c
Invoking: Cross ARM C Compiler
arm-none-eabi-gcc -mcpu=cortex-m0plus -mthumb -O0 -fmessage-length=0 -fsigned-char -ffunction-sections -fdata-sections -Wall  -g3 -D"FSL_OSA_BM_TIMER_CONFIG=2" -D"CPU_MKL43Z256VLH4" -I"/home/fellipe/workspace.kds/uart/SDK/platform/hal/inc" -I"/home/fellipe/workspace.kds/uart/SDK/platform/hal/src/sim/MKL43Z4" -I"/home/fellipe/workspace.kds/uart/SDK/platform/system/src/clock/MKL43Z4" -I"/home/fellipe/workspace.kds/uart/SDK/platform/system/inc" -I"/home/fellipe/workspace.kds/uart/SDK/platform/osa/inc" -I"/home/fellipe/workspace.kds/uart/SDK/platform/CMSIS/Include" -I"/home/fellipe/workspace.kds/uart/SDK/platform/devices" -I"/home/fellipe/workspace.kds/uart/SDK/platform/devices/MKL43Z4/include" -I"/home/fellipe/workspace.kds/uart/SDK/platform/utilities/src" -I"/home/fellipe/workspace.kds/uart/SDK/platform/utilities/inc" -I"/home/fellipe/workspace.kds/uart/SDK/platform/devices/MKL43Z4/startup" -I"/home/fellipe/workspace.kds/uart/Generated_Code/SDK/platform/devices/MKL43Z4/startup" -I"/home/fellipe/workspace.kds/uart/Sources" -I"/home/fellipe/workspace.kds/uart/Generated_Code" -I"/home/fellipe/workspace.kds/uart/SDK/platform/drivers/inc" -std=c99 -MMD -MP -MF"SDK/platform/system/src/clock/MKL43Z4/fsl_clock_MKL43Z4.d" -MT"SDK/platform/system/src/clock/MKL43Z4/fsl_clock_MKL43Z4.o" -c -o "SDK/platform/system/src/clock/MKL43Z4/fsl_clock_MKL43Z4.o" "../SDK/platform/system/src/clock/MKL43Z4/fsl_clock_MKL43Z4.c"
Finished building: ../SDK/platform/system/src/clock/MKL43Z4/fsl_clock_MKL43Z4.c
 
Building file: ../SDK/platform/system/src/clock/fsl_clock_manager.c
Invoking: Cross ARM C Compiler
arm-none-eabi-gcc -mcpu=cortex-m0plus -mthumb -O0 -fmessage-length=0 -fsigned-char -ffunction-sections -fdata-sections -Wall  -g3 -D"FSL_OSA_BM_TIMER_CONFIG=2" -D"CPU_MKL43Z256VLH4" -I"/home/fellipe/workspace.kds/uart/SDK/platform/hal/inc" -I"/home/fellipe/workspace.kds/uart/SDK/platform/hal/src/sim/MKL43Z4" -I"/home/fellipe/workspace.kds/uart/SDK/platform/system/src/clock/MKL43Z4" -I"/home/fellipe/workspace.kds/uart/SDK/platform/system/inc" -I"/home/fellipe/workspace.kds/uart/SDK/platform/osa/inc" -I"/home/fellipe/workspace.kds/uart/SDK/platform/CMSIS/Include" -I"/home/fellipe/workspace.kds/uart/SDK/platform/devices" -I"/home/fellipe/workspace.kds/uart/SDK/platform/devices/MKL43Z4/include" -I"/home/fellipe/workspace.kds/uart/SDK/platform/utilities/src" -I"/home/fellipe/workspace.kds/uart/SDK/platform/utilities/inc" -I"/home/fellipe/workspace.kds/uart/SDK/platform/devices/MKL43Z4/startup" -I"/home/fellipe/workspace.kds/uart/Generated_Code/SDK/platform/devices/MKL43Z4/startup" -I"/home/fellipe/workspace.kds/uart/Sources" -I"/home/fellipe/workspace.kds/uart/Generated_Code" -I"/home/fellipe/workspace.kds/uart/SDK/platform/drivers/inc" -std=c99 -MMD -MP -MF"SDK/platform/system/src/clock/fsl_clock_manager.d" -MT"SDK/platform/system/src/clock/fsl_clock_manager.o" -c -o "SDK/platform/system/src/clock/fsl_clock_manager.o" "../SDK/platform/system/src/clock/fsl_clock_manager.c"
Finished building: ../SDK/platform/system/src/clock/fsl_clock_manager.c
 
Building file: ../SDK/platform/system/src/clock/fsl_clock_manager_common.c
Invoking: Cross ARM C Compiler
arm-none-eabi-gcc -mcpu=cortex-m0plus -mthumb -O0 -fmessage-length=0 -fsigned-char -ffunction-sections -fdata-sections -Wall  -g3 -D"FSL_OSA_BM_TIMER_CONFIG=2" -D"CPU_MKL43Z256VLH4" -I"/home/fellipe/workspace.kds/uart/SDK/platform/hal/inc" -I"/home/fellipe/workspace.kds/uart/SDK/platform/hal/src/sim/MKL43Z4" -I"/home/fellipe/workspace.kds/uart/SDK/platform/system/src/clock/MKL43Z4" -I"/home/fellipe/workspace.kds/uart/SDK/platform/system/inc" -I"/home/fellipe/workspace.kds/uart/SDK/platform/osa/inc" -I"/home/fellipe/workspace.kds/uart/SDK/platform/CMSIS/Include" -I"/home/fellipe/workspace.kds/uart/SDK/platform/devices" -I"/home/fellipe/workspace.kds/uart/SDK/platform/devices/MKL43Z4/include" -I"/home/fellipe/workspace.kds/uart/SDK/platform/utilities/src" -I"/home/fellipe/workspace.kds/uart/SDK/platform/utilities/inc" -I"/home/fellipe/workspace.kds/uart/SDK/platform/devices/MKL43Z4/startup" -I"/home/fellipe/workspace.kds/uart/Generated_Code/SDK/platform/devices/MKL43Z4/startup" -I"/home/fellipe/workspace.kds/uart/Sources" -I"/home/fellipe/workspace.kds/uart/Generated_Code" -I"/home/fellipe/workspace.kds/uart/SDK/platform/drivers/inc" -std=c99 -MMD -MP -MF"SDK/platform/system/src/clock/fsl_clock_manager_common.d" -MT"SDK/platform/system/src/clock/fsl_clock_manager_common.o" -c -o "SDK/platform/system/src/clock/fsl_clock_manager_common.o" "../SDK/platform/system/src/clock/fsl_clock_manager_common.c"
Finished building: ../SDK/platform/system/src/clock/fsl_clock_manager_common.c
 
Building file: ../SDK/platform/osa/src/fsl_os_abstraction_bm.c
Invoking: Cross ARM C Compiler
arm-none-eabi-gcc -mcpu=cortex-m0plus -mthumb -O0 -fmessage-length=0 -fsigned-char -ffunction-sections -fdata-sections -Wall  -g3 -D"FSL_OSA_BM_TIMER_CONFIG=2" -D"CPU_MKL43Z256VLH4" -I"/home/fellipe/workspace.kds/uart/SDK/platform/hal/inc" -I"/home/fellipe/workspace.kds/uart/SDK/platform/hal/src/sim/MKL43Z4" -I"/home/fellipe/workspace.kds/uart/SDK/platform/system/src/clock/MKL43Z4" -I"/home/fellipe/workspace.kds/uart/SDK/platform/system/inc" -I"/home/fellipe/workspace.kds/uart/SDK/platform/osa/inc" -I"/home/fellipe/workspace.kds/uart/SDK/platform/CMSIS/Include" -I"/home/fellipe/workspace.kds/uart/SDK/platform/devices" -I"/home/fellipe/workspace.kds/uart/SDK/platform/devices/MKL43Z4/include" -I"/home/fellipe/workspace.kds/uart/SDK/platform/utilities/src" -I"/home/fellipe/workspace.kds/uart/SDK/platform/utilities/inc" -I"/home/fellipe/workspace.kds/uart/SDK/platform/devices/MKL43Z4/startup" -I"/home/fellipe/workspace.kds/uart/Generated_Code/SDK/platform/devices/MKL43Z4/startup" -I"/home/fellipe/workspace.kds/uart/Sources" -I"/home/fellipe/workspace.kds/uart/Generated_Code" -I"/home/fellipe/workspace.kds/uart/SDK/platform/drivers/inc" -std=c99 -MMD -MP -MF"SDK/platform/osa/src/fsl_os_abstraction_bm.d" -MT"SDK/platform/osa/src/fsl_os_abstraction_bm.o" -c -o "SDK/platform/osa/src/fsl_os_abstraction_bm.o" "../SDK/platform/osa/src/fsl_os_abstraction_bm.c"
Finished building: ../SDK/platform/osa/src/fsl_os_abstraction_bm.c
 
Building file: ../SDK/platform/hal/src/uart/fsl_uart_hal.c
Invoking: Cross ARM C Compiler
arm-none-eabi-gcc -mcpu=cortex-m0plus -mthumb -O0 -fmessage-length=0 -fsigned-char -ffunction-sections -fdata-sections -Wall  -g3 -D"FSL_OSA_BM_TIMER_CONFIG=2" -D"CPU_MKL43Z256VLH4" -I"/home/fellipe/workspace.kds/uart/SDK/platform/hal/inc" -I"/home/fellipe/workspace.kds/uart/SDK/platform/hal/src/sim/MKL43Z4" -I"/home/fellipe/workspace.kds/uart/SDK/platform/system/src/clock/MKL43Z4" -I"/home/fellipe/workspace.kds/uart/SDK/platform/system/inc" -I"/home/fellipe/workspace.kds/uart/SDK/platform/osa/inc" -I"/home/fellipe/workspace.kds/uart/SDK/platform/CMSIS/Include" -I"/home/fellipe/workspace.kds/uart/SDK/platform/devices" -I"/home/fellipe/workspace.kds/uart/SDK/platform/devices/MKL43Z4/include" -I"/home/fellipe/workspace.kds/uart/SDK/platform/utilities/src" -I"/home/fellipe/workspace.kds/uart/SDK/platform/utilities/inc" -I"/home/fellipe/workspace.kds/uart/SDK/platform/devices/MKL43Z4/startup" -I"/home/fellipe/workspace.kds/uart/Generated_Code/SDK/platform/devices/MKL43Z4/startup" -I"/home/fellipe/workspace.kds/uart/Sources" -I"/home/fellipe/workspace.kds/uart/Generated_Code" -I"/home/fellipe/workspace.kds/uart/SDK/platform/drivers/inc" -std=c99 -MMD -MP -MF"SDK/platform/hal/src/uart/fsl_uart_hal.d" -MT"SDK/platform/hal/src/uart/fsl_uart_hal.o" -c -o "SDK/platform/hal/src/uart/fsl_uart_hal.o" "../SDK/platform/hal/src/uart/fsl_uart_hal.c"
Finished building: ../SDK/platform/hal/src/uart/fsl_uart_hal.c
 
Building file: ../SDK/platform/hal/src/sim/MKL43Z4/fsl_sim_hal_MKL43Z4.c
Invoking: Cross ARM C Compiler
arm-none-eabi-gcc -mcpu=cortex-m0plus -mthumb -O0 -fmessage-length=0 -fsigned-char -ffunction-sections -fdata-sections -Wall  -g3 -D"FSL_OSA_BM_TIMER_CONFIG=2" -D"CPU_MKL43Z256VLH4" -I"/home/fellipe/workspace.kds/uart/SDK/platform/hal/inc" -I"/home/fellipe/workspace.kds/uart/SDK/platform/hal/src/sim/MKL43Z4" -I"/home/fellipe/workspace.kds/uart/SDK/platform/system/src/clock/MKL43Z4" -I"/home/fellipe/workspace.kds/uart/SDK/platform/system/inc" -I"/home/fellipe/workspace.kds/uart/SDK/platform/osa/inc" -I"/home/fellipe/workspace.kds/uart/SDK/platform/CMSIS/Include" -I"/home/fellipe/workspace.kds/uart/SDK/platform/devices" -I"/home/fellipe/workspace.kds/uart/SDK/platform/devices/MKL43Z4/include" -I"/home/fellipe/workspace.kds/uart/SDK/platform/utilities/src" -I"/home/fellipe/workspace.kds/uart/SDK/platform/utilities/inc" -I"/home/fellipe/workspace.kds/uart/SDK/platform/devices/MKL43Z4/startup" -I"/home/fellipe/workspace.kds/uart/Generated_Code/SDK/platform/devices/MKL43Z4/startup" -I"/home/fellipe/workspace.kds/uart/Sources" -I"/home/fellipe/workspace.kds/uart/Generated_Code" -I"/home/fellipe/workspace.kds/uart/SDK/platform/drivers/inc" -std=c99 -MMD -MP -MF"SDK/platform/hal/src/sim/MKL43Z4/fsl_sim_hal_MKL43Z4.d" -MT"SDK/platform/hal/src/sim/MKL43Z4/fsl_sim_hal_MKL43Z4.o" -c -o "SDK/platform/hal/src/sim/MKL43Z4/fsl_sim_hal_MKL43Z4.o" "../SDK/platform/hal/src/sim/MKL43Z4/fsl_sim_hal_MKL43Z4.c"
Finished building: ../SDK/platform/hal/src/sim/MKL43Z4/fsl_sim_hal_MKL43Z4.c
 
Building file: ../SDK/platform/hal/src/rtc/fsl_rtc_hal.c
Invoking: Cross ARM C Compiler
arm-none-eabi-gcc -mcpu=cortex-m0plus -mthumb -O0 -fmessage-length=0 -fsigned-char -ffunction-sections -fdata-sections -Wall  -g3 -D"FSL_OSA_BM_TIMER_CONFIG=2" -D"CPU_MKL43Z256VLH4" -I"/home/fellipe/workspace.kds/uart/SDK/platform/hal/inc" -I"/home/fellipe/workspace.kds/uart/SDK/platform/hal/src/sim/MKL43Z4" -I"/home/fellipe/workspace.kds/uart/SDK/platform/system/src/clock/MKL43Z4" -I"/home/fellipe/workspace.kds/uart/SDK/platform/system/inc" -I"/home/fellipe/workspace.kds/uart/SDK/platform/osa/inc" -I"/home/fellipe/workspace.kds/uart/SDK/platform/CMSIS/Include" -I"/home/fellipe/workspace.kds/uart/SDK/platform/devices" -I"/home/fellipe/workspace.kds/uart/SDK/platform/devices/MKL43Z4/include" -I"/home/fellipe/workspace.kds/uart/SDK/platform/utilities/src" -I"/home/fellipe/workspace.kds/uart/SDK/platform/utilities/inc" -I"/home/fellipe/workspace.kds/uart/SDK/platform/devices/MKL43Z4/startup" -I"/home/fellipe/workspace.kds/uart/Generated_Code/SDK/platform/devices/MKL43Z4/startup" -I"/home/fellipe/workspace.kds/uart/Sources" -I"/home/fellipe/workspace.kds/uart/Generated_Code" -I"/home/fellipe/workspace.kds/uart/SDK/platform/drivers/inc" -std=c99 -MMD -MP -MF"SDK/platform/hal/src/rtc/fsl_rtc_hal.d" -MT"SDK/platform/hal/src/rtc/fsl_rtc_hal.o" -c -o "SDK/platform/hal/src/rtc/fsl_rtc_hal.o" "../SDK/platform/hal/src/rtc/fsl_rtc_hal.c"
Finished building: ../SDK/platform/hal/src/rtc/fsl_rtc_hal.c
 
Building file: ../SDK/platform/hal/src/port/fsl_port_hal.c
Invoking: Cross ARM C Compiler
arm-none-eabi-gcc -mcpu=cortex-m0plus -mthumb -O0 -fmessage-length=0 -fsigned-char -ffunction-sections -fdata-sections -Wall  -g3 -D"FSL_OSA_BM_TIMER_CONFIG=2" -D"CPU_MKL43Z256VLH4" -I"/home/fellipe/workspace.kds/uart/SDK/platform/hal/inc" -I"/home/fellipe/workspace.kds/uart/SDK/platform/hal/src/sim/MKL43Z4" -I"/home/fellipe/workspace.kds/uart/SDK/platform/system/src/clock/MKL43Z4" -I"/home/fellipe/workspace.kds/uart/SDK/platform/system/inc" -I"/home/fellipe/workspace.kds/uart/SDK/platform/osa/inc" -I"/home/fellipe/workspace.kds/uart/SDK/platform/CMSIS/Include" -I"/home/fellipe/workspace.kds/uart/SDK/platform/devices" -I"/home/fellipe/workspace.kds/uart/SDK/platform/devices/MKL43Z4/include" -I"/home/fellipe/workspace.kds/uart/SDK/platform/utilities/src" -I"/home/fellipe/workspace.kds/uart/SDK/platform/utilities/inc" -I"/home/fellipe/workspace.kds/uart/SDK/platform/devices/MKL43Z4/startup" -I"/home/fellipe/workspace.kds/uart/Generated_Code/SDK/platform/devices/MKL43Z4/startup" -I"/home/fellipe/workspace.kds/uart/Sources" -I"/home/fellipe/workspace.kds/uart/Generated_Code" -I"/home/fellipe/workspace.kds/uart/SDK/platform/drivers/inc" -std=c99 -MMD -MP -MF"SDK/platform/hal/src/port/fsl_port_hal.d" -MT"SDK/platform/hal/src/port/fsl_port_hal.o" -c -o "SDK/platform/hal/src/port/fsl_port_hal.o" "../SDK/platform/hal/src/port/fsl_port_hal.c"
Finished building: ../SDK/platform/hal/src/port/fsl_port_hal.c
 
Building file: ../SDK/platform/hal/src/osc/fsl_osc_hal.c
Invoking: Cross ARM C Compiler
arm-none-eabi-gcc -mcpu=cortex-m0plus -mthumb -O0 -fmessage-length=0 -fsigned-char -ffunction-sections -fdata-sections -Wall  -g3 -D"FSL_OSA_BM_TIMER_CONFIG=2" -D"CPU_MKL43Z256VLH4" -I"/home/fellipe/workspace.kds/uart/SDK/platform/hal/inc" -I"/home/fellipe/workspace.kds/uart/SDK/platform/hal/src/sim/MKL43Z4" -I"/home/fellipe/workspace.kds/uart/SDK/platform/system/src/clock/MKL43Z4" -I"/home/fellipe/workspace.kds/uart/SDK/platform/system/inc" -I"/home/fellipe/workspace.kds/uart/SDK/platform/osa/inc" -I"/home/fellipe/workspace.kds/uart/SDK/platform/CMSIS/Include" -I"/home/fellipe/workspace.kds/uart/SDK/platform/devices" -I"/home/fellipe/workspace.kds/uart/SDK/platform/devices/MKL43Z4/include" -I"/home/fellipe/workspace.kds/uart/SDK/platform/utilities/src" -I"/home/fellipe/workspace.kds/uart/SDK/platform/utilities/inc" -I"/home/fellipe/workspace.kds/uart/SDK/platform/devices/MKL43Z4/startup" -I"/home/fellipe/workspace.kds/uart/Generated_Code/SDK/platform/devices/MKL43Z4/startup" -I"/home/fellipe/workspace.kds/uart/Sources" -I"/home/fellipe/workspace.kds/uart/Generated_Code" -I"/home/fellipe/workspace.kds/uart/SDK/platform/drivers/inc" -std=c99 -MMD -MP -MF"SDK/platform/hal/src/osc/fsl_osc_hal.d" -MT"SDK/platform/hal/src/osc/fsl_osc_hal.o" -c -o "SDK/platform/hal/src/osc/fsl_osc_hal.o" "../SDK/platform/hal/src/osc/fsl_osc_hal.c"
Finished building: ../SDK/platform/hal/src/osc/fsl_osc_hal.c
 
Building file: ../SDK/platform/hal/src/mcglite/fsl_mcglite_hal.c
Invoking: Cross ARM C Compiler
arm-none-eabi-gcc -mcpu=cortex-m0plus -mthumb -O0 -fmessage-length=0 -fsigned-char -ffunction-sections -fdata-sections -Wall  -g3 -D"FSL_OSA_BM_TIMER_CONFIG=2" -D"CPU_MKL43Z256VLH4" -I"/home/fellipe/workspace.kds/uart/SDK/platform/hal/inc" -I"/home/fellipe/workspace.kds/uart/SDK/platform/hal/src/sim/MKL43Z4" -I"/home/fellipe/workspace.kds/uart/SDK/platform/system/src/clock/MKL43Z4" -I"/home/fellipe/workspace.kds/uart/SDK/platform/system/inc" -I"/home/fellipe/workspace.kds/uart/SDK/platform/osa/inc" -I"/home/fellipe/workspace.kds/uart/SDK/platform/CMSIS/Include" -I"/home/fellipe/workspace.kds/uart/SDK/platform/devices" -I"/home/fellipe/workspace.kds/uart/SDK/platform/devices/MKL43Z4/include" -I"/home/fellipe/workspace.kds/uart/SDK/platform/utilities/src" -I"/home/fellipe/workspace.kds/uart/SDK/platform/utilities/inc" -I"/home/fellipe/workspace.kds/uart/SDK/platform/devices/MKL43Z4/startup" -I"/home/fellipe/workspace.kds/uart/Generated_Code/SDK/platform/devices/MKL43Z4/startup" -I"/home/fellipe/workspace.kds/uart/Sources" -I"/home/fellipe/workspace.kds/uart/Generated_Code" -I"/home/fellipe/workspace.kds/uart/SDK/platform/drivers/inc" -std=c99 -MMD -MP -MF"SDK/platform/hal/src/mcglite/fsl_mcglite_hal.d" -MT"SDK/platform/hal/src/mcglite/fsl_mcglite_hal.o" -c -o "SDK/platform/hal/src/mcglite/fsl_mcglite_hal.o" "../SDK/platform/hal/src/mcglite/fsl_mcglite_hal.c"
Finished building: ../SDK/platform/hal/src/mcglite/fsl_mcglite_hal.c
 
Building file: ../SDK/platform/hal/src/mcglite/fsl_mcglite_hal_modes.c
Invoking: Cross ARM C Compiler
arm-none-eabi-gcc -mcpu=cortex-m0plus -mthumb -O0 -fmessage-length=0 -fsigned-char -ffunction-sections -fdata-sections -Wall  -g3 -D"FSL_OSA_BM_TIMER_CONFIG=2" -D"CPU_MKL43Z256VLH4" -I"/home/fellipe/workspace.kds/uart/SDK/platform/hal/inc" -I"/home/fellipe/workspace.kds/uart/SDK/platform/hal/src/sim/MKL43Z4" -I"/home/fellipe/workspace.kds/uart/SDK/platform/system/src/clock/MKL43Z4" -I"/home/fellipe/workspace.kds/uart/SDK/platform/system/inc" -I"/home/fellipe/workspace.kds/uart/SDK/platform/osa/inc" -I"/home/fellipe/workspace.kds/uart/SDK/platform/CMSIS/Include" -I"/home/fellipe/workspace.kds/uart/SDK/platform/devices" -I"/home/fellipe/workspace.kds/uart/SDK/platform/devices/MKL43Z4/include" -I"/home/fellipe/workspace.kds/uart/SDK/platform/utilities/src" -I"/home/fellipe/workspace.kds/uart/SDK/platform/utilities/inc" -I"/home/fellipe/workspace.kds/uart/SDK/platform/devices/MKL43Z4/startup" -I"/home/fellipe/workspace.kds/uart/Generated_Code/SDK/platform/devices/MKL43Z4/startup" -I"/home/fellipe/workspace.kds/uart/Sources" -I"/home/fellipe/workspace.kds/uart/Generated_Code" -I"/home/fellipe/workspace.kds/uart/SDK/platform/drivers/inc" -std=c99 -MMD -MP -MF"SDK/platform/hal/src/mcglite/fsl_mcglite_hal_modes.d" -MT"SDK/platform/hal/src/mcglite/fsl_mcglite_hal_modes.o" -c -o "SDK/platform/hal/src/mcglite/fsl_mcglite_hal_modes.o" "../SDK/platform/hal/src/mcglite/fsl_mcglite_hal_modes.c"
Finished building: ../SDK/platform/hal/src/mcglite/fsl_mcglite_hal_modes.c
 
Building file: ../SDK/platform/hal/src/lpuart/fsl_lpuart_hal.c
Invoking: Cross ARM C Compiler
arm-none-eabi-gcc -mcpu=cortex-m0plus -mthumb -O0 -fmessage-length=0 -fsigned-char -ffunction-sections -fdata-sections -Wall  -g3 -D"FSL_OSA_BM_TIMER_CONFIG=2" -D"CPU_MKL43Z256VLH4" -I"/home/fellipe/workspace.kds/uart/SDK/platform/hal/inc" -I"/home/fellipe/workspace.kds/uart/SDK/platform/hal/src/sim/MKL43Z4" -I"/home/fellipe/workspace.kds/uart/SDK/platform/system/src/clock/MKL43Z4" -I"/home/fellipe/workspace.kds/uart/SDK/platform/system/inc" -I"/home/fellipe/workspace.kds/uart/SDK/platform/osa/inc" -I"/home/fellipe/workspace.kds/uart/SDK/platform/CMSIS/Include" -I"/home/fellipe/workspace.kds/uart/SDK/platform/devices" -I"/home/fellipe/workspace.kds/uart/SDK/platform/devices/MKL43Z4/include" -I"/home/fellipe/workspace.kds/uart/SDK/platform/utilities/src" -I"/home/fellipe/workspace.kds/uart/SDK/platform/utilities/inc" -I"/home/fellipe/workspace.kds/uart/SDK/platform/devices/MKL43Z4/startup" -I"/home/fellipe/workspace.kds/uart/Generated_Code/SDK/platform/devices/MKL43Z4/startup" -I"/home/fellipe/workspace.kds/uart/Sources" -I"/home/fellipe/workspace.kds/uart/Generated_Code" -I"/home/fellipe/workspace.kds/uart/SDK/platform/drivers/inc" -std=c99 -MMD -MP -MF"SDK/platform/hal/src/lpuart/fsl_lpuart_hal.d" -MT"SDK/platform/hal/src/lpuart/fsl_lpuart_hal.o" -c -o "SDK/platform/hal/src/lpuart/fsl_lpuart_hal.o" "../SDK/platform/hal/src/lpuart/fsl_lpuart_hal.c"
Finished building: ../SDK/platform/hal/src/lpuart/fsl_lpuart_hal.c
 
Building file: ../SDK/platform/drivers/src/uart/fsl_uart_common.c
Invoking: Cross ARM C Compiler
arm-none-eabi-gcc -mcpu=cortex-m0plus -mthumb -O0 -fmessage-length=0 -fsigned-char -ffunction-sections -fdata-sections -Wall  -g3 -D"FSL_OSA_BM_TIMER_CONFIG=2" -D"CPU_MKL43Z256VLH4" -I"/home/fellipe/workspace.kds/uart/SDK/platform/hal/inc" -I"/home/fellipe/workspace.kds/uart/SDK/platform/hal/src/sim/MKL43Z4" -I"/home/fellipe/workspace.kds/uart/SDK/platform/system/src/clock/MKL43Z4" -I"/home/fellipe/workspace.kds/uart/SDK/platform/system/inc" -I"/home/fellipe/workspace.kds/uart/SDK/platform/osa/inc" -I"/home/fellipe/workspace.kds/uart/SDK/platform/CMSIS/Include" -I"/home/fellipe/workspace.kds/uart/SDK/platform/devices" -I"/home/fellipe/workspace.kds/uart/SDK/platform/devices/MKL43Z4/include" -I"/home/fellipe/workspace.kds/uart/SDK/platform/utilities/src" -I"/home/fellipe/workspace.kds/uart/SDK/platform/utilities/inc" -I"/home/fellipe/workspace.kds/uart/SDK/platform/devices/MKL43Z4/startup" -I"/home/fellipe/workspace.kds/uart/Generated_Code/SDK/platform/devices/MKL43Z4/startup" -I"/home/fellipe/workspace.kds/uart/Sources" -I"/home/fellipe/workspace.kds/uart/Generated_Code" -I"/home/fellipe/workspace.kds/uart/SDK/platform/drivers/inc" -std=c99 -MMD -MP -MF"SDK/platform/drivers/src/uart/fsl_uart_common.d" -MT"SDK/platform/drivers/src/uart/fsl_uart_common.o" -c -o "SDK/platform/drivers/src/uart/fsl_uart_common.o" "../SDK/platform/drivers/src/uart/fsl_uart_common.c"
Finished building: ../SDK/platform/drivers/src/uart/fsl_uart_common.c
 
Building file: ../SDK/platform/drivers/src/uart/fsl_uart_driver.c
Invoking: Cross ARM C Compiler
arm-none-eabi-gcc -mcpu=cortex-m0plus -mthumb -O0 -fmessage-length=0 -fsigned-char -ffunction-sections -fdata-sections -Wall  -g3 -D"FSL_OSA_BM_TIMER_CONFIG=2" -D"CPU_MKL43Z256VLH4" -I"/home/fellipe/workspace.kds/uart/SDK/platform/hal/inc" -I"/home/fellipe/workspace.kds/uart/SDK/platform/hal/src/sim/MKL43Z4" -I"/home/fellipe/workspace.kds/uart/SDK/platform/system/src/clock/MKL43Z4" -I"/home/fellipe/workspace.kds/uart/SDK/platform/system/inc" -I"/home/fellipe/workspace.kds/uart/SDK/platform/osa/inc" -I"/home/fellipe/workspace.kds/uart/SDK/platform/CMSIS/Include" -I"/home/fellipe/workspace.kds/uart/SDK/platform/devices" -I"/home/fellipe/workspace.kds/uart/SDK/platform/devices/MKL43Z4/include" -I"/home/fellipe/workspace.kds/uart/SDK/platform/utilities/src" -I"/home/fellipe/workspace.kds/uart/SDK/platform/utilities/inc" -I"/home/fellipe/workspace.kds/uart/SDK/platform/devices/MKL43Z4/startup" -I"/home/fellipe/workspace.kds/uart/Generated_Code/SDK/platform/devices/MKL43Z4/startup" -I"/home/fellipe/workspace.kds/uart/Sources" -I"/home/fellipe/workspace.kds/uart/Generated_Code" -I"/home/fellipe/workspace.kds/uart/SDK/platform/drivers/inc" -std=c99 -MMD -MP -MF"SDK/platform/drivers/src/uart/fsl_uart_driver.d" -MT"SDK/platform/drivers/src/uart/fsl_uart_driver.o" -c -o "SDK/platform/drivers/src/uart/fsl_uart_driver.o" "../SDK/platform/drivers/src/uart/fsl_uart_driver.c"
Finished building: ../SDK/platform/drivers/src/uart/fsl_uart_driver.c
 
Building file: ../SDK/platform/drivers/src/rtc/fsl_rtc_common.c
Invoking: Cross ARM C Compiler
arm-none-eabi-gcc -mcpu=cortex-m0plus -mthumb -O0 -fmessage-length=0 -fsigned-char -ffunction-sections -fdata-sections -Wall  -g3 -D"FSL_OSA_BM_TIMER_CONFIG=2" -D"CPU_MKL43Z256VLH4" -I"/home/fellipe/workspace.kds/uart/SDK/platform/hal/inc" -I"/home/fellipe/workspace.kds/uart/SDK/platform/hal/src/sim/MKL43Z4" -I"/home/fellipe/workspace.kds/uart/SDK/platform/system/src/clock/MKL43Z4" -I"/home/fellipe/workspace.kds/uart/SDK/platform/system/inc" -I"/home/fellipe/workspace.kds/uart/SDK/platform/osa/inc" -I"/home/fellipe/workspace.kds/uart/SDK/platform/CMSIS/Include" -I"/home/fellipe/workspace.kds/uart/SDK/platform/devices" -I"/home/fellipe/workspace.kds/uart/SDK/platform/devices/MKL43Z4/include" -I"/home/fellipe/workspace.kds/uart/SDK/platform/utilities/src" -I"/home/fellipe/workspace.kds/uart/SDK/platform/utilities/inc" -I"/home/fellipe/workspace.kds/uart/SDK/platform/devices/MKL43Z4/startup" -I"/home/fellipe/workspace.kds/uart/Generated_Code/SDK/platform/devices/MKL43Z4/startup" -I"/home/fellipe/workspace.kds/uart/Sources" -I"/home/fellipe/workspace.kds/uart/Generated_Code" -I"/home/fellipe/workspace.kds/uart/SDK/platform/drivers/inc" -std=c99 -MMD -MP -MF"SDK/platform/drivers/src/rtc/fsl_rtc_common.d" -MT"SDK/platform/drivers/src/rtc/fsl_rtc_common.o" -c -o "SDK/platform/drivers/src/rtc/fsl_rtc_common.o" "../SDK/platform/drivers/src/rtc/fsl_rtc_common.c"
Finished building: ../SDK/platform/drivers/src/rtc/fsl_rtc_common.c
 
Building file: ../SDK/platform/devices/MKL43Z4/startup/gcc/startup_MKL43Z4.S
Invoking: Cross ARM GNU Assembler
arm-none-eabi-gcc -mcpu=cortex-m0plus -mthumb -O0 -fmessage-length=0 -fsigned-char -ffunction-sections -fdata-sections -Wall  -g3 -x assembler-with-cpp -D"FSL_OSA_BM_TIMER_CONFIG=2" -MMD -MP -MF"SDK/platform/devices/MKL43Z4/startup/gcc/startup_MKL43Z4.d" -MT"SDK/platform/devices/MKL43Z4/startup/gcc/startup_MKL43Z4.o" -c -o "SDK/platform/devices/MKL43Z4/startup/gcc/startup_MKL43Z4.o" "../SDK/platform/devices/MKL43Z4/startup/gcc/startup_MKL43Z4.S"
Finished building: ../SDK/platform/devices/MKL43Z4/startup/gcc/startup_MKL43Z4.S
 
Building file: ../SDK/platform/devices/MKL43Z4/startup/system_MKL43Z4.c
Invoking: Cross ARM C Compiler
arm-none-eabi-gcc -mcpu=cortex-m0plus -mthumb -O0 -fmessage-length=0 -fsigned-char -ffunction-sections -fdata-sections -Wall  -g3 -D"FSL_OSA_BM_TIMER_CONFIG=2" -D"CPU_MKL43Z256VLH4" -I"/home/fellipe/workspace.kds/uart/SDK/platform/hal/inc" -I"/home/fellipe/workspace.kds/uart/SDK/platform/hal/src/sim/MKL43Z4" -I"/home/fellipe/workspace.kds/uart/SDK/platform/system/src/clock/MKL43Z4" -I"/home/fellipe/workspace.kds/uart/SDK/platform/system/inc" -I"/home/fellipe/workspace.kds/uart/SDK/platform/osa/inc" -I"/home/fellipe/workspace.kds/uart/SDK/platform/CMSIS/Include" -I"/home/fellipe/workspace.kds/uart/SDK/platform/devices" -I"/home/fellipe/workspace.kds/uart/SDK/platform/devices/MKL43Z4/include" -I"/home/fellipe/workspace.kds/uart/SDK/platform/utilities/src" -I"/home/fellipe/workspace.kds/uart/SDK/platform/utilities/inc" -I"/home/fellipe/workspace.kds/uart/SDK/platform/devices/MKL43Z4/startup" -I"/home/fellipe/workspace.kds/uart/Generated_Code/SDK/platform/devices/MKL43Z4/startup" -I"/home/fellipe/workspace.kds/uart/Sources" -I"/home/fellipe/workspace.kds/uart/Generated_Code" -I"/home/fellipe/workspace.kds/uart/SDK/platform/drivers/inc" -std=c99 -MMD -MP -MF"SDK/platform/devices/MKL43Z4/startup/system_MKL43Z4.d" -MT"SDK/platform/devices/MKL43Z4/startup/system_MKL43Z4.o" -c -o "SDK/platform/devices/MKL43Z4/startup/system_MKL43Z4.o" "../SDK/platform/devices/MKL43Z4/startup/system_MKL43Z4.c"
Finished building: ../SDK/platform/devices/MKL43Z4/startup/system_MKL43Z4.c
 
Building file: ../SDK/platform/devices/startup.c
Invoking: Cross ARM C Compiler
arm-none-eabi-gcc -mcpu=cortex-m0plus -mthumb -O0 -fmessage-length=0 -fsigned-char -ffunction-sections -fdata-sections -Wall  -g3 -D"FSL_OSA_BM_TIMER_CONFIG=2" -D"CPU_MKL43Z256VLH4" -I"/home/fellipe/workspace.kds/uart/SDK/platform/hal/inc" -I"/home/fellipe/workspace.kds/uart/SDK/platform/hal/src/sim/MKL43Z4" -I"/home/fellipe/workspace.kds/uart/SDK/platform/system/src/clock/MKL43Z4" -I"/home/fellipe/workspace.kds/uart/SDK/platform/system/inc" -I"/home/fellipe/workspace.kds/uart/SDK/platform/osa/inc" -I"/home/fellipe/workspace.kds/uart/SDK/platform/CMSIS/Include" -I"/home/fellipe/workspace.kds/uart/SDK/platform/devices" -I"/home/fellipe/workspace.kds/uart/SDK/platform/devices/MKL43Z4/include" -I"/home/fellipe/workspace.kds/uart/SDK/platform/utilities/src" -I"/home/fellipe/workspace.kds/uart/SDK/platform/utilities/inc" -I"/home/fellipe/workspace.kds/uart/SDK/platform/devices/MKL43Z4/startup" -I"/home/fellipe/workspace.kds/uart/Generated_Code/SDK/platform/devices/MKL43Z4/startup" -I"/home/fellipe/workspace.kds/uart/Sources" -I"/home/fellipe/workspace.kds/uart/Generated_Code" -I"/home/fellipe/workspace.kds/uart/SDK/platform/drivers/inc" -std=c99 -MMD -MP -MF"SDK/platform/devices/startup.d" -MT"SDK/platform/devices/startup.o" -c -o "SDK/platform/devices/startup.o" "../SDK/platform/devices/startup.c"
Finished building: ../SDK/platform/devices/startup.c
 
Building file: ../Generated_Code/Cpu.c
Invoking: Cross ARM C Compiler
arm-none-eabi-gcc -mcpu=cortex-m0plus -mthumb -O0 -fmessage-length=0 -fsigned-char -ffunction-sections -fdata-sections -Wall  -g3 -D"FSL_OSA_BM_TIMER_CONFIG=2" -D"CPU_MKL43Z256VLH4" -I"/home/fellipe/workspace.kds/uart/SDK/platform/hal/inc" -I"/home/fellipe/workspace.kds/uart/SDK/platform/hal/src/sim/MKL43Z4" -I"/home/fellipe/workspace.kds/uart/SDK/platform/system/src/clock/MKL43Z4" -I"/home/fellipe/workspace.kds/uart/SDK/platform/system/inc" -I"/home/fellipe/workspace.kds/uart/SDK/platform/osa/inc" -I"/home/fellipe/workspace.kds/uart/SDK/platform/CMSIS/Include" -I"/home/fellipe/workspace.kds/uart/SDK/platform/devices" -I"/home/fellipe/workspace.kds/uart/SDK/platform/devices/MKL43Z4/include" -I"/home/fellipe/workspace.kds/uart/SDK/platform/utilities/src" -I"/home/fellipe/workspace.kds/uart/SDK/platform/utilities/inc" -I"/home/fellipe/workspace.kds/uart/SDK/platform/devices/MKL43Z4/startup" -I"/home/fellipe/workspace.kds/uart/Generated_Code/SDK/platform/devices/MKL43Z4/startup" -I"/home/fellipe/workspace.kds/uart/Sources" -I"/home/fellipe/workspace.kds/uart/Generated_Code" -I"/home/fellipe/workspace.kds/uart/SDK/platform/drivers/inc" -std=c99 -MMD -MP -MF"Generated_Code/Cpu.d" -MT"Generated_Code/Cpu.o" -c -o "Generated_Code/Cpu.o" "../Generated_Code/Cpu.c"
Finished building: ../Generated_Code/Cpu.c
 
Building file: ../Generated_Code/clockMan1.c
Invoking: Cross ARM C Compiler
arm-none-eabi-gcc -mcpu=cortex-m0plus -mthumb -O0 -fmessage-length=0 -fsigned-char -ffunction-sections -fdata-sections -Wall  -g3 -D"FSL_OSA_BM_TIMER_CONFIG=2" -D"CPU_MKL43Z256VLH4" -I"/home/fellipe/workspace.kds/uart/SDK/platform/hal/inc" -I"/home/fellipe/workspace.kds/uart/SDK/platform/hal/src/sim/MKL43Z4" -I"/home/fellipe/workspace.kds/uart/SDK/platform/system/src/clock/MKL43Z4" -I"/home/fellipe/workspace.kds/uart/SDK/platform/system/inc" -I"/home/fellipe/workspace.kds/uart/SDK/platform/osa/inc" -I"/home/fellipe/workspace.kds/uart/SDK/platform/CMSIS/Include" -I"/home/fellipe/workspace.kds/uart/SDK/platform/devices" -I"/home/fellipe/workspace.kds/uart/SDK/platform/devices/MKL43Z4/include" -I"/home/fellipe/workspace.kds/uart/SDK/platform/utilities/src" -I"/home/fellipe/workspace.kds/uart/SDK/platform/utilities/inc" -I"/home/fellipe/workspace.kds/uart/SDK/platform/devices/MKL43Z4/startup" -I"/home/fellipe/workspace.kds/uart/Generated_Code/SDK/platform/devices/MKL43Z4/startup" -I"/home/fellipe/workspace.kds/uart/Sources" -I"/home/fellipe/workspace.kds/uart/Generated_Code" -I"/home/fellipe/workspace.kds/uart/SDK/platform/drivers/inc" -std=c99 -MMD -MP -MF"Generated_Code/clockMan1.d" -MT"Generated_Code/clockMan1.o" -c -o "Generated_Code/clockMan1.o" "../Generated_Code/clockMan1.c"
Finished building: ../Generated_Code/clockMan1.c
 
Building file: ../Generated_Code/hardware_init.c
Invoking: Cross ARM C Compiler
arm-none-eabi-gcc -mcpu=cortex-m0plus -mthumb -O0 -fmessage-length=0 -fsigned-char -ffunction-sections -fdata-sections -Wall  -g3 -D"FSL_OSA_BM_TIMER_CONFIG=2" -D"CPU_MKL43Z256VLH4" -I"/home/fellipe/workspace.kds/uart/SDK/platform/hal/inc" -I"/home/fellipe/workspace.kds/uart/SDK/platform/hal/src/sim/MKL43Z4" -I"/home/fellipe/workspace.kds/uart/SDK/platform/system/src/clock/MKL43Z4" -I"/home/fellipe/workspace.kds/uart/SDK/platform/system/inc" -I"/home/fellipe/workspace.kds/uart/SDK/platform/osa/inc" -I"/home/fellipe/workspace.kds/uart/SDK/platform/CMSIS/Include" -I"/home/fellipe/workspace.kds/uart/SDK/platform/devices" -I"/home/fellipe/workspace.kds/uart/SDK/platform/devices/MKL43Z4/include" -I"/home/fellipe/workspace.kds/uart/SDK/platform/utilities/src" -I"/home/fellipe/workspace.kds/uart/SDK/platform/utilities/inc" -I"/home/fellipe/workspace.kds/uart/SDK/platform/devices/MKL43Z4/startup" -I"/home/fellipe/workspace.kds/uart/Generated_Code/SDK/platform/devices/MKL43Z4/startup" -I"/home/fellipe/workspace.kds/uart/Sources" -I"/home/fellipe/workspace.kds/uart/Generated_Code" -I"/home/fellipe/workspace.kds/uart/SDK/platform/drivers/inc" -std=c99 -MMD -MP -MF"Generated_Code/hardware_init.d" -MT"Generated_Code/hardware_init.o" -c -o "Generated_Code/hardware_init.o" "../Generated_Code/hardware_init.c"
Finished building: ../Generated_Code/hardware_init.c
 
Building file: ../Generated_Code/osa1.c
Invoking: Cross ARM C Compiler
arm-none-eabi-gcc -mcpu=cortex-m0plus -mthumb -O0 -fmessage-length=0 -fsigned-char -ffunction-sections -fdata-sections -Wall  -g3 -D"FSL_OSA_BM_TIMER_CONFIG=2" -D"CPU_MKL43Z256VLH4" -I"/home/fellipe/workspace.kds/uart/SDK/platform/hal/inc" -I"/home/fellipe/workspace.kds/uart/SDK/platform/hal/src/sim/MKL43Z4" -I"/home/fellipe/workspace.kds/uart/SDK/platform/system/src/clock/MKL43Z4" -I"/home/fellipe/workspace.kds/uart/SDK/platform/system/inc" -I"/home/fellipe/workspace.kds/uart/SDK/platform/osa/inc" -I"/home/fellipe/workspace.kds/uart/SDK/platform/CMSIS/Include" -I"/home/fellipe/workspace.kds/uart/SDK/platform/devices" -I"/home/fellipe/workspace.kds/uart/SDK/platform/devices/MKL43Z4/include" -I"/home/fellipe/workspace.kds/uart/SDK/platform/utilities/src" -I"/home/fellipe/workspace.kds/uart/SDK/platform/utilities/inc" -I"/home/fellipe/workspace.kds/uart/SDK/platform/devices/MKL43Z4/startup" -I"/home/fellipe/workspace.kds/uart/Generated_Code/SDK/platform/devices/MKL43Z4/startup" -I"/home/fellipe/workspace.kds/uart/Sources" -I"/home/fellipe/workspace.kds/uart/Generated_Code" -I"/home/fellipe/workspace.kds/uart/SDK/platform/drivers/inc" -std=c99 -MMD -MP -MF"Generated_Code/osa1.d" -MT"Generated_Code/osa1.o" -c -o "Generated_Code/osa1.o" "../Generated_Code/osa1.c"
Finished building: ../Generated_Code/osa1.c
 
Building file: ../Generated_Code/pin_init.c
Invoking: Cross ARM C Compiler
arm-none-eabi-gcc -mcpu=cortex-m0plus -mthumb -O0 -fmessage-length=0 -fsigned-char -ffunction-sections -fdata-sections -Wall  -g3 -D"FSL_OSA_BM_TIMER_CONFIG=2" -D"CPU_MKL43Z256VLH4" -I"/home/fellipe/workspace.kds/uart/SDK/platform/hal/inc" -I"/home/fellipe/workspace.kds/uart/SDK/platform/hal/src/sim/MKL43Z4" -I"/home/fellipe/workspace.kds/uart/SDK/platform/system/src/clock/MKL43Z4" -I"/home/fellipe/workspace.kds/uart/SDK/platform/system/inc" -I"/home/fellipe/workspace.kds/uart/SDK/platform/osa/inc" -I"/home/fellipe/workspace.kds/uart/SDK/platform/CMSIS/Include" -I"/home/fellipe/workspace.kds/uart/SDK/platform/devices" -I"/home/fellipe/workspace.kds/uart/SDK/platform/devices/MKL43Z4/include" -I"/home/fellipe/workspace.kds/uart/SDK/platform/utilities/src" -I"/home/fellipe/workspace.kds/uart/SDK/platform/utilities/inc" -I"/home/fellipe/workspace.kds/uart/SDK/platform/devices/MKL43Z4/startup" -I"/home/fellipe/workspace.kds/uart/Generated_Code/SDK/platform/devices/MKL43Z4/startup" -I"/home/fellipe/workspace.kds/uart/Sources" -I"/home/fellipe/workspace.kds/uart/Generated_Code" -I"/home/fellipe/workspace.kds/uart/SDK/platform/drivers/inc" -std=c99 -MMD -MP -MF"Generated_Code/pin_init.d" -MT"Generated_Code/pin_init.o" -c -o "Generated_Code/pin_init.o" "../Generated_Code/pin_init.c"
Finished building: ../Generated_Code/pin_init.c
 
Building file: ../Generated_Code/uartCom1.c
Invoking: Cross ARM C Compiler
arm-none-eabi-gcc -mcpu=cortex-m0plus -mthumb -O0 -fmessage-length=0 -fsigned-char -ffunction-sections -fdata-sections -Wall  -g3 -D"FSL_OSA_BM_TIMER_CONFIG=2" -D"CPU_MKL43Z256VLH4" -I"/home/fellipe/workspace.kds/uart/SDK/platform/hal/inc" -I"/home/fellipe/workspace.kds/uart/SDK/platform/hal/src/sim/MKL43Z4" -I"/home/fellipe/workspace.kds/uart/SDK/platform/system/src/clock/MKL43Z4" -I"/home/fellipe/workspace.kds/uart/SDK/platform/system/inc" -I"/home/fellipe/workspace.kds/uart/SDK/platform/osa/inc" -I"/home/fellipe/workspace.kds/uart/SDK/platform/CMSIS/Include" -I"/home/fellipe/workspace.kds/uart/SDK/platform/devices" -I"/home/fellipe/workspace.kds/uart/SDK/platform/devices/MKL43Z4/include" -I"/home/fellipe/workspace.kds/uart/SDK/platform/utilities/src" -I"/home/fellipe/workspace.kds/uart/SDK/platform/utilities/inc" -I"/home/fellipe/workspace.kds/uart/SDK/platform/devices/MKL43Z4/startup" -I"/home/fellipe/workspace.kds/uart/Generated_Code/SDK/platform/devices/MKL43Z4/startup" -I"/home/fellipe/workspace.kds/uart/Sources" -I"/home/fellipe/workspace.kds/uart/Generated_Code" -I"/home/fellipe/workspace.kds/uart/SDK/platform/drivers/inc" -std=c99 -MMD -MP -MF"Generated_Code/uartCom1.d" -MT"Generated_Code/uartCom1.o" -c -o "Generated_Code/uartCom1.o" "../Generated_Code/uartCom1.c"
Finished building: ../Generated_Code/uartCom1.c
 
Building target: uart.elf
Invoking: Cross ARM C++ Linker
arm-none-eabi-g++ -mcpu=cortex-m0plus -mthumb -O0 -fmessage-length=0 -fsigned-char -ffunction-sections -fdata-sections -Wall  -g3 -T "/home/fellipe/workspace.kds/uart/Project_Settings/Linker_Files/ProcessorExpert.ld" -Xlinker --gc-sections -L"/home/fellipe/workspace.kds/uart/Project_Settings/Linker_Files" -Wl,-Map,"uart.map" -specs=nosys.specs -specs=nano.specs -Xlinker -z -Xlinker muldefs -o "uart.elf"  ./Static_Code/System/PE_low_level_init.o  ./Sources/Events.o ./Sources/main.o  ./SDK/platform/utilities/src/fsl_debug_console.o ./SDK/platform/utilities/src/fsl_misc_utilities.o ./SDK/platform/utilities/src/print_scan.o  ./SDK/platform/system/src/interrupt/fsl_interrupt_manager.o  ./SDK/platform/system/src/clock/MKL43Z4/fsl_clock_MKL43Z4.o  ./SDK/platform/system/src/clock/fsl_clock_manager.o ./SDK/platform/system/src/clock/fsl_clock_manager_common.o  ./SDK/platform/osa/src/fsl_os_abstraction_bm.o  ./SDK/platform/hal/src/uart/fsl_uart_hal.o  ./SDK/platform/hal/src/sim/MKL43Z4/fsl_sim_hal_MKL43Z4.o  ./SDK/platform/hal/src/rtc/fsl_rtc_hal.o  ./SDK/platform/hal/src/port/fsl_port_hal.o  ./SDK/platform/hal/src/osc/fsl_osc_hal.o  ./SDK/platform/hal/src/mcglite/fsl_mcglite_hal.o ./SDK/platform/hal/src/mcglite/fsl_mcglite_hal_modes.o  ./SDK/platform/hal/src/lpuart/fsl_lpuart_hal.o  ./SDK/platform/drivers/src/uart/fsl_uart_common.o ./SDK/platform/drivers/src/uart/fsl_uart_driver.o  ./SDK/platform/drivers/src/rtc/fsl_rtc_common.o  ./SDK/platform/devices/MKL43Z4/startup/gcc/startup_MKL43Z4.o  ./SDK/platform/devices/MKL43Z4/startup/system_MKL43Z4.o  ./SDK/platform/devices/startup.o  ./Generated_Code/Cpu.o ./Generated_Code/clockMan1.o ./Generated_Code/hardware_init.o ./Generated_Code/osa1.o ./Generated_Code/pin_init.o ./Generated_Code/uartCom1.o   
Finished building target: uart.elf
 
Invoking: Cross ARM GNU Print Size
arm-none-eabi-size --format=berkeley "uart.elf"
   text	   data	    bss	    dec	    hex	filename
  14260	    116	   1788	  16164	   3f24	uart.elf
Finished building: uart.siz
 
14:16:09 **** Build of configuration Debug for project FRDM_KL43_OL2385_Demo ****
make -j4 all 
Invoking: Cross ARM GNU Print Size
arm-none-eabi-size --format=berkeley "FRDM_KL43_OL2385_Demo.elf"
   text	   data	    bss	    dec	    hex	filename
  57040	    120	   4512	  61672	   f0e8	FRDM_KL43_OL2385_Demo.elf
Finished building: FRDM_KL43_OL2385_Demo.siz
 
14:16:10 **** Build of configuration Debug for project t1 ****
make all 
Building file: ../Static_Code/System/PE_low_level_init.c
Invoking: Cross ARM C Compiler
arm-none-eabi-gcc -mcpu=cortex-m0plus -mthumb -O0 -fmessage-length=0 -fsigned-char -ffunction-sections -fdata-sections -Wall  -g3 -D"FSL_OSA_BM_TIMER_CONFIG=2" -D"CPU_MKL43Z256VLH4" -I"/home/fellipe/workspace.kds/t1/SDK/platform/hal/inc" -I"/home/fellipe/workspace.kds/t1/SDK/platform/hal/src/sim/MKL43Z4" -I"/home/fellipe/workspace.kds/t1/SDK/platform/system/src/clock/MKL43Z4" -I"/home/fellipe/workspace.kds/t1/SDK/platform/system/inc" -I"/home/fellipe/workspace.kds/t1/SDK/platform/osa/inc" -I"/home/fellipe/workspace.kds/t1/SDK/platform/CMSIS/Include" -I"/home/fellipe/workspace.kds/t1/SDK/platform/devices" -I"/home/fellipe/workspace.kds/t1/SDK/platform/devices/MKL43Z4/include" -I"/home/fellipe/workspace.kds/t1/SDK/platform/utilities/src" -I"/home/fellipe/workspace.kds/t1/SDK/platform/utilities/inc" -I"/home/fellipe/workspace.kds/t1/SDK/platform/devices/MKL43Z4/startup" -I"/home/fellipe/workspace.kds/t1/Generated_Code/SDK/platform/devices/MKL43Z4/startup" -I"/home/fellipe/workspace.kds/t1/Sources" -I"/home/fellipe/workspace.kds/t1/Generated_Code" -std=c99 -MMD -MP -MF"Static_Code/System/PE_low_level_init.d" -MT"Static_Code/System/PE_low_level_init.o" -c -o "Static_Code/System/PE_low_level_init.o" "../Static_Code/System/PE_low_level_init.c"
Finished building: ../Static_Code/System/PE_low_level_init.c
 
Building file: ../Sources/Events.c
Invoking: Cross ARM C Compiler
arm-none-eabi-gcc -mcpu=cortex-m0plus -mthumb -O0 -fmessage-length=0 -fsigned-char -ffunction-sections -fdata-sections -Wall  -g3 -D"FSL_OSA_BM_TIMER_CONFIG=2" -D"CPU_MKL43Z256VLH4" -I"/home/fellipe/workspace.kds/t1/SDK/platform/hal/inc" -I"/home/fellipe/workspace.kds/t1/SDK/platform/hal/src/sim/MKL43Z4" -I"/home/fellipe/workspace.kds/t1/SDK/platform/system/src/clock/MKL43Z4" -I"/home/fellipe/workspace.kds/t1/SDK/platform/system/inc" -I"/home/fellipe/workspace.kds/t1/SDK/platform/osa/inc" -I"/home/fellipe/workspace.kds/t1/SDK/platform/CMSIS/Include" -I"/home/fellipe/workspace.kds/t1/SDK/platform/devices" -I"/home/fellipe/workspace.kds/t1/SDK/platform/devices/MKL43Z4/include" -I"/home/fellipe/workspace.kds/t1/SDK/platform/utilities/src" -I"/home/fellipe/workspace.kds/t1/SDK/platform/utilities/inc" -I"/home/fellipe/workspace.kds/t1/SDK/platform/devices/MKL43Z4/startup" -I"/home/fellipe/workspace.kds/t1/Generated_Code/SDK/platform/devices/MKL43Z4/startup" -I"/home/fellipe/workspace.kds/t1/Sources" -I"/home/fellipe/workspace.kds/t1/Generated_Code" -std=c99 -MMD -MP -MF"Sources/Events.d" -MT"Sources/Events.o" -c -o "Sources/Events.o" "../Sources/Events.c"
Finished building: ../Sources/Events.c
 
Building file: ../Sources/main.c
Invoking: Cross ARM C Compiler
arm-none-eabi-gcc -mcpu=cortex-m0plus -mthumb -O0 -fmessage-length=0 -fsigned-char -ffunction-sections -fdata-sections -Wall  -g3 -D"FSL_OSA_BM_TIMER_CONFIG=2" -D"CPU_MKL43Z256VLH4" -I"/home/fellipe/workspace.kds/t1/SDK/platform/hal/inc" -I"/home/fellipe/workspace.kds/t1/SDK/platform/hal/src/sim/MKL43Z4" -I"/home/fellipe/workspace.kds/t1/SDK/platform/system/src/clock/MKL43Z4" -I"/home/fellipe/workspace.kds/t1/SDK/platform/system/inc" -I"/home/fellipe/workspace.kds/t1/SDK/platform/osa/inc" -I"/home/fellipe/workspace.kds/t1/SDK/platform/CMSIS/Include" -I"/home/fellipe/workspace.kds/t1/SDK/platform/devices" -I"/home/fellipe/workspace.kds/t1/SDK/platform/devices/MKL43Z4/include" -I"/home/fellipe/workspace.kds/t1/SDK/platform/utilities/src" -I"/home/fellipe/workspace.kds/t1/SDK/platform/utilities/inc" -I"/home/fellipe/workspace.kds/t1/SDK/platform/devices/MKL43Z4/startup" -I"/home/fellipe/workspace.kds/t1/Generated_Code/SDK/platform/devices/MKL43Z4/startup" -I"/home/fellipe/workspace.kds/t1/Sources" -I"/home/fellipe/workspace.kds/t1/Generated_Code" -std=c99 -MMD -MP -MF"Sources/main.d" -MT"Sources/main.o" -c -o "Sources/main.o" "../Sources/main.c"
Finished building: ../Sources/main.c
 
Building file: ../SDK/platform/utilities/src/fsl_debug_console.c
Invoking: Cross ARM C Compiler
arm-none-eabi-gcc -mcpu=cortex-m0plus -mthumb -O0 -fmessage-length=0 -fsigned-char -ffunction-sections -fdata-sections -Wall  -g3 -D"FSL_OSA_BM_TIMER_CONFIG=2" -D"CPU_MKL43Z256VLH4" -I"/home/fellipe/workspace.kds/t1/SDK/platform/hal/inc" -I"/home/fellipe/workspace.kds/t1/SDK/platform/hal/src/sim/MKL43Z4" -I"/home/fellipe/workspace.kds/t1/SDK/platform/system/src/clock/MKL43Z4" -I"/home/fellipe/workspace.kds/t1/SDK/platform/system/inc" -I"/home/fellipe/workspace.kds/t1/SDK/platform/osa/inc" -I"/home/fellipe/workspace.kds/t1/SDK/platform/CMSIS/Include" -I"/home/fellipe/workspace.kds/t1/SDK/platform/devices" -I"/home/fellipe/workspace.kds/t1/SDK/platform/devices/MKL43Z4/include" -I"/home/fellipe/workspace.kds/t1/SDK/platform/utilities/src" -I"/home/fellipe/workspace.kds/t1/SDK/platform/utilities/inc" -I"/home/fellipe/workspace.kds/t1/SDK/platform/devices/MKL43Z4/startup" -I"/home/fellipe/workspace.kds/t1/Generated_Code/SDK/platform/devices/MKL43Z4/startup" -I"/home/fellipe/workspace.kds/t1/Sources" -I"/home/fellipe/workspace.kds/t1/Generated_Code" -std=c99 -MMD -MP -MF"SDK/platform/utilities/src/fsl_debug_console.d" -MT"SDK/platform/utilities/src/fsl_debug_console.o" -c -o "SDK/platform/utilities/src/fsl_debug_console.o" "../SDK/platform/utilities/src/fsl_debug_console.c"
Finished building: ../SDK/platform/utilities/src/fsl_debug_console.c
 
Building file: ../SDK/platform/utilities/src/fsl_misc_utilities.c
Invoking: Cross ARM C Compiler
arm-none-eabi-gcc -mcpu=cortex-m0plus -mthumb -O0 -fmessage-length=0 -fsigned-char -ffunction-sections -fdata-sections -Wall  -g3 -D"FSL_OSA_BM_TIMER_CONFIG=2" -D"CPU_MKL43Z256VLH4" -I"/home/fellipe/workspace.kds/t1/SDK/platform/hal/inc" -I"/home/fellipe/workspace.kds/t1/SDK/platform/hal/src/sim/MKL43Z4" -I"/home/fellipe/workspace.kds/t1/SDK/platform/system/src/clock/MKL43Z4" -I"/home/fellipe/workspace.kds/t1/SDK/platform/system/inc" -I"/home/fellipe/workspace.kds/t1/SDK/platform/osa/inc" -I"/home/fellipe/workspace.kds/t1/SDK/platform/CMSIS/Include" -I"/home/fellipe/workspace.kds/t1/SDK/platform/devices" -I"/home/fellipe/workspace.kds/t1/SDK/platform/devices/MKL43Z4/include" -I"/home/fellipe/workspace.kds/t1/SDK/platform/utilities/src" -I"/home/fellipe/workspace.kds/t1/SDK/platform/utilities/inc" -I"/home/fellipe/workspace.kds/t1/SDK/platform/devices/MKL43Z4/startup" -I"/home/fellipe/workspace.kds/t1/Generated_Code/SDK/platform/devices/MKL43Z4/startup" -I"/home/fellipe/workspace.kds/t1/Sources" -I"/home/fellipe/workspace.kds/t1/Generated_Code" -std=c99 -MMD -MP -MF"SDK/platform/utilities/src/fsl_misc_utilities.d" -MT"SDK/platform/utilities/src/fsl_misc_utilities.o" -c -o "SDK/platform/utilities/src/fsl_misc_utilities.o" "../SDK/platform/utilities/src/fsl_misc_utilities.c"
Finished building: ../SDK/platform/utilities/src/fsl_misc_utilities.c
 
Building file: ../SDK/platform/utilities/src/print_scan.c
Invoking: Cross ARM C Compiler
arm-none-eabi-gcc -mcpu=cortex-m0plus -mthumb -O0 -fmessage-length=0 -fsigned-char -ffunction-sections -fdata-sections -Wall  -g3 -D"FSL_OSA_BM_TIMER_CONFIG=2" -D"CPU_MKL43Z256VLH4" -I"/home/fellipe/workspace.kds/t1/SDK/platform/hal/inc" -I"/home/fellipe/workspace.kds/t1/SDK/platform/hal/src/sim/MKL43Z4" -I"/home/fellipe/workspace.kds/t1/SDK/platform/system/src/clock/MKL43Z4" -I"/home/fellipe/workspace.kds/t1/SDK/platform/system/inc" -I"/home/fellipe/workspace.kds/t1/SDK/platform/osa/inc" -I"/home/fellipe/workspace.kds/t1/SDK/platform/CMSIS/Include" -I"/home/fellipe/workspace.kds/t1/SDK/platform/devices" -I"/home/fellipe/workspace.kds/t1/SDK/platform/devices/MKL43Z4/include" -I"/home/fellipe/workspace.kds/t1/SDK/platform/utilities/src" -I"/home/fellipe/workspace.kds/t1/SDK/platform/utilities/inc" -I"/home/fellipe/workspace.kds/t1/SDK/platform/devices/MKL43Z4/startup" -I"/home/fellipe/workspace.kds/t1/Generated_Code/SDK/platform/devices/MKL43Z4/startup" -I"/home/fellipe/workspace.kds/t1/Sources" -I"/home/fellipe/workspace.kds/t1/Generated_Code" -std=c99 -MMD -MP -MF"SDK/platform/utilities/src/print_scan.d" -MT"SDK/platform/utilities/src/print_scan.o" -c -o "SDK/platform/utilities/src/print_scan.o" "../SDK/platform/utilities/src/print_scan.c"
Finished building: ../SDK/platform/utilities/src/print_scan.c
 
Building file: ../SDK/platform/system/src/interrupt/fsl_interrupt_manager.c
Invoking: Cross ARM C Compiler
arm-none-eabi-gcc -mcpu=cortex-m0plus -mthumb -O0 -fmessage-length=0 -fsigned-char -ffunction-sections -fdata-sections -Wall  -g3 -D"FSL_OSA_BM_TIMER_CONFIG=2" -D"CPU_MKL43Z256VLH4" -I"/home/fellipe/workspace.kds/t1/SDK/platform/hal/inc" -I"/home/fellipe/workspace.kds/t1/SDK/platform/hal/src/sim/MKL43Z4" -I"/home/fellipe/workspace.kds/t1/SDK/platform/system/src/clock/MKL43Z4" -I"/home/fellipe/workspace.kds/t1/SDK/platform/system/inc" -I"/home/fellipe/workspace.kds/t1/SDK/platform/osa/inc" -I"/home/fellipe/workspace.kds/t1/SDK/platform/CMSIS/Include" -I"/home/fellipe/workspace.kds/t1/SDK/platform/devices" -I"/home/fellipe/workspace.kds/t1/SDK/platform/devices/MKL43Z4/include" -I"/home/fellipe/workspace.kds/t1/SDK/platform/utilities/src" -I"/home/fellipe/workspace.kds/t1/SDK/platform/utilities/inc" -I"/home/fellipe/workspace.kds/t1/SDK/platform/devices/MKL43Z4/startup" -I"/home/fellipe/workspace.kds/t1/Generated_Code/SDK/platform/devices/MKL43Z4/startup" -I"/home/fellipe/workspace.kds/t1/Sources" -I"/home/fellipe/workspace.kds/t1/Generated_Code" -std=c99 -MMD -MP -MF"SDK/platform/system/src/interrupt/fsl_interrupt_manager.d" -MT"SDK/platform/system/src/interrupt/fsl_interrupt_manager.o" -c -o "SDK/platform/system/src/interrupt/fsl_interrupt_manager.o" "../SDK/platform/system/src/interrupt/fsl_interrupt_manager.c"
Finished building: ../SDK/platform/system/src/interrupt/fsl_interrupt_manager.c
 
Building file: ../SDK/platform/system/src/clock/MKL43Z4/fsl_clock_MKL43Z4.c
Invoking: Cross ARM C Compiler
arm-none-eabi-gcc -mcpu=cortex-m0plus -mthumb -O0 -fmessage-length=0 -fsigned-char -ffunction-sections -fdata-sections -Wall  -g3 -D"FSL_OSA_BM_TIMER_CONFIG=2" -D"CPU_MKL43Z256VLH4" -I"/home/fellipe/workspace.kds/t1/SDK/platform/hal/inc" -I"/home/fellipe/workspace.kds/t1/SDK/platform/hal/src/sim/MKL43Z4" -I"/home/fellipe/workspace.kds/t1/SDK/platform/system/src/clock/MKL43Z4" -I"/home/fellipe/workspace.kds/t1/SDK/platform/system/inc" -I"/home/fellipe/workspace.kds/t1/SDK/platform/osa/inc" -I"/home/fellipe/workspace.kds/t1/SDK/platform/CMSIS/Include" -I"/home/fellipe/workspace.kds/t1/SDK/platform/devices" -I"/home/fellipe/workspace.kds/t1/SDK/platform/devices/MKL43Z4/include" -I"/home/fellipe/workspace.kds/t1/SDK/platform/utilities/src" -I"/home/fellipe/workspace.kds/t1/SDK/platform/utilities/inc" -I"/home/fellipe/workspace.kds/t1/SDK/platform/devices/MKL43Z4/startup" -I"/home/fellipe/workspace.kds/t1/Generated_Code/SDK/platform/devices/MKL43Z4/startup" -I"/home/fellipe/workspace.kds/t1/Sources" -I"/home/fellipe/workspace.kds/t1/Generated_Code" -std=c99 -MMD -MP -MF"SDK/platform/system/src/clock/MKL43Z4/fsl_clock_MKL43Z4.d" -MT"SDK/platform/system/src/clock/MKL43Z4/fsl_clock_MKL43Z4.o" -c -o "SDK/platform/system/src/clock/MKL43Z4/fsl_clock_MKL43Z4.o" "../SDK/platform/system/src/clock/MKL43Z4/fsl_clock_MKL43Z4.c"
Finished building: ../SDK/platform/system/src/clock/MKL43Z4/fsl_clock_MKL43Z4.c
 
Building file: ../SDK/platform/system/src/clock/fsl_clock_manager.c
Invoking: Cross ARM C Compiler
arm-none-eabi-gcc -mcpu=cortex-m0plus -mthumb -O0 -fmessage-length=0 -fsigned-char -ffunction-sections -fdata-sections -Wall  -g3 -D"FSL_OSA_BM_TIMER_CONFIG=2" -D"CPU_MKL43Z256VLH4" -I"/home/fellipe/workspace.kds/t1/SDK/platform/hal/inc" -I"/home/fellipe/workspace.kds/t1/SDK/platform/hal/src/sim/MKL43Z4" -I"/home/fellipe/workspace.kds/t1/SDK/platform/system/src/clock/MKL43Z4" -I"/home/fellipe/workspace.kds/t1/SDK/platform/system/inc" -I"/home/fellipe/workspace.kds/t1/SDK/platform/osa/inc" -I"/home/fellipe/workspace.kds/t1/SDK/platform/CMSIS/Include" -I"/home/fellipe/workspace.kds/t1/SDK/platform/devices" -I"/home/fellipe/workspace.kds/t1/SDK/platform/devices/MKL43Z4/include" -I"/home/fellipe/workspace.kds/t1/SDK/platform/utilities/src" -I"/home/fellipe/workspace.kds/t1/SDK/platform/utilities/inc" -I"/home/fellipe/workspace.kds/t1/SDK/platform/devices/MKL43Z4/startup" -I"/home/fellipe/workspace.kds/t1/Generated_Code/SDK/platform/devices/MKL43Z4/startup" -I"/home/fellipe/workspace.kds/t1/Sources" -I"/home/fellipe/workspace.kds/t1/Generated_Code" -std=c99 -MMD -MP -MF"SDK/platform/system/src/clock/fsl_clock_manager.d" -MT"SDK/platform/system/src/clock/fsl_clock_manager.o" -c -o "SDK/platform/system/src/clock/fsl_clock_manager.o" "../SDK/platform/system/src/clock/fsl_clock_manager.c"
Finished building: ../SDK/platform/system/src/clock/fsl_clock_manager.c
 
Building file: ../SDK/platform/system/src/clock/fsl_clock_manager_common.c
Invoking: Cross ARM C Compiler
arm-none-eabi-gcc -mcpu=cortex-m0plus -mthumb -O0 -fmessage-length=0 -fsigned-char -ffunction-sections -fdata-sections -Wall  -g3 -D"FSL_OSA_BM_TIMER_CONFIG=2" -D"CPU_MKL43Z256VLH4" -I"/home/fellipe/workspace.kds/t1/SDK/platform/hal/inc" -I"/home/fellipe/workspace.kds/t1/SDK/platform/hal/src/sim/MKL43Z4" -I"/home/fellipe/workspace.kds/t1/SDK/platform/system/src/clock/MKL43Z4" -I"/home/fellipe/workspace.kds/t1/SDK/platform/system/inc" -I"/home/fellipe/workspace.kds/t1/SDK/platform/osa/inc" -I"/home/fellipe/workspace.kds/t1/SDK/platform/CMSIS/Include" -I"/home/fellipe/workspace.kds/t1/SDK/platform/devices" -I"/home/fellipe/workspace.kds/t1/SDK/platform/devices/MKL43Z4/include" -I"/home/fellipe/workspace.kds/t1/SDK/platform/utilities/src" -I"/home/fellipe/workspace.kds/t1/SDK/platform/utilities/inc" -I"/home/fellipe/workspace.kds/t1/SDK/platform/devices/MKL43Z4/startup" -I"/home/fellipe/workspace.kds/t1/Generated_Code/SDK/platform/devices/MKL43Z4/startup" -I"/home/fellipe/workspace.kds/t1/Sources" -I"/home/fellipe/workspace.kds/t1/Generated_Code" -std=c99 -MMD -MP -MF"SDK/platform/system/src/clock/fsl_clock_manager_common.d" -MT"SDK/platform/system/src/clock/fsl_clock_manager_common.o" -c -o "SDK/platform/system/src/clock/fsl_clock_manager_common.o" "../SDK/platform/system/src/clock/fsl_clock_manager_common.c"
Finished building: ../SDK/platform/system/src/clock/fsl_clock_manager_common.c
 
Building file: ../SDK/platform/osa/src/fsl_os_abstraction_bm.c
Invoking: Cross ARM C Compiler
arm-none-eabi-gcc -mcpu=cortex-m0plus -mthumb -O0 -fmessage-length=0 -fsigned-char -ffunction-sections -fdata-sections -Wall  -g3 -D"FSL_OSA_BM_TIMER_CONFIG=2" -D"CPU_MKL43Z256VLH4" -I"/home/fellipe/workspace.kds/t1/SDK/platform/hal/inc" -I"/home/fellipe/workspace.kds/t1/SDK/platform/hal/src/sim/MKL43Z4" -I"/home/fellipe/workspace.kds/t1/SDK/platform/system/src/clock/MKL43Z4" -I"/home/fellipe/workspace.kds/t1/SDK/platform/system/inc" -I"/home/fellipe/workspace.kds/t1/SDK/platform/osa/inc" -I"/home/fellipe/workspace.kds/t1/SDK/platform/CMSIS/Include" -I"/home/fellipe/workspace.kds/t1/SDK/platform/devices" -I"/home/fellipe/workspace.kds/t1/SDK/platform/devices/MKL43Z4/include" -I"/home/fellipe/workspace.kds/t1/SDK/platform/utilities/src" -I"/home/fellipe/workspace.kds/t1/SDK/platform/utilities/inc" -I"/home/fellipe/workspace.kds/t1/SDK/platform/devices/MKL43Z4/startup" -I"/home/fellipe/workspace.kds/t1/Generated_Code/SDK/platform/devices/MKL43Z4/startup" -I"/home/fellipe/workspace.kds/t1/Sources" -I"/home/fellipe/workspace.kds/t1/Generated_Code" -std=c99 -MMD -MP -MF"SDK/platform/osa/src/fsl_os_abstraction_bm.d" -MT"SDK/platform/osa/src/fsl_os_abstraction_bm.o" -c -o "SDK/platform/osa/src/fsl_os_abstraction_bm.o" "../SDK/platform/osa/src/fsl_os_abstraction_bm.c"
Finished building: ../SDK/platform/osa/src/fsl_os_abstraction_bm.c
 
Building file: ../SDK/platform/hal/src/uart/fsl_uart_hal.c
Invoking: Cross ARM C Compiler
arm-none-eabi-gcc -mcpu=cortex-m0plus -mthumb -O0 -fmessage-length=0 -fsigned-char -ffunction-sections -fdata-sections -Wall  -g3 -D"FSL_OSA_BM_TIMER_CONFIG=2" -D"CPU_MKL43Z256VLH4" -I"/home/fellipe/workspace.kds/t1/SDK/platform/hal/inc" -I"/home/fellipe/workspace.kds/t1/SDK/platform/hal/src/sim/MKL43Z4" -I"/home/fellipe/workspace.kds/t1/SDK/platform/system/src/clock/MKL43Z4" -I"/home/fellipe/workspace.kds/t1/SDK/platform/system/inc" -I"/home/fellipe/workspace.kds/t1/SDK/platform/osa/inc" -I"/home/fellipe/workspace.kds/t1/SDK/platform/CMSIS/Include" -I"/home/fellipe/workspace.kds/t1/SDK/platform/devices" -I"/home/fellipe/workspace.kds/t1/SDK/platform/devices/MKL43Z4/include" -I"/home/fellipe/workspace.kds/t1/SDK/platform/utilities/src" -I"/home/fellipe/workspace.kds/t1/SDK/platform/utilities/inc" -I"/home/fellipe/workspace.kds/t1/SDK/platform/devices/MKL43Z4/startup" -I"/home/fellipe/workspace.kds/t1/Generated_Code/SDK/platform/devices/MKL43Z4/startup" -I"/home/fellipe/workspace.kds/t1/Sources" -I"/home/fellipe/workspace.kds/t1/Generated_Code" -std=c99 -MMD -MP -MF"SDK/platform/hal/src/uart/fsl_uart_hal.d" -MT"SDK/platform/hal/src/uart/fsl_uart_hal.o" -c -o "SDK/platform/hal/src/uart/fsl_uart_hal.o" "../SDK/platform/hal/src/uart/fsl_uart_hal.c"
Finished building: ../SDK/platform/hal/src/uart/fsl_uart_hal.c
 
Building file: ../SDK/platform/hal/src/sim/MKL43Z4/fsl_sim_hal_MKL43Z4.c
Invoking: Cross ARM C Compiler
arm-none-eabi-gcc -mcpu=cortex-m0plus -mthumb -O0 -fmessage-length=0 -fsigned-char -ffunction-sections -fdata-sections -Wall  -g3 -D"FSL_OSA_BM_TIMER_CONFIG=2" -D"CPU_MKL43Z256VLH4" -I"/home/fellipe/workspace.kds/t1/SDK/platform/hal/inc" -I"/home/fellipe/workspace.kds/t1/SDK/platform/hal/src/sim/MKL43Z4" -I"/home/fellipe/workspace.kds/t1/SDK/platform/system/src/clock/MKL43Z4" -I"/home/fellipe/workspace.kds/t1/SDK/platform/system/inc" -I"/home/fellipe/workspace.kds/t1/SDK/platform/osa/inc" -I"/home/fellipe/workspace.kds/t1/SDK/platform/CMSIS/Include" -I"/home/fellipe/workspace.kds/t1/SDK/platform/devices" -I"/home/fellipe/workspace.kds/t1/SDK/platform/devices/MKL43Z4/include" -I"/home/fellipe/workspace.kds/t1/SDK/platform/utilities/src" -I"/home/fellipe/workspace.kds/t1/SDK/platform/utilities/inc" -I"/home/fellipe/workspace.kds/t1/SDK/platform/devices/MKL43Z4/startup" -I"/home/fellipe/workspace.kds/t1/Generated_Code/SDK/platform/devices/MKL43Z4/startup" -I"/home/fellipe/workspace.kds/t1/Sources" -I"/home/fellipe/workspace.kds/t1/Generated_Code" -std=c99 -MMD -MP -MF"SDK/platform/hal/src/sim/MKL43Z4/fsl_sim_hal_MKL43Z4.d" -MT"SDK/platform/hal/src/sim/MKL43Z4/fsl_sim_hal_MKL43Z4.o" -c -o "SDK/platform/hal/src/sim/MKL43Z4/fsl_sim_hal_MKL43Z4.o" "../SDK/platform/hal/src/sim/MKL43Z4/fsl_sim_hal_MKL43Z4.c"
Finished building: ../SDK/platform/hal/src/sim/MKL43Z4/fsl_sim_hal_MKL43Z4.c
 
Building file: ../SDK/platform/hal/src/rtc/fsl_rtc_hal.c
Invoking: Cross ARM C Compiler
arm-none-eabi-gcc -mcpu=cortex-m0plus -mthumb -O0 -fmessage-length=0 -fsigned-char -ffunction-sections -fdata-sections -Wall  -g3 -D"FSL_OSA_BM_TIMER_CONFIG=2" -D"CPU_MKL43Z256VLH4" -I"/home/fellipe/workspace.kds/t1/SDK/platform/hal/inc" -I"/home/fellipe/workspace.kds/t1/SDK/platform/hal/src/sim/MKL43Z4" -I"/home/fellipe/workspace.kds/t1/SDK/platform/system/src/clock/MKL43Z4" -I"/home/fellipe/workspace.kds/t1/SDK/platform/system/inc" -I"/home/fellipe/workspace.kds/t1/SDK/platform/osa/inc" -I"/home/fellipe/workspace.kds/t1/SDK/platform/CMSIS/Include" -I"/home/fellipe/workspace.kds/t1/SDK/platform/devices" -I"/home/fellipe/workspace.kds/t1/SDK/platform/devices/MKL43Z4/include" -I"/home/fellipe/workspace.kds/t1/SDK/platform/utilities/src" -I"/home/fellipe/workspace.kds/t1/SDK/platform/utilities/inc" -I"/home/fellipe/workspace.kds/t1/SDK/platform/devices/MKL43Z4/startup" -I"/home/fellipe/workspace.kds/t1/Generated_Code/SDK/platform/devices/MKL43Z4/startup" -I"/home/fellipe/workspace.kds/t1/Sources" -I"/home/fellipe/workspace.kds/t1/Generated_Code" -std=c99 -MMD -MP -MF"SDK/platform/hal/src/rtc/fsl_rtc_hal.d" -MT"SDK/platform/hal/src/rtc/fsl_rtc_hal.o" -c -o "SDK/platform/hal/src/rtc/fsl_rtc_hal.o" "../SDK/platform/hal/src/rtc/fsl_rtc_hal.c"
Finished building: ../SDK/platform/hal/src/rtc/fsl_rtc_hal.c
 
Building file: ../SDK/platform/hal/src/port/fsl_port_hal.c
Invoking: Cross ARM C Compiler
arm-none-eabi-gcc -mcpu=cortex-m0plus -mthumb -O0 -fmessage-length=0 -fsigned-char -ffunction-sections -fdata-sections -Wall  -g3 -D"FSL_OSA_BM_TIMER_CONFIG=2" -D"CPU_MKL43Z256VLH4" -I"/home/fellipe/workspace.kds/t1/SDK/platform/hal/inc" -I"/home/fellipe/workspace.kds/t1/SDK/platform/hal/src/sim/MKL43Z4" -I"/home/fellipe/workspace.kds/t1/SDK/platform/system/src/clock/MKL43Z4" -I"/home/fellipe/workspace.kds/t1/SDK/platform/system/inc" -I"/home/fellipe/workspace.kds/t1/SDK/platform/osa/inc" -I"/home/fellipe/workspace.kds/t1/SDK/platform/CMSIS/Include" -I"/home/fellipe/workspace.kds/t1/SDK/platform/devices" -I"/home/fellipe/workspace.kds/t1/SDK/platform/devices/MKL43Z4/include" -I"/home/fellipe/workspace.kds/t1/SDK/platform/utilities/src" -I"/home/fellipe/workspace.kds/t1/SDK/platform/utilities/inc" -I"/home/fellipe/workspace.kds/t1/SDK/platform/devices/MKL43Z4/startup" -I"/home/fellipe/workspace.kds/t1/Generated_Code/SDK/platform/devices/MKL43Z4/startup" -I"/home/fellipe/workspace.kds/t1/Sources" -I"/home/fellipe/workspace.kds/t1/Generated_Code" -std=c99 -MMD -MP -MF"SDK/platform/hal/src/port/fsl_port_hal.d" -MT"SDK/platform/hal/src/port/fsl_port_hal.o" -c -o "SDK/platform/hal/src/port/fsl_port_hal.o" "../SDK/platform/hal/src/port/fsl_port_hal.c"
Finished building: ../SDK/platform/hal/src/port/fsl_port_hal.c
 
Building file: ../SDK/platform/hal/src/osc/fsl_osc_hal.c
Invoking: Cross ARM C Compiler
arm-none-eabi-gcc -mcpu=cortex-m0plus -mthumb -O0 -fmessage-length=0 -fsigned-char -ffunction-sections -fdata-sections -Wall  -g3 -D"FSL_OSA_BM_TIMER_CONFIG=2" -D"CPU_MKL43Z256VLH4" -I"/home/fellipe/workspace.kds/t1/SDK/platform/hal/inc" -I"/home/fellipe/workspace.kds/t1/SDK/platform/hal/src/sim/MKL43Z4" -I"/home/fellipe/workspace.kds/t1/SDK/platform/system/src/clock/MKL43Z4" -I"/home/fellipe/workspace.kds/t1/SDK/platform/system/inc" -I"/home/fellipe/workspace.kds/t1/SDK/platform/osa/inc" -I"/home/fellipe/workspace.kds/t1/SDK/platform/CMSIS/Include" -I"/home/fellipe/workspace.kds/t1/SDK/platform/devices" -I"/home/fellipe/workspace.kds/t1/SDK/platform/devices/MKL43Z4/include" -I"/home/fellipe/workspace.kds/t1/SDK/platform/utilities/src" -I"/home/fellipe/workspace.kds/t1/SDK/platform/utilities/inc" -I"/home/fellipe/workspace.kds/t1/SDK/platform/devices/MKL43Z4/startup" -I"/home/fellipe/workspace.kds/t1/Generated_Code/SDK/platform/devices/MKL43Z4/startup" -I"/home/fellipe/workspace.kds/t1/Sources" -I"/home/fellipe/workspace.kds/t1/Generated_Code" -std=c99 -MMD -MP -MF"SDK/platform/hal/src/osc/fsl_osc_hal.d" -MT"SDK/platform/hal/src/osc/fsl_osc_hal.o" -c -o "SDK/platform/hal/src/osc/fsl_osc_hal.o" "../SDK/platform/hal/src/osc/fsl_osc_hal.c"
Finished building: ../SDK/platform/hal/src/osc/fsl_osc_hal.c
 
Building file: ../SDK/platform/hal/src/mcglite/fsl_mcglite_hal.c
Invoking: Cross ARM C Compiler
arm-none-eabi-gcc -mcpu=cortex-m0plus -mthumb -O0 -fmessage-length=0 -fsigned-char -ffunction-sections -fdata-sections -Wall  -g3 -D"FSL_OSA_BM_TIMER_CONFIG=2" -D"CPU_MKL43Z256VLH4" -I"/home/fellipe/workspace.kds/t1/SDK/platform/hal/inc" -I"/home/fellipe/workspace.kds/t1/SDK/platform/hal/src/sim/MKL43Z4" -I"/home/fellipe/workspace.kds/t1/SDK/platform/system/src/clock/MKL43Z4" -I"/home/fellipe/workspace.kds/t1/SDK/platform/system/inc" -I"/home/fellipe/workspace.kds/t1/SDK/platform/osa/inc" -I"/home/fellipe/workspace.kds/t1/SDK/platform/CMSIS/Include" -I"/home/fellipe/workspace.kds/t1/SDK/platform/devices" -I"/home/fellipe/workspace.kds/t1/SDK/platform/devices/MKL43Z4/include" -I"/home/fellipe/workspace.kds/t1/SDK/platform/utilities/src" -I"/home/fellipe/workspace.kds/t1/SDK/platform/utilities/inc" -I"/home/fellipe/workspace.kds/t1/SDK/platform/devices/MKL43Z4/startup" -I"/home/fellipe/workspace.kds/t1/Generated_Code/SDK/platform/devices/MKL43Z4/startup" -I"/home/fellipe/workspace.kds/t1/Sources" -I"/home/fellipe/workspace.kds/t1/Generated_Code" -std=c99 -MMD -MP -MF"SDK/platform/hal/src/mcglite/fsl_mcglite_hal.d" -MT"SDK/platform/hal/src/mcglite/fsl_mcglite_hal.o" -c -o "SDK/platform/hal/src/mcglite/fsl_mcglite_hal.o" "../SDK/platform/hal/src/mcglite/fsl_mcglite_hal.c"
Finished building: ../SDK/platform/hal/src/mcglite/fsl_mcglite_hal.c
 
Building file: ../SDK/platform/hal/src/mcglite/fsl_mcglite_hal_modes.c
Invoking: Cross ARM C Compiler
arm-none-eabi-gcc -mcpu=cortex-m0plus -mthumb -O0 -fmessage-length=0 -fsigned-char -ffunction-sections -fdata-sections -Wall  -g3 -D"FSL_OSA_BM_TIMER_CONFIG=2" -D"CPU_MKL43Z256VLH4" -I"/home/fellipe/workspace.kds/t1/SDK/platform/hal/inc" -I"/home/fellipe/workspace.kds/t1/SDK/platform/hal/src/sim/MKL43Z4" -I"/home/fellipe/workspace.kds/t1/SDK/platform/system/src/clock/MKL43Z4" -I"/home/fellipe/workspace.kds/t1/SDK/platform/system/inc" -I"/home/fellipe/workspace.kds/t1/SDK/platform/osa/inc" -I"/home/fellipe/workspace.kds/t1/SDK/platform/CMSIS/Include" -I"/home/fellipe/workspace.kds/t1/SDK/platform/devices" -I"/home/fellipe/workspace.kds/t1/SDK/platform/devices/MKL43Z4/include" -I"/home/fellipe/workspace.kds/t1/SDK/platform/utilities/src" -I"/home/fellipe/workspace.kds/t1/SDK/platform/utilities/inc" -I"/home/fellipe/workspace.kds/t1/SDK/platform/devices/MKL43Z4/startup" -I"/home/fellipe/workspace.kds/t1/Generated_Code/SDK/platform/devices/MKL43Z4/startup" -I"/home/fellipe/workspace.kds/t1/Sources" -I"/home/fellipe/workspace.kds/t1/Generated_Code" -std=c99 -MMD -MP -MF"SDK/platform/hal/src/mcglite/fsl_mcglite_hal_modes.d" -MT"SDK/platform/hal/src/mcglite/fsl_mcglite_hal_modes.o" -c -o "SDK/platform/hal/src/mcglite/fsl_mcglite_hal_modes.o" "../SDK/platform/hal/src/mcglite/fsl_mcglite_hal_modes.c"
Finished building: ../SDK/platform/hal/src/mcglite/fsl_mcglite_hal_modes.c
 
Building file: ../SDK/platform/hal/src/lpuart/fsl_lpuart_hal.c
Invoking: Cross ARM C Compiler
arm-none-eabi-gcc -mcpu=cortex-m0plus -mthumb -O0 -fmessage-length=0 -fsigned-char -ffunction-sections -fdata-sections -Wall  -g3 -D"FSL_OSA_BM_TIMER_CONFIG=2" -D"CPU_MKL43Z256VLH4" -I"/home/fellipe/workspace.kds/t1/SDK/platform/hal/inc" -I"/home/fellipe/workspace.kds/t1/SDK/platform/hal/src/sim/MKL43Z4" -I"/home/fellipe/workspace.kds/t1/SDK/platform/system/src/clock/MKL43Z4" -I"/home/fellipe/workspace.kds/t1/SDK/platform/system/inc" -I"/home/fellipe/workspace.kds/t1/SDK/platform/osa/inc" -I"/home/fellipe/workspace.kds/t1/SDK/platform/CMSIS/Include" -I"/home/fellipe/workspace.kds/t1/SDK/platform/devices" -I"/home/fellipe/workspace.kds/t1/SDK/platform/devices/MKL43Z4/include" -I"/home/fellipe/workspace.kds/t1/SDK/platform/utilities/src" -I"/home/fellipe/workspace.kds/t1/SDK/platform/utilities/inc" -I"/home/fellipe/workspace.kds/t1/SDK/platform/devices/MKL43Z4/startup" -I"/home/fellipe/workspace.kds/t1/Generated_Code/SDK/platform/devices/MKL43Z4/startup" -I"/home/fellipe/workspace.kds/t1/Sources" -I"/home/fellipe/workspace.kds/t1/Generated_Code" -std=c99 -MMD -MP -MF"SDK/platform/hal/src/lpuart/fsl_lpuart_hal.d" -MT"SDK/platform/hal/src/lpuart/fsl_lpuart_hal.o" -c -o "SDK/platform/hal/src/lpuart/fsl_lpuart_hal.o" "../SDK/platform/hal/src/lpuart/fsl_lpuart_hal.c"
Finished building: ../SDK/platform/hal/src/lpuart/fsl_lpuart_hal.c
 
Building file: ../SDK/platform/drivers/src/rtc/fsl_rtc_common.c
Invoking: Cross ARM C Compiler
arm-none-eabi-gcc -mcpu=cortex-m0plus -mthumb -O0 -fmessage-length=0 -fsigned-char -ffunction-sections -fdata-sections -Wall  -g3 -D"FSL_OSA_BM_TIMER_CONFIG=2" -D"CPU_MKL43Z256VLH4" -I"/home/fellipe/workspace.kds/t1/SDK/platform/hal/inc" -I"/home/fellipe/workspace.kds/t1/SDK/platform/hal/src/sim/MKL43Z4" -I"/home/fellipe/workspace.kds/t1/SDK/platform/system/src/clock/MKL43Z4" -I"/home/fellipe/workspace.kds/t1/SDK/platform/system/inc" -I"/home/fellipe/workspace.kds/t1/SDK/platform/osa/inc" -I"/home/fellipe/workspace.kds/t1/SDK/platform/CMSIS/Include" -I"/home/fellipe/workspace.kds/t1/SDK/platform/devices" -I"/home/fellipe/workspace.kds/t1/SDK/platform/devices/MKL43Z4/include" -I"/home/fellipe/workspace.kds/t1/SDK/platform/utilities/src" -I"/home/fellipe/workspace.kds/t1/SDK/platform/utilities/inc" -I"/home/fellipe/workspace.kds/t1/SDK/platform/devices/MKL43Z4/startup" -I"/home/fellipe/workspace.kds/t1/Generated_Code/SDK/platform/devices/MKL43Z4/startup" -I"/home/fellipe/workspace.kds/t1/Sources" -I"/home/fellipe/workspace.kds/t1/Generated_Code" -std=c99 -MMD -MP -MF"SDK/platform/drivers/src/rtc/fsl_rtc_common.d" -MT"SDK/platform/drivers/src/rtc/fsl_rtc_common.o" -c -o "SDK/platform/drivers/src/rtc/fsl_rtc_common.o" "../SDK/platform/drivers/src/rtc/fsl_rtc_common.c"
Finished building: ../SDK/platform/drivers/src/rtc/fsl_rtc_common.c
 
Building file: ../SDK/platform/devices/MKL43Z4/startup/gcc/startup_MKL43Z4.S
Invoking: Cross ARM GNU Assembler
arm-none-eabi-gcc -mcpu=cortex-m0plus -mthumb -O0 -fmessage-length=0 -fsigned-char -ffunction-sections -fdata-sections -Wall  -g3 -x assembler-with-cpp -D"FSL_OSA_BM_TIMER_CONFIG=2" -MMD -MP -MF"SDK/platform/devices/MKL43Z4/startup/gcc/startup_MKL43Z4.d" -MT"SDK/platform/devices/MKL43Z4/startup/gcc/startup_MKL43Z4.o" -c -o "SDK/platform/devices/MKL43Z4/startup/gcc/startup_MKL43Z4.o" "../SDK/platform/devices/MKL43Z4/startup/gcc/startup_MKL43Z4.S"
Finished building: ../SDK/platform/devices/MKL43Z4/startup/gcc/startup_MKL43Z4.S
 
Building file: ../SDK/platform/devices/MKL43Z4/startup/system_MKL43Z4.c
Invoking: Cross ARM C Compiler
arm-none-eabi-gcc -mcpu=cortex-m0plus -mthumb -O0 -fmessage-length=0 -fsigned-char -ffunction-sections -fdata-sections -Wall  -g3 -D"FSL_OSA_BM_TIMER_CONFIG=2" -D"CPU_MKL43Z256VLH4" -I"/home/fellipe/workspace.kds/t1/SDK/platform/hal/inc" -I"/home/fellipe/workspace.kds/t1/SDK/platform/hal/src/sim/MKL43Z4" -I"/home/fellipe/workspace.kds/t1/SDK/platform/system/src/clock/MKL43Z4" -I"/home/fellipe/workspace.kds/t1/SDK/platform/system/inc" -I"/home/fellipe/workspace.kds/t1/SDK/platform/osa/inc" -I"/home/fellipe/workspace.kds/t1/SDK/platform/CMSIS/Include" -I"/home/fellipe/workspace.kds/t1/SDK/platform/devices" -I"/home/fellipe/workspace.kds/t1/SDK/platform/devices/MKL43Z4/include" -I"/home/fellipe/workspace.kds/t1/SDK/platform/utilities/src" -I"/home/fellipe/workspace.kds/t1/SDK/platform/utilities/inc" -I"/home/fellipe/workspace.kds/t1/SDK/platform/devices/MKL43Z4/startup" -I"/home/fellipe/workspace.kds/t1/Generated_Code/SDK/platform/devices/MKL43Z4/startup" -I"/home/fellipe/workspace.kds/t1/Sources" -I"/home/fellipe/workspace.kds/t1/Generated_Code" -std=c99 -MMD -MP -MF"SDK/platform/devices/MKL43Z4/startup/system_MKL43Z4.d" -MT"SDK/platform/devices/MKL43Z4/startup/system_MKL43Z4.o" -c -o "SDK/platform/devices/MKL43Z4/startup/system_MKL43Z4.o" "../SDK/platform/devices/MKL43Z4/startup/system_MKL43Z4.c"
Finished building: ../SDK/platform/devices/MKL43Z4/startup/system_MKL43Z4.c
 
Building file: ../SDK/platform/devices/startup.c
Invoking: Cross ARM C Compiler
arm-none-eabi-gcc -mcpu=cortex-m0plus -mthumb -O0 -fmessage-length=0 -fsigned-char -ffunction-sections -fdata-sections -Wall  -g3 -D"FSL_OSA_BM_TIMER_CONFIG=2" -D"CPU_MKL43Z256VLH4" -I"/home/fellipe/workspace.kds/t1/SDK/platform/hal/inc" -I"/home/fellipe/workspace.kds/t1/SDK/platform/hal/src/sim/MKL43Z4" -I"/home/fellipe/workspace.kds/t1/SDK/platform/system/src/clock/MKL43Z4" -I"/home/fellipe/workspace.kds/t1/SDK/platform/system/inc" -I"/home/fellipe/workspace.kds/t1/SDK/platform/osa/inc" -I"/home/fellipe/workspace.kds/t1/SDK/platform/CMSIS/Include" -I"/home/fellipe/workspace.kds/t1/SDK/platform/devices" -I"/home/fellipe/workspace.kds/t1/SDK/platform/devices/MKL43Z4/include" -I"/home/fellipe/workspace.kds/t1/SDK/platform/utilities/src" -I"/home/fellipe/workspace.kds/t1/SDK/platform/utilities/inc" -I"/home/fellipe/workspace.kds/t1/SDK/platform/devices/MKL43Z4/startup" -I"/home/fellipe/workspace.kds/t1/Generated_Code/SDK/platform/devices/MKL43Z4/startup" -I"/home/fellipe/workspace.kds/t1/Sources" -I"/home/fellipe/workspace.kds/t1/Generated_Code" -std=c99 -MMD -MP -MF"SDK/platform/devices/startup.d" -MT"SDK/platform/devices/startup.o" -c -o "SDK/platform/devices/startup.o" "../SDK/platform/devices/startup.c"
Finished building: ../SDK/platform/devices/startup.c
 
Building file: ../Generated_Code/Cpu.c
Invoking: Cross ARM C Compiler
arm-none-eabi-gcc -mcpu=cortex-m0plus -mthumb -O0 -fmessage-length=0 -fsigned-char -ffunction-sections -fdata-sections -Wall  -g3 -D"FSL_OSA_BM_TIMER_CONFIG=2" -D"CPU_MKL43Z256VLH4" -I"/home/fellipe/workspace.kds/t1/SDK/platform/hal/inc" -I"/home/fellipe/workspace.kds/t1/SDK/platform/hal/src/sim/MKL43Z4" -I"/home/fellipe/workspace.kds/t1/SDK/platform/system/src/clock/MKL43Z4" -I"/home/fellipe/workspace.kds/t1/SDK/platform/system/inc" -I"/home/fellipe/workspace.kds/t1/SDK/platform/osa/inc" -I"/home/fellipe/workspace.kds/t1/SDK/platform/CMSIS/Include" -I"/home/fellipe/workspace.kds/t1/SDK/platform/devices" -I"/home/fellipe/workspace.kds/t1/SDK/platform/devices/MKL43Z4/include" -I"/home/fellipe/workspace.kds/t1/SDK/platform/utilities/src" -I"/home/fellipe/workspace.kds/t1/SDK/platform/utilities/inc" -I"/home/fellipe/workspace.kds/t1/SDK/platform/devices/MKL43Z4/startup" -I"/home/fellipe/workspace.kds/t1/Generated_Code/SDK/platform/devices/MKL43Z4/startup" -I"/home/fellipe/workspace.kds/t1/Sources" -I"/home/fellipe/workspace.kds/t1/Generated_Code" -std=c99 -MMD -MP -MF"Generated_Code/Cpu.d" -MT"Generated_Code/Cpu.o" -c -o "Generated_Code/Cpu.o" "../Generated_Code/Cpu.c"
Finished building: ../Generated_Code/Cpu.c
 
Building file: ../Generated_Code/clockMan1.c
Invoking: Cross ARM C Compiler
arm-none-eabi-gcc -mcpu=cortex-m0plus -mthumb -O0 -fmessage-length=0 -fsigned-char -ffunction-sections -fdata-sections -Wall  -g3 -D"FSL_OSA_BM_TIMER_CONFIG=2" -D"CPU_MKL43Z256VLH4" -I"/home/fellipe/workspace.kds/t1/SDK/platform/hal/inc" -I"/home/fellipe/workspace.kds/t1/SDK/platform/hal/src/sim/MKL43Z4" -I"/home/fellipe/workspace.kds/t1/SDK/platform/system/src/clock/MKL43Z4" -I"/home/fellipe/workspace.kds/t1/SDK/platform/system/inc" -I"/home/fellipe/workspace.kds/t1/SDK/platform/osa/inc" -I"/home/fellipe/workspace.kds/t1/SDK/platform/CMSIS/Include" -I"/home/fellipe/workspace.kds/t1/SDK/platform/devices" -I"/home/fellipe/workspace.kds/t1/SDK/platform/devices/MKL43Z4/include" -I"/home/fellipe/workspace.kds/t1/SDK/platform/utilities/src" -I"/home/fellipe/workspace.kds/t1/SDK/platform/utilities/inc" -I"/home/fellipe/workspace.kds/t1/SDK/platform/devices/MKL43Z4/startup" -I"/home/fellipe/workspace.kds/t1/Generated_Code/SDK/platform/devices/MKL43Z4/startup" -I"/home/fellipe/workspace.kds/t1/Sources" -I"/home/fellipe/workspace.kds/t1/Generated_Code" -std=c99 -MMD -MP -MF"Generated_Code/clockMan1.d" -MT"Generated_Code/clockMan1.o" -c -o "Generated_Code/clockMan1.o" "../Generated_Code/clockMan1.c"
Finished building: ../Generated_Code/clockMan1.c
 
Building file: ../Generated_Code/hardware_init.c
Invoking: Cross ARM C Compiler
arm-none-eabi-gcc -mcpu=cortex-m0plus -mthumb -O0 -fmessage-length=0 -fsigned-char -ffunction-sections -fdata-sections -Wall  -g3 -D"FSL_OSA_BM_TIMER_CONFIG=2" -D"CPU_MKL43Z256VLH4" -I"/home/fellipe/workspace.kds/t1/SDK/platform/hal/inc" -I"/home/fellipe/workspace.kds/t1/SDK/platform/hal/src/sim/MKL43Z4" -I"/home/fellipe/workspace.kds/t1/SDK/platform/system/src/clock/MKL43Z4" -I"/home/fellipe/workspace.kds/t1/SDK/platform/system/inc" -I"/home/fellipe/workspace.kds/t1/SDK/platform/osa/inc" -I"/home/fellipe/workspace.kds/t1/SDK/platform/CMSIS/Include" -I"/home/fellipe/workspace.kds/t1/SDK/platform/devices" -I"/home/fellipe/workspace.kds/t1/SDK/platform/devices/MKL43Z4/include" -I"/home/fellipe/workspace.kds/t1/SDK/platform/utilities/src" -I"/home/fellipe/workspace.kds/t1/SDK/platform/utilities/inc" -I"/home/fellipe/workspace.kds/t1/SDK/platform/devices/MKL43Z4/startup" -I"/home/fellipe/workspace.kds/t1/Generated_Code/SDK/platform/devices/MKL43Z4/startup" -I"/home/fellipe/workspace.kds/t1/Sources" -I"/home/fellipe/workspace.kds/t1/Generated_Code" -std=c99 -MMD -MP -MF"Generated_Code/hardware_init.d" -MT"Generated_Code/hardware_init.o" -c -o "Generated_Code/hardware_init.o" "../Generated_Code/hardware_init.c"
Finished building: ../Generated_Code/hardware_init.c
 
Building file: ../Generated_Code/osa1.c
Invoking: Cross ARM C Compiler
arm-none-eabi-gcc -mcpu=cortex-m0plus -mthumb -O0 -fmessage-length=0 -fsigned-char -ffunction-sections -fdata-sections -Wall  -g3 -D"FSL_OSA_BM_TIMER_CONFIG=2" -D"CPU_MKL43Z256VLH4" -I"/home/fellipe/workspace.kds/t1/SDK/platform/hal/inc" -I"/home/fellipe/workspace.kds/t1/SDK/platform/hal/src/sim/MKL43Z4" -I"/home/fellipe/workspace.kds/t1/SDK/platform/system/src/clock/MKL43Z4" -I"/home/fellipe/workspace.kds/t1/SDK/platform/system/inc" -I"/home/fellipe/workspace.kds/t1/SDK/platform/osa/inc" -I"/home/fellipe/workspace.kds/t1/SDK/platform/CMSIS/Include" -I"/home/fellipe/workspace.kds/t1/SDK/platform/devices" -I"/home/fellipe/workspace.kds/t1/SDK/platform/devices/MKL43Z4/include" -I"/home/fellipe/workspace.kds/t1/SDK/platform/utilities/src" -I"/home/fellipe/workspace.kds/t1/SDK/platform/utilities/inc" -I"/home/fellipe/workspace.kds/t1/SDK/platform/devices/MKL43Z4/startup" -I"/home/fellipe/workspace.kds/t1/Generated_Code/SDK/platform/devices/MKL43Z4/startup" -I"/home/fellipe/workspace.kds/t1/Sources" -I"/home/fellipe/workspace.kds/t1/Generated_Code" -std=c99 -MMD -MP -MF"Generated_Code/osa1.d" -MT"Generated_Code/osa1.o" -c -o "Generated_Code/osa1.o" "../Generated_Code/osa1.c"
Finished building: ../Generated_Code/osa1.c
 
Building file: ../Generated_Code/pin_init.c
Invoking: Cross ARM C Compiler
arm-none-eabi-gcc -mcpu=cortex-m0plus -mthumb -O0 -fmessage-length=0 -fsigned-char -ffunction-sections -fdata-sections -Wall  -g3 -D"FSL_OSA_BM_TIMER_CONFIG=2" -D"CPU_MKL43Z256VLH4" -I"/home/fellipe/workspace.kds/t1/SDK/platform/hal/inc" -I"/home/fellipe/workspace.kds/t1/SDK/platform/hal/src/sim/MKL43Z4" -I"/home/fellipe/workspace.kds/t1/SDK/platform/system/src/clock/MKL43Z4" -I"/home/fellipe/workspace.kds/t1/SDK/platform/system/inc" -I"/home/fellipe/workspace.kds/t1/SDK/platform/osa/inc" -I"/home/fellipe/workspace.kds/t1/SDK/platform/CMSIS/Include" -I"/home/fellipe/workspace.kds/t1/SDK/platform/devices" -I"/home/fellipe/workspace.kds/t1/SDK/platform/devices/MKL43Z4/include" -I"/home/fellipe/workspace.kds/t1/SDK/platform/utilities/src" -I"/home/fellipe/workspace.kds/t1/SDK/platform/utilities/inc" -I"/home/fellipe/workspace.kds/t1/SDK/platform/devices/MKL43Z4/startup" -I"/home/fellipe/workspace.kds/t1/Generated_Code/SDK/platform/devices/MKL43Z4/startup" -I"/home/fellipe/workspace.kds/t1/Sources" -I"/home/fellipe/workspace.kds/t1/Generated_Code" -std=c99 -MMD -MP -MF"Generated_Code/pin_init.d" -MT"Generated_Code/pin_init.o" -c -o "Generated_Code/pin_init.o" "../Generated_Code/pin_init.c"
Finished building: ../Generated_Code/pin_init.c
 
Building target: t1.elf
Invoking: Cross ARM C++ Linker
arm-none-eabi-g++ -mcpu=cortex-m0plus -mthumb -O0 -fmessage-length=0 -fsigned-char -ffunction-sections -fdata-sections -Wall  -g3 -T "/home/fellipe/workspace.kds/t1/Project_Settings/Linker_Files/ProcessorExpert.ld" -Xlinker --gc-sections -L"/home/fellipe/workspace.kds/t1/Project_Settings/Linker_Files" -Wl,-Map,"t1.map" -specs=nosys.specs -specs=nano.specs -Xlinker -z -Xlinker muldefs -o "t1.elf"  ./Static_Code/System/PE_low_level_init.o  ./Sources/Events.o ./Sources/main.o  ./SDK/platform/utilities/src/fsl_debug_console.o ./SDK/platform/utilities/src/fsl_misc_utilities.o ./SDK/platform/utilities/src/print_scan.o  ./SDK/platform/system/src/interrupt/fsl_interrupt_manager.o  ./SDK/platform/system/src/clock/MKL43Z4/fsl_clock_MKL43Z4.o  ./SDK/platform/system/src/clock/fsl_clock_manager.o ./SDK/platform/system/src/clock/fsl_clock_manager_common.o  ./SDK/platform/osa/src/fsl_os_abstraction_bm.o  ./SDK/platform/hal/src/uart/fsl_uart_hal.o  ./SDK/platform/hal/src/sim/MKL43Z4/fsl_sim_hal_MKL43Z4.o  ./SDK/platform/hal/src/rtc/fsl_rtc_hal.o  ./SDK/platform/hal/src/port/fsl_port_hal.o  ./SDK/platform/hal/src/osc/fsl_osc_hal.o  ./SDK/platform/hal/src/mcglite/fsl_mcglite_hal.o ./SDK/platform/hal/src/mcglite/fsl_mcglite_hal_modes.o  ./SDK/platform/hal/src/lpuart/fsl_lpuart_hal.o  ./SDK/platform/drivers/src/rtc/fsl_rtc_common.o  ./SDK/platform/devices/MKL43Z4/startup/gcc/startup_MKL43Z4.o  ./SDK/platform/devices/MKL43Z4/startup/system_MKL43Z4.o  ./SDK/platform/devices/startup.o  ./Generated_Code/Cpu.o ./Generated_Code/clockMan1.o ./Generated_Code/hardware_init.o ./Generated_Code/osa1.o ./Generated_Code/pin_init.o   
Finished building target: t1.elf
 
Invoking: Cross ARM GNU Print Size
arm-none-eabi-size --format=berkeley "t1.elf"
   text	   data	    bss	    dec	    hex	filename
   9196	    112	   1712	  11020	   2b0c	t1.elf
Finished building: t1.siz
 
14:16:18 **** Incremental Build of configuration Debug for project uart ****
make all 
Building file: ../Sources/main.c
Invoking: Cross ARM C Compiler
arm-none-eabi-gcc -mcpu=cortex-m0plus -mthumb -O0 -fmessage-length=0 -fsigned-char -ffunction-sections -fdata-sections -Wall  -g3 -D"FSL_OSA_BM_TIMER_CONFIG=2" -D"CPU_MKL43Z256VLH4" -I"/home/fellipe/workspace.kds/uart/SDK/platform/hal/inc" -I"/home/fellipe/workspace.kds/uart/SDK/platform/hal/src/sim/MKL43Z4" -I"/home/fellipe/workspace.kds/uart/SDK/platform/system/src/clock/MKL43Z4" -I"/home/fellipe/workspace.kds/uart/SDK/platform/system/inc" -I"/home/fellipe/workspace.kds/uart/SDK/platform/osa/inc" -I"/home/fellipe/workspace.kds/uart/SDK/platform/CMSIS/Include" -I"/home/fellipe/workspace.kds/uart/SDK/platform/devices" -I"/home/fellipe/workspace.kds/uart/SDK/platform/devices/MKL43Z4/include" -I"/home/fellipe/workspace.kds/uart/SDK/platform/utilities/src" -I"/home/fellipe/workspace.kds/uart/SDK/platform/utilities/inc" -I"/home/fellipe/workspace.kds/uart/SDK/platform/devices/MKL43Z4/startup" -I"/home/fellipe/workspace.kds/uart/Generated_Code/SDK/platform/devices/MKL43Z4/startup" -I"/home/fellipe/workspace.kds/uart/Sources" -I"/home/fellipe/workspace.kds/uart/Generated_Code" -I"/home/fellipe/workspace.kds/uart/SDK/platform/drivers/inc" -std=c99 -MMD -MP -MF"Sources/main.d" -MT"Sources/main.o" -c -o "Sources/main.o" "../Sources/main.c"
../Sources/main.c: In function 'main':
../Sources/main.c:66:3: warning: implicit declaration of function 'hardware_init' [-Wimplicit-function-declaration]
   hardware_init();
   ^
Finished building: ../Sources/main.c
 
Building target: uart.elf
Invoking: Cross ARM C++ Linker
arm-none-eabi-g++ -mcpu=cortex-m0plus -mthumb -O0 -fmessage-length=0 -fsigned-char -ffunction-sections -fdata-sections -Wall  -g3 -T "/home/fellipe/workspace.kds/uart/Project_Settings/Linker_Files/ProcessorExpert.ld" -Xlinker --gc-sections -L"/home/fellipe/workspace.kds/uart/Project_Settings/Linker_Files" -Wl,-Map,"uart.map" -specs=nosys.specs -specs=nano.specs -Xlinker -z -Xlinker muldefs -o "uart.elf"  ./Static_Code/System/PE_low_level_init.o  ./Sources/Events.o ./Sources/main.o  ./SDK/platform/utilities/src/fsl_debug_console.o ./SDK/platform/utilities/src/fsl_misc_utilities.o ./SDK/platform/utilities/src/print_scan.o  ./SDK/platform/system/src/interrupt/fsl_interrupt_manager.o  ./SDK/platform/system/src/clock/MKL43Z4/fsl_clock_MKL43Z4.o  ./SDK/platform/system/src/clock/fsl_clock_manager.o ./SDK/platform/system/src/clock/fsl_clock_manager_common.o  ./SDK/platform/osa/src/fsl_os_abstraction_bm.o  ./SDK/platform/hal/src/uart/fsl_uart_hal.o  ./SDK/platform/hal/src/sim/MKL43Z4/fsl_sim_hal_MKL43Z4.o  ./SDK/platform/hal/src/rtc/fsl_rtc_hal.o  ./SDK/platform/hal/src/port/fsl_port_hal.o  ./SDK/platform/hal/src/osc/fsl_osc_hal.o  ./SDK/platform/hal/src/mcglite/fsl_mcglite_hal.o ./SDK/platform/hal/src/mcglite/fsl_mcglite_hal_modes.o  ./SDK/platform/hal/src/lpuart/fsl_lpuart_hal.o  ./SDK/platform/drivers/src/uart/fsl_uart_common.o ./SDK/platform/drivers/src/uart/fsl_uart_driver.o  ./SDK/platform/drivers/src/rtc/fsl_rtc_common.o  ./SDK/platform/devices/MKL43Z4/startup/gcc/startup_MKL43Z4.o  ./SDK/platform/devices/MKL43Z4/startup/system_MKL43Z4.o  ./SDK/platform/devices/startup.o  ./Generated_Code/Cpu.o ./Generated_Code/clockMan1.o ./Generated_Code/hardware_init.o ./Generated_Code/osa1.o ./Generated_Code/pin_init.o ./Generated_Code/uartCom1.o   
Finished building target: uart.elf
 
Invoking: Cross ARM GNU Print Size
arm-none-eabi-size --format=berkeley "uart.elf"
   text	   data	    bss	    dec	    hex	filename
  14260	    116	   1788	  16164	   3f24	uart.elf
Finished building: uart.siz
 
