14:16:18 **** Incremental Build of configuration Debug for project uart ****
make all 
Building file: ../Sources/main.c
Invoking: Cross ARM C Compiler
arm-none-eabi-gcc -mcpu=cortex-m0plus -mthumb -O0 -fmessage-length=0 -fsigned-char -ffunction-sections -fdata-sections -Wall  -g3 -D"FSL_OSA_BM_TIMER_CONFIG=2" -D"CPU_MKL43Z256VLH4" -I"/home/fellipe/workspace.kds/uart/SDK/platform/hal/inc" -I"/home/fellipe/workspace.kds/uart/SDK/platform/hal/src/sim/MKL43Z4" -I"/home/fellipe/workspace.kds/uart/SDK/platform/system/src/clock/MKL43Z4" -I"/home/fellipe/workspace.kds/uart/SDK/platform/system/inc" -I"/home/fellipe/workspace.kds/uart/SDK/platform/osa/inc" -I"/home/fellipe/workspace.kds/uart/SDK/platform/CMSIS/Include" -I"/home/fellipe/workspace.kds/uart/SDK/platform/devices" -I"/home/fellipe/workspace.kds/uart/SDK/platform/devices/MKL43Z4/include" -I"/home/fellipe/workspace.kds/uart/SDK/platform/utilities/src" -I"/home/fellipe/workspace.kds/uart/SDK/platform/utilities/inc" -I"/home/fellipe/workspace.kds/uart/SDK/platform/devices/MKL43Z4/startup" -I"/home/fellipe/workspace.kds/uart/Generated_Code/SDK/platform/devices/MKL43Z4/startup" -I"/home/fellipe/workspace.kds/uart/Sources" -I"/home/fellipe/workspace.kds/uart/Generated_Code" -I"/home/fellipe/workspace.kds/uart/SDK/platform/drivers/inc" -std=c99 -MMD -MP -MF"Sources/main.d" -MT"Sources/main.o" -c -o "Sources/main.o" "../Sources/main.c"
../Sources/main.c: In function 'main':
../Sources/main.c:66:3: warning: implicit declaration of function 'hardware_init' [-Wimplicit-function-declaration]
   hardware_init();
   ^
Finished building: ../Sources/main.c
 
Building target: uart.elf
Invoking: Cross ARM C++ Linker
arm-none-eabi-g++ -mcpu=cortex-m0plus -mthumb -O0 -fmessage-length=0 -fsigned-char -ffunction-sections -fdata-sections -Wall  -g3 -T "/home/fellipe/workspace.kds/uart/Project_Settings/Linker_Files/ProcessorExpert.ld" -Xlinker --gc-sections -L"/home/fellipe/workspace.kds/uart/Project_Settings/Linker_Files" -Wl,-Map,"uart.map" -specs=nosys.specs -specs=nano.specs -Xlinker -z -Xlinker muldefs -o "uart.elf"  ./Static_Code/System/PE_low_level_init.o  ./Sources/Events.o ./Sources/main.o  ./SDK/platform/utilities/src/fsl_debug_console.o ./SDK/platform/utilities/src/fsl_misc_utilities.o ./SDK/platform/utilities/src/print_scan.o  ./SDK/platform/system/src/interrupt/fsl_interrupt_manager.o  ./SDK/platform/system/src/clock/MKL43Z4/fsl_clock_MKL43Z4.o  ./SDK/platform/system/src/clock/fsl_clock_manager.o ./SDK/platform/system/src/clock/fsl_clock_manager_common.o  ./SDK/platform/osa/src/fsl_os_abstraction_bm.o  ./SDK/platform/hal/src/uart/fsl_uart_hal.o  ./SDK/platform/hal/src/sim/MKL43Z4/fsl_sim_hal_MKL43Z4.o  ./SDK/platform/hal/src/rtc/fsl_rtc_hal.o  ./SDK/platform/hal/src/port/fsl_port_hal.o  ./SDK/platform/hal/src/osc/fsl_osc_hal.o  ./SDK/platform/hal/src/mcglite/fsl_mcglite_hal.o ./SDK/platform/hal/src/mcglite/fsl_mcglite_hal_modes.o  ./SDK/platform/hal/src/lpuart/fsl_lpuart_hal.o  ./SDK/platform/drivers/src/uart/fsl_uart_common.o ./SDK/platform/drivers/src/uart/fsl_uart_driver.o  ./SDK/platform/drivers/src/rtc/fsl_rtc_common.o  ./SDK/platform/devices/MKL43Z4/startup/gcc/startup_MKL43Z4.o  ./SDK/platform/devices/MKL43Z4/startup/system_MKL43Z4.o  ./SDK/platform/devices/startup.o  ./Generated_Code/Cpu.o ./Generated_Code/clockMan1.o ./Generated_Code/hardware_init.o ./Generated_Code/osa1.o ./Generated_Code/pin_init.o ./Generated_Code/uartCom1.o   
Finished building target: uart.elf
 
Invoking: Cross ARM GNU Print Size
arm-none-eabi-size --format=berkeley "uart.elf"
   text	   data	    bss	    dec	    hex	filename
  14260	    116	   1788	  16164	   3f24	uart.elf
Finished building: uart.siz
 

14:16:19 Build Finished (took 524ms)

